Express server listening on port 8080
project route called
promise repo common-cms
promise repo common-cms-ui
two promises [ [object Object], [object Object] ]
first set of promises [ [object Object], [object Object], [object Object] ]
resolved!
pre sort
post sort
loadDiffs called
pre sort
post sort
loadDiffs called
storyData { kind: 'story',
  id: 64589012,
  created_at: 1390844504000,
  updated_at: 1403036120000,
  accepted_at: 1390863692000,
  estimate: 2,
  story_type: 'feature',
  name: 'Some filters on Content Profile Index should clear other filters',
  description: 'Some filters on the content index widget should clear other filters; i.e., selecting the Publication Date should clear the Archive filter',
  current_state: 'accepted',
  requested_by_id: 955157,
  project_id: 786811,
  url: 'https://www.pivotaltracker.com/story/show/64589012',
  owner_ids: [ 955157 ],
  labels: 
   [ { id: 7262702,
       project_id: 786811,
       kind: 'label',
       name: 'content index',
       created_at: 1387213387000,
       updated_at: 1387213387000 },
     { id: 7658296,
       project_id: 786811,
       kind: 'label',
       name: 'launched 1.14.6',
       created_at: 1391711021000,
       updated_at: 1391711021000 },
     { id: 7649314,
       project_id: 786811,
       kind: 'label',
       name: 'merged',
       created_at: 1391635554000,
       updated_at: 1391635554000 },
     { id: 7666462,
       project_id: 786811,
       kind: 'label',
       name: 'qa done www',
       created_at: 1391791165000,
       updated_at: 1391791165000 } ],
  owned_by_id: 955157 }
storyData { kind: 'story',
  id: 64351688,
  created_at: 1390430949000,
  updated_at: 1403036128000,
  accepted_at: 1390863906000,
  estimate: 1,
  story_type: 'feature',
  name: 'Show toolbar button state (enabled/disabled)',
  description: 'As a user, I would like to see when a button is available for me to use and when it is disabled.\n\n• When I see a disabled button, both the icon and label are grayed-out, per the design guide.\n• When I see button active buttons, I see text color styling that batches the design guide.\n\nFor testing: The View and Edit buttons in the content index toolbar are disabled when no row is highlighted.',
  current_state: 'accepted',
  requested_by_id: 753125,
  project_id: 786811,
  url: 'https://www.pivotaltracker.com/story/show/64351688',
  owner_ids: [ 955157 ],
  labels: 
   [ { id: 7262702,
       project_id: 786811,
       kind: 'label',
       name: 'content index',
       created_at: 1387213387000,
       updated_at: 1387213387000 },
     { id: 7658296,
       project_id: 786811,
       kind: 'label',
       name: 'launched 1.14.6',
       created_at: 1391711021000,
       updated_at: 1391711021000 },
     { id: 7649314,
       project_id: 786811,
       kind: 'label',
       name: 'merged',
       created_at: 1391635554000,
       updated_at: 1391635554000 },
     { id: 7666462,
       project_id: 786811,
       kind: 'label',
       name: 'qa done www',
       created_at: 1391791165000,
       updated_at: 1391791165000 } ],
  owned_by_id: 955157 }
storyData { kind: 'story',
  id: 64348368,
  created_at: 1390427917000,
  updated_at: 1403036145000,
  accepted_at: 1390948181000,
  estimate: 1,
  story_type: 'feature',
  name: 'Add "Scheduled" option to Publication filter',
  description: 'As a user, I want the option to filter scheduled stories. This option allows me to view only scheduled stories, and it keeps scheduled stories out of most other filter options.\n\n(Other filters and search can obviously impact the result of the actions below.)\n• When I view the content index filters panel, I see a group of filters titled Publication (instead of Publish Date).\n• When I expand the Publication filter (if necessary) I see a Scheduled option below the Any time option.\n• When I select the Scheduled radio, I see only stories scheduled to be published in the future.\n• When I select the Any time radio, I see scheduled stories included in the broader results.\n• When I select any of the other publication filter options, I do *not* see scheduled stories.',
  current_state: 'accepted',
  requested_by_id: 753125,
  project_id: 786811,
  url: 'https://www.pivotaltracker.com/story/show/64348368',
  owner_ids: [ 955157 ],
  labels: 
   [ { id: 7262702,
       project_id: 786811,
       kind: 'label',
       name: 'content index',
       created_at: 1387213387000,
       updated_at: 1387213387000 },
     { id: 7658296,
       project_id: 786811,
       kind: 'label',
       name: 'launched 1.14.6',
       created_at: 1391711021000,
       updated_at: 1391711021000 },
     { id: 7649314,
       project_id: 786811,
       kind: 'label',
       name: 'merged',
       created_at: 1391635554000,
       updated_at: 1391635554000 },
     { id: 7666462,
       project_id: 786811,
       kind: 'label',
       name: 'qa done www',
       created_at: 1391791165000,
       updated_at: 1391791165000 } ],
  owned_by_id: 955157 }
storyData { kind: 'story',
  id: 64352988,
  created_at: 1390432185000,
  updated_at: 1403036153000,
  accepted_at: 1390956771000,
  estimate: 3,
  story_type: 'feature',
  name: 'Check for new content (polling for changes, not realtime)',
  description: 'As a user, I want new content to be automatically loaded into content index widgets so I don\'t have to manually refresh the widget or the entire dashboard/webpage.\n\n• When new content is available, it appears at the top of the content list. Note: We poll for new content every minute.\n\n• When I use the content index widget, I see updated timestamps every minute, as appropriate. Note: The changing timestamps don\'t impact the position of the content in the list until a new set of results are loaded (e.g. you search or filter in the widget). ',
  current_state: 'accepted',
  requested_by_id: 753125,
  project_id: 786811,
  url: 'https://www.pivotaltracker.com/story/show/64352988',
  owner_ids: [ 955157 ],
  labels: 
   [ { id: 7262702,
       project_id: 786811,
       kind: 'label',
       name: 'content index',
       created_at: 1387213387000,
       updated_at: 1387213387000 },
     { id: 7658296,
       project_id: 786811,
       kind: 'label',
       name: 'launched 1.14.6',
       created_at: 1391711021000,
       updated_at: 1391711021000 },
     { id: 7649314,
       project_id: 786811,
       kind: 'label',
       name: 'merged',
       created_at: 1391635554000,
       updated_at: 1391635554000 },
     { id: 7666462,
       project_id: 786811,
       kind: 'label',
       name: 'qa done www',
       created_at: 1391791165000,
       updated_at: 1391791165000 } ],
  owned_by_id: 955157 }
storyData { kind: 'story',
  id: 64353662,
  created_at: 1390432962000,
  updated_at: 1403036159000,
  accepted_at: 1391120316000,
  estimate: 2,
  story_type: 'feature',
  name: 'Update content status button group options and style',
  description: 'As a user, I would like to see the actual content status options we use (rather than the ones you made up to demo the product). While you are at it, update the button group appearance to better reflect the latest Bootstrap trends. Even a CMS needs to feel trendy.\n\nOptions:  Ready, Live, Draft, All\n• Ready — DN=New; KSL=?\n• ',
  current_state: 'accepted',
  requested_by_id: 753125,
  project_id: 786811,
  url: 'https://www.pivotaltracker.com/story/show/64353662',
  owner_ids: [ 955157 ],
  labels: 
   [ { id: 7262702,
       project_id: 786811,
       kind: 'label',
       name: 'content index',
       created_at: 1387213387000,
       updated_at: 1387213387000 },
     { id: 7658296,
       project_id: 786811,
       kind: 'label',
       name: 'launched 1.14.6',
       created_at: 1391711021000,
       updated_at: 1391711021000 },
     { id: 7649314,
       project_id: 786811,
       kind: 'label',
       name: 'merged',
       created_at: 1391635554000,
       updated_at: 1391635554000 },
     { id: 7666462,
       project_id: 786811,
       kind: 'label',
       name: 'qa done www',
       created_at: 1391791165000,
       updated_at: 1391791165000 } ],
  owned_by_id: 955157 }
storyData { kind: 'story',
  id: 64625856,
  created_at: 1390868915000,
  updated_at: 1403036165000,
  accepted_at: 1391120317000,
  estimate: 2,
  story_type: 'feature',
  name: 'Update "natural language" timestamps',
  description: 'As a user, I like the cool "natural language" timestamps displayed on the widget, but I would like them more if they updated — a story published one minute ago shouldn\'t still say one minute ago an hour later.',
  current_state: 'accepted',
  requested_by_id: 753125,
  project_id: 786811,
  url: 'https://www.pivotaltracker.com/story/show/64625856',
  owner_ids: [ 955157 ],
  labels: 
   [ { id: 7262702,
       project_id: 786811,
       kind: 'label',
       name: 'content index',
       created_at: 1387213387000,
       updated_at: 1387213387000 },
     { id: 7658296,
       project_id: 786811,
       kind: 'label',
       name: 'launched 1.14.6',
       created_at: 1391711021000,
       updated_at: 1391711021000 },
     { id: 7649314,
       project_id: 786811,
       kind: 'label',
       name: 'merged',
       created_at: 1391635554000,
       updated_at: 1391635554000 },
     { id: 7666462,
       project_id: 786811,
       kind: 'label',
       name: 'qa done www',
       created_at: 1391791165000,
       updated_at: 1391791165000 } ],
  owned_by_id: 955157 }
storyData { kind: 'story',
  id: 64349834,
  created_at: 1390429109000,
  updated_at: 1403036176000,
  accepted_at: 1391187005000,
  estimate: 2,
  story_type: 'feature',
  name: 'Modify row/checkbox multi-select behavior',
  description: 'As a user, I would like to select multiple rows only when I click a row\'s checkbox directly. When I select I row without clicking a checkbox directly, any previously selected rows deselect (radio style). This will help me quickly toggle between stories.\n\n• When I click inside a row\'s checkbox, the row is selected (yellow highlight).\n   -- If I click on a second row\'s checkbox, that row is also highlighted. No information is visible in the Details panel.*\n   -- If I click on a second row, but not on the checkbox, the second row becomes selected and first row is deselected. The same behavior applies if select multiple rows and then click a row outside the checkbox.\n\n* At some point in the future, we may implement some sort of batch editing feature through the details panel.\n\nI have personally experienced situations where I painstakingly selected a number of items and then accidentally clicked off of them, deselecting the entire group. We might want to add a safeguard where if more than three rows are selected, you see an alert before an action deselects them. Just a thought to consider.',
  current_state: 'accepted',
  requested_by_id: 753125,
  project_id: 786811,
  url: 'https://www.pivotaltracker.com/story/show/64349834',
  owner_ids: [ 955157 ],
  labels: 
   [ { id: 7262702,
       project_id: 786811,
       kind: 'label',
       name: 'content index',
       created_at: 1387213387000,
       updated_at: 1387213387000 },
     { id: 7658296,
       project_id: 786811,
       kind: 'label',
       name: 'launched 1.14.6',
       created_at: 1391711021000,
       updated_at: 1391711021000 },
     { id: 7649314,
       project_id: 786811,
       kind: 'label',
       name: 'merged',
       created_at: 1391635554000,
       updated_at: 1391635554000 },
     { id: 7666462,
       project_id: 786811,
       kind: 'label',
       name: 'qa done www',
       created_at: 1391791165000,
       updated_at: 1391791165000 } ],
  owned_by_id: 955157 }
storyData { kind: 'story',
  id: 63636778,
  created_at: 1389382351000,
  updated_at: 1403036191000,
  accepted_at: 1391446191000,
  estimate: 2,
  story_type: 'feature',
  name: 'Content profiles need to receive a front-end URL for stories',
  description: 'Content profiles are not being generated with the front-end URL in content_data. This feature will also enable the view button.',
  current_state: 'accepted',
  requested_by_id: 955157,
  project_id: 786811,
  url: 'https://www.pivotaltracker.com/story/show/63636778',
  owner_ids: [ 955157 ],
  labels: 
   [ { id: 7262702,
       project_id: 786811,
       kind: 'label',
       name: 'content index',
       created_at: 1387213387000,
       updated_at: 1387213387000 },
     { id: 7658296,
       project_id: 786811,
       kind: 'label',
       name: 'launched 1.14.6',
       created_at: 1391711021000,
       updated_at: 1391711021000 },
     { id: 7649314,
       project_id: 786811,
       kind: 'label',
       name: 'merged',
       created_at: 1391635554000,
       updated_at: 1391635554000 },
     { id: 7666462,
       project_id: 786811,
       kind: 'label',
       name: 'qa done www',
       created_at: 1391791165000,
       updated_at: 1391791165000 } ],
  owned_by_id: 955157 }
storyData { kind: 'story',
  id: 65027534,
  created_at: 1391448253000,
  updated_at: 1403036297000,
  accepted_at: 1391453207000,
  estimate: 1,
  story_type: 'chore',
  name: 'Redirect stage and productions to correct URL',
  description: '• When users go to cstage.deseretdigital.com or cms.deseretdigital.com, it takes them to /cmsdash\n• We should also make /cmsdash/ work or redirect; currently only /cmsdash works',
  current_state: 'accepted',
  requested_by_id: 753125,
  project_id: 786811,
  url: 'https://www.pivotaltracker.com/story/show/65027534',
  owner_ids: [ 955157 ],
  labels: 
   [ { id: 7658296,
       project_id: 786811,
       kind: 'label',
       name: 'launched 1.14.6',
       created_at: 1391711021000,
       updated_at: 1391711021000 },
     { id: 7666462,
       project_id: 786811,
       kind: 'label',
       name: 'qa done www',
       created_at: 1391791165000,
       updated_at: 1391791165000 } ],
  owned_by_id: 955157 }
storyData { kind: 'story',
  id: 64350954,
  created_at: 1390430225000,
  updated_at: 1403036203000,
  accepted_at: 1391552160000,
  estimate: 2,
  story_type: 'feature',
  name: 'Modify table resizing appearance and behavior',
  description: 'As a user, I would like several changes to the content index table appearance and behavior that make the table easier to use as the widget\'s width decreases. (Yes, this could have been split up into a bunch of 1 point stories.)\n\nTable tweaks—\n• √ Minimum width for each field; I\'m particularly concerned with the title field\n• √ Hiding columns that are repetitive (e.g. hide status, site and content type if only one is displayed)\n• √ Date formatting - Abbreviate day of the week and month name, follow AP style, as possible\n• √ Make the headline/title text a hyperlink\n• √ Remove the white space (padding?) between the left side of the table and the Details panel\n• √ Capitalize the type and status',
  current_state: 'accepted',
  requested_by_id: 753125,
  project_id: 786811,
  url: 'https://www.pivotaltracker.com/story/show/64350954',
  owner_ids: [ 955157 ],
  labels: 
   [ { id: 7262702,
       project_id: 786811,
       kind: 'label',
       name: 'content index',
       created_at: 1387213387000,
       updated_at: 1387213387000 },
     { id: 7658296,
       project_id: 786811,
       kind: 'label',
       name: 'launched 1.14.6',
       created_at: 1391711021000,
       updated_at: 1391711021000 },
     { id: 7649314,
       project_id: 786811,
       kind: 'label',
       name: 'merged',
       created_at: 1391635554000,
       updated_at: 1391635554000 },
     { id: 7666462,
       project_id: 786811,
       kind: 'label',
       name: 'qa done www',
       created_at: 1391791165000,
       updated_at: 1391791165000 } ],
  owned_by_id: 955157 }
storyData { kind: 'story',
  id: 64355848,
  created_at: 1390435339000,
  updated_at: 1403036211000,
  accepted_at: 1391640581000,
  estimate: 3,
  story_type: 'feature',
  name: 'Content Index button (spawn new widget)',
  description: 'As a user, I need to be able to spawn new content index widgets on my dashboard.\n\n• When I click the content index button, a new widget is spawned, full height, on the right of the dashboard.\n• When all widgets are closed and I click the content index button, the new widget fills the dashboard.\n\nNote: The button should go next to the CMS Dash logo and should generally follow the styles outlined in the style guide (pg 2).',
  current_state: 'accepted',
  requested_by_id: 753125,
  project_id: 786811,
  url: 'https://www.pivotaltracker.com/story/show/64355848',
  owner_ids: [ 955157 ],
  labels: 
   [ { id: 7262702,
       project_id: 786811,
       kind: 'label',
       name: 'content index',
       created_at: 1387213387000,
       updated_at: 1387213387000 },
     { id: 7658296,
       project_id: 786811,
       kind: 'label',
       name: 'launched 1.14.6',
       created_at: 1391711021000,
       updated_at: 1391711021000 },
     { id: 7666462,
       project_id: 786811,
       kind: 'label',
       name: 'qa done www',
       created_at: 1391791165000,
       updated_at: 1391791165000 } ],
  owned_by_id: 955157 }
storyData { kind: 'story',
  id: 64353472,
  created_at: 1390432727000,
  updated_at: 1403036220000,
  accepted_at: 1392935911000,
  estimate: 2,
  story_type: 'feature',
  name: 'Add clear button to search field',
  description: 'As a user, I would like an easy way to clear searches. While you are at it, polish the search box styling so as not to upset other users who notice such details.\n\n• As I begin typing a search (or shortly thereafter) display an x in the search box.\n• When I click the x, my search parameters are cleared and results are reloaded.\n• When I look very carefully, I notice the search box is the same hight as the button group on the same row.',
  current_state: 'accepted',
  requested_by_id: 753125,
  project_id: 786811,
  url: 'https://www.pivotaltracker.com/story/show/64353472',
  owner_ids: [ 955157 ],
  labels: 
   [ { id: 7262702,
       project_id: 786811,
       kind: 'label',
       name: 'content index',
       created_at: 1387213387000,
       updated_at: 1387213387000 },
     { id: 7662086,
       project_id: 786811,
       kind: 'label',
       name: 'css-field-refactor branch',
       created_at: 1391730335000,
       updated_at: 1391730335000 },
     { id: 7975346,
       project_id: 786811,
       kind: 'label',
       name: 'launched 1.14.7',
       created_at: 1395097910000,
       updated_at: 1395097910000 },
     { id: 7666462,
       project_id: 786811,
       kind: 'label',
       name: 'qa done www',
       created_at: 1391791165000,
       updated_at: 1391791165000 } ],
  owned_by_id: 955157 }
storyData { kind: 'story',
  id: 64355828,
  created_at: 1390435312000,
  updated_at: 1403036239000,
  accepted_at: 1392935911000,
  estimate: 2,
  story_type: 'feature',
  name: 'Edit button support for WordPress content',
  current_state: 'accepted',
  requested_by_id: 753125,
  project_id: 786811,
  url: 'https://www.pivotaltracker.com/story/show/64355828',
  owner_ids: [ 955157 ],
  labels: 
   [ { id: 7262702,
       project_id: 786811,
       kind: 'label',
       name: 'content index',
       created_at: 1387213387000,
       updated_at: 1387213387000 },
     { id: 7662086,
       project_id: 786811,
       kind: 'label',
       name: 'css-field-refactor branch',
       created_at: 1391730335000,
       updated_at: 1391730335000 },
     { id: 7975346,
       project_id: 786811,
       kind: 'label',
       name: 'launched 1.14.7',
       created_at: 1395097910000,
       updated_at: 1395097910000 },
     { id: 7666462,
       project_id: 786811,
       kind: 'label',
       name: 'qa done www',
       created_at: 1391791165000,
       updated_at: 1391791165000 } ],
  owned_by_id: 955157 }
storyData { kind: 'story',
  id: 65477358,
  created_at: 1392047624000,
  updated_at: 1403036255000,
  accepted_at: 1392935912000,
  estimate: 1,
  story_type: 'feature',
  name: 'Tweak hyperlink color',
  description: 'As a user, I would like a shade of blue for hyperlinks that doesn\'t that isn\'t so light I have to squint to read it.\n\n• When I visit the dashboard on terrible monitors, the blue hyperlinks (i.e. titles in the content index widget) are more readable. ',
  current_state: 'accepted',
  requested_by_id: 753125,
  project_id: 786811,
  url: 'https://www.pivotaltracker.com/story/show/65477358',
  owner_ids: [ 955157 ],
  labels: 
   [ { id: 7262702,
       project_id: 786811,
       kind: 'label',
       name: 'content index',
       created_at: 1387213387000,
       updated_at: 1387213387000 },
     { id: 7662086,
       project_id: 786811,
       kind: 'label',
       name: 'css-field-refactor branch',
       created_at: 1391730335000,
       updated_at: 1391730335000 },
     { id: 7975346,
       project_id: 786811,
       kind: 'label',
       name: 'launched 1.14.7',
       created_at: 1395097910000,
       updated_at: 1395097910000 },
     { id: 7666462,
       project_id: 786811,
       kind: 'label',
       name: 'qa done www',
       created_at: 1391791165000,
       updated_at: 1391791165000 } ],
  owned_by_id: 955157 }
storyData { kind: 'story',
  id: 65491352,
  created_at: 1392055410000,
  updated_at: 1403037017000,
  accepted_at: 1396295131000,
  estimate: 5,
  story_type: 'feature',
  name: 'User login',
  description: 'As a user, I want to see a login box if I am not authenticated with CMS Dash.\n\n• When I go to CMS_URL and am not logged-in, \n\nThat box should include a username, a password, and a button to log in. If I am authenticated, I do not want to see the login box. If I authenticate, I want to see a default selection of widgets (until a system to save widget states is completed.)',
  current_state: 'accepted',
  requested_by_id: 955157,
  project_id: 786811,
  url: 'https://www.pivotaltracker.com/story/show/65491352',
  owner_ids: [ 955157, 613439 ],
  labels: 
   [ { id: 8206352,
       project_id: 786811,
       kind: 'label',
       name: 'launched',
       created_at: 1397500002000,
       updated_at: 1397500002000 },
     { id: 8008202,
       project_id: 786811,
       kind: 'label',
       name: 'link-off branch',
       created_at: 1395360190000,
       updated_at: 1395360190000 },
     { id: 7666462,
       project_id: 786811,
       kind: 'label',
       name: 'qa done www',
       created_at: 1391791165000,
       updated_at: 1391791165000 },
     { id: 5748495,
       project_id: 786811,
       kind: 'label',
       name: 'user management',
       created_at: 1369347013000,
       updated_at: 1369347013000 } ],
  owned_by_id: 955157 }
storyData { kind: 'story',
  id: 69424330,
  created_at: 1397455127000,
  updated_at: 1403037025000,
  accepted_at: 1397684026000,
  estimate: 2,
  story_type: 'feature',
  name: 'Add status filter to authors widget',
  description: 'As a CMS user, I want to easily filter authors by status.\n\n* When I open a Authors widget, I see a button group filter to the right of the live search box — similar to the one in the Content Index widget. The button group filter, which functions radio-style, contains *Active*, *Inactive* and *All* options. \n* When I open a Authors widget, the filter is set to Active by default. (If we can remember users\' last setting on the filter, like we do with others, that would be great.)',
  current_state: 'accepted',
  requested_by_id: 753125,
  project_id: 786811,
  url: 'https://www.pivotaltracker.com/story/show/69424330',
  owner_ids: [ 763055 ],
  labels: 
   [ { id: 8130010,
       project_id: 786811,
       kind: 'label',
       name: 'author management',
       created_at: 1396636289000,
       updated_at: 1396636289000 },
     { id: 8329346,
       project_id: 786811,
       kind: 'label',
       name: 'launched 1.14.16',
       created_at: 1398888728000,
       updated_at: 1398888728000 },
     { id: 8329278,
       project_id: 786811,
       kind: 'label',
       name: 'launched 1.14.18',
       created_at: 1398887903000,
       updated_at: 1398887903000 },
     { id: 7666462,
       project_id: 786811,
       kind: 'label',
       name: 'qa done www',
       created_at: 1391791165000,
       updated_at: 1391791165000 },
     { id: 8094606,
       project_id: 786811,
       kind: 'label',
       name: 'softserve',
       created_at: 1396364382000,
       updated_at: 1396364382000 },
     { id: 8205676,
       project_id: 786811,
       kind: 'label',
       name: 'view-authors branch',
       created_at: 1397497170000,
       updated_at: 1397497170000 } ],
  owned_by_id: 763055 }
storyData { kind: 'story',
  id: 69507670,
  created_at: 1397524266000,
  updated_at: 1403038359000,
  accepted_at: 1398207494000,
  estimate: 3,
  story_type: 'feature',
  name: 'Disable certain buttons after initial submit',
  description: 'As a CMS user, I need clearer indicators that certain requests have been submitted so I don\'t submit things twice or encounter other issues.\n\n* When I submit certain forms (listed below) deactivate the Save (or equivalent) button after I have pushed it. When the request has been processed — either successfully or with an error — the button should again be active.\n\n*Forms to modify*:\n* Users\n* Authors\n* Content\n\n*Note*: Until we setup realtime, this should be a default form convention.',
  current_state: 'accepted',
  requested_by_id: 753125,
  project_id: 786811,
  url: 'https://www.pivotaltracker.com/story/show/69507670',
  owner_ids: [ 763055 ],
  labels: 
   [ { id: 8130010,
       project_id: 786811,
       kind: 'label',
       name: 'author management',
       created_at: 1396636289000,
       updated_at: 1396636289000 },
     { id: 8329278,
       project_id: 786811,
       kind: 'label',
       name: 'launched 1.14.18',
       created_at: 1398887903000,
       updated_at: 1398887903000 },
     { id: 7939290,
       project_id: 786811,
       kind: 'label',
       name: 'link-off management',
       created_at: 1394660092000,
       updated_at: 1394660092000 },
     { id: 8740566,
       project_id: 786811,
       kind: 'label',
       name: 'qa done ctest',
       created_at: 1403038358000,
       updated_at: 1403038358000 },
     { id: 8094606,
       project_id: 786811,
       kind: 'label',
       name: 'softserve',
       created_at: 1396364382000,
       updated_at: 1396364382000 },
     { id: 5748495,
       project_id: 786811,
       kind: 'label',
       name: 'user management',
       created_at: 1369347013000,
       updated_at: 1369347013000 } ],
  owned_by_id: 763055 }
storyData { kind: 'story',
  id: 69662084,
  created_at: 1397684878000,
  updated_at: 1403038790000,
  accepted_at: 1398207495000,
  estimate: 1,
  story_type: 'feature',
  name: 'Underline on content timestamps',
  description: 'As a CMS user, I need the timestamp fields in the content widget styled similar to the other fields so I more easily recognize they are editable fields.\n\n*  When I go to the content widget — creating new or editing existing content (link-offs) — the timestamp fields have the dotted underline formatting just like other fields that I can edit.\n\n*Note*: If this is at all difficult, don\'t spend much time on it. While the basic styles will stay the same, we will be making significant changes to clean-up the appearance of this particular details panel in the next week.',
  current_state: 'accepted',
  requested_by_id: 753125,
  project_id: 786811,
  url: 'https://www.pivotaltracker.com/story/show/69662084',
  owner_ids: [ 763055 ],
  labels: 
   [ { id: 8329278,
       project_id: 786811,
       kind: 'label',
       name: 'launched 1.14.18',
       created_at: 1398887903000,
       updated_at: 1398887903000 },
     { id: 7939290,
       project_id: 786811,
       kind: 'label',
       name: 'link-off management',
       created_at: 1394660092000,
       updated_at: 1394660092000 },
     { id: 7666462,
       project_id: 786811,
       kind: 'label',
       name: 'qa done www',
       created_at: 1391791165000,
       updated_at: 1391791165000 },
     { id: 8094606,
       project_id: 786811,
       kind: 'label',
       name: 'softserve',
       created_at: 1396364382000,
       updated_at: 1396364382000 } ],
  owned_by_id: 763055 }
storyData { kind: 'story',
  id: 69663546,
  created_at: 1397686196000,
  updated_at: 1403122047000,
  accepted_at: 1398207499000,
  estimate: 1,
  story_type: 'feature',
  name: 'Move details toolbar button in content widget',
  description: 'As a CMS user, I want to see the details button where I expect it to be!\n\n* When I go to the content widget — creating new or editing existing content (link-offs) — I expect to see the details button on the right side of the toolbar.\n\n*Note*: This will also help make room for some buttons we will be adding in the next week or so.',
  current_state: 'accepted',
  requested_by_id: 753125,
  project_id: 786811,
  url: 'https://www.pivotaltracker.com/story/show/69663546',
  owner_ids: [ 763055 ],
  labels: 
   [ { id: 8329278,
       project_id: 786811,
       kind: 'label',
       name: 'launched 1.14.18',
       created_at: 1398887903000,
       updated_at: 1398887903000 },
     { id: 7939290,
       project_id: 786811,
       kind: 'label',
       name: 'link-off management',
       created_at: 1394660092000,
       updated_at: 1394660092000 },
     { id: 7666462,
       project_id: 786811,
       kind: 'label',
       name: 'qa done www',
       created_at: 1391791165000,
       updated_at: 1391791165000 },
     { id: 8094606,
       project_id: 786811,
       kind: 'label',
       name: 'softserve',
       created_at: 1396364382000,
       updated_at: 1396364382000 } ],
  owned_by_id: 763055 }
storyData { kind: 'story',
  id: 68910502,
  created_at: 1396642392000,
  updated_at: 1403122839000,
  accepted_at: 1398277349000,
  estimate: 5,
  story_type: 'feature',
  name: 'Improve panel responsive behavior, Pt 1',
  description: 'This story should be completed before (#69513534).\n\nAs a CMS user, I want panels to behave more intelligently when a widget\'s space is constrained so that they are there when I need them the most, but otherwise stay out of the way.\n\n*Note*: The behavior described here should apply globally with the exception of the configuration that specifies which panel closes first when closing one of two is necessary.\n\n* When a widget\'s width is at or below __px, the details panel won\'t open automatically when you select a line. In widgets where you edit content in the details panel, clicking on the hyperlink in a row will still open the details panel.\n* When a widget\'s width is at or below __px, only one panel at a time can be open. If both panels are open when a widget\'s size is reduced, there should be a developer-specified configuration to determine which panel closes first. If content is actively being edited in a details panel (only applicable in select widgets) that panel should always take preference.\n\nConfiguration settings for existing panels:\n* Content Index - Filter panel takes preference\n* Content create/edit - Details panel takes preference (it\'s the only panel)\n* Users - Details panel takes preference\n* Authors - Details panel takes preference\n* Groups - Details panel takes preference (widget still being developed)\n',
  current_state: 'accepted',
  requested_by_id: 753125,
  project_id: 786811,
  url: 'https://www.pivotaltracker.com/story/show/68910502',
  owner_ids: [ 763057 ],
  labels: 
   [ { id: 8329278,
       project_id: 786811,
       kind: 'label',
       name: 'launched 1.14.18',
       created_at: 1398887903000,
       updated_at: 1398887903000 },
     { id: 7666462,
       project_id: 786811,
       kind: 'label',
       name: 'qa done www',
       created_at: 1391791165000,
       updated_at: 1391791165000 },
     { id: 8094606,
       project_id: 786811,
       kind: 'label',
       name: 'softserve',
       created_at: 1396364382000,
       updated_at: 1396364382000 },
     { id: 5605833,
       project_id: 786811,
       kind: 'label',
       name: 'ui components',
       created_at: 1367851421000,
       updated_at: 1367851421000 } ],
  owned_by_id: 763057 }
storyData { kind: 'story',
  id: 69967634,
  created_at: 1398205565000,
  updated_at: 1403123195000,
  accepted_at: 1398277450000,
  estimate: 2,
  story_type: 'bug',
  name: 'Speed up content profiles',
  description: 'As a CMS users, I would like content index widget to take less than 10 seconds to return results. To be perfectly honest, I would prefer it load results as quickly as Google instant search.\n\n-------------------\n\nMatt says the problem we are experiencing has something to do with the size of our quickly-growing database and the "improper use of indexes."',
  current_state: 'accepted',
  requested_by_id: 753125,
  project_id: 786811,
  url: 'https://www.pivotaltracker.com/story/show/69967634',
  owner_ids: [ 955157, 660523 ],
  labels: 
   [ { id: 7262702,
       project_id: 786811,
       kind: 'label',
       name: 'content index',
       created_at: 1387213387000,
       updated_at: 1387213387000 },
     { id: 8264724,
       project_id: 786811,
       kind: 'label',
       name: 'content-profile-query-hinting branch',
       created_at: 1398206921000,
       updated_at: 1398206921000 },
     { id: 8273830,
       project_id: 786811,
       kind: 'label',
       name: 'launched 1.14.17',
       created_at: 1398277407000,
       updated_at: 1398277407000 },
     { id: 7666462,
       project_id: 786811,
       kind: 'label',
       name: 'qa done www',
       created_at: 1391791165000,
       updated_at: 1391791165000 } ],
  owned_by_id: 955157 }
storyData { kind: 'story',
  id: 69946366,
  created_at: 1398189640000,
  updated_at: 1403123387000,
  accepted_at: 1398453563000,
  estimate: 2,
  story_type: 'bug',
  name: 'Don\'t make users change password on edit',
  description: 'When you try to edit user information, the widget *always* insists you reset the users password. We need the ability to change a user\'s information, but leave their password alone.',
  current_state: 'accepted',
  requested_by_id: 753125,
  project_id: 786811,
  url: 'https://www.pivotaltracker.com/story/show/69946366',
  owner_ids: [ 763055 ],
  labels: 
   [ { id: 8615488,
       project_id: 786811,
       kind: 'label',
       name: 'launched 1.14.20',
       created_at: 1402000398000,
       updated_at: 1402000398000 },
     { id: 7666462,
       project_id: 786811,
       kind: 'label',
       name: 'qa done www',
       created_at: 1391791165000,
       updated_at: 1391791165000 },
     { id: 8094606,
       project_id: 786811,
       kind: 'label',
       name: 'softserve',
       created_at: 1396364382000,
       updated_at: 1396364382000 },
     { id: 5748495,
       project_id: 786811,
       kind: 'label',
       name: 'user management',
       created_at: 1369347013000,
       updated_at: 1369347013000 } ],
  owned_by_id: 763055 }
storyData { kind: 'story',
  id: 69753224,
  created_at: 1397801694000,
  updated_at: 1403123543000,
  accepted_at: 1398455781000,
  estimate: 2,
  story_type: 'feature',
  name: 'Add success/failure/error notifications to Users',
  description: 'As a CMS admin user, I need better messaging to communicate whether or not an action is successful in Users widget. Without this, it is difficult to tell whether an action or request works.\n\n* When I add/edit a user, I see notifications of success/failure/error at the top of the widget (similar to the way we set them up in the content widget).\n\n*Note*: If there are any other notifications we should be displaying, feel free to add them.',
  current_state: 'accepted',
  requested_by_id: 753125,
  project_id: 786811,
  url: 'https://www.pivotaltracker.com/story/show/69753224',
  owner_ids: [ 763055 ],
  labels: 
   [ { id: 8615488,
       project_id: 786811,
       kind: 'label',
       name: 'launched 1.14.20',
       created_at: 1402000398000,
       updated_at: 1402000398000 },
     { id: 7666462,
       project_id: 786811,
       kind: 'label',
       name: 'qa done www',
       created_at: 1391791165000,
       updated_at: 1391791165000 },
     { id: 8094606,
       project_id: 786811,
       kind: 'label',
       name: 'softserve',
       created_at: 1396364382000,
       updated_at: 1396364382000 },
     { id: 5748495,
       project_id: 786811,
       kind: 'label',
       name: 'user management',
       created_at: 1369347013000,
       updated_at: 1369347013000 } ],
  owned_by_id: 763055 }
storyData { kind: 'story',
  id: 65485266,
  created_at: 1392052263000,
  updated_at: 1403123727000,
  accepted_at: 1398749651000,
  estimate: 8,
  story_type: 'feature',
  name: 'View permission groups',
  description: 'As a CMS admin, I want to see a list of permission groups created in the system.\n\n• When I spawn a group management widget, I see a list of permission groups (table/grid view).\n• When I click a group in the list, I see related information and settings in the details panel.',
  current_state: 'accepted',
  requested_by_id: 753125,
  project_id: 786811,
  url: 'https://www.pivotaltracker.com/story/show/65485266',
  owner_ids: [ 383813, 955157 ],
  labels: 
   [ { id: 7682138,
       project_id: 786811,
       kind: 'label',
       name: 'group management',
       created_at: 1392052291000,
       updated_at: 1392052291000 },
     { id: 8250158,
       project_id: 786811,
       kind: 'label',
       name: 'group-management-permissions branch',
       created_at: 1398094853000,
       updated_at: 1398094853000 },
     { id: 8615488,
       project_id: 786811,
       kind: 'label',
       name: 'launched 1.14.20',
       created_at: 1402000398000,
       updated_at: 1402000398000 },
     { id: 7666462,
       project_id: 786811,
       kind: 'label',
       name: 'qa done www',
       created_at: 1391791165000,
       updated_at: 1391791165000 } ],
  owned_by_id: 383813 }
storyData { kind: 'story',
  id: 65485474,
  created_at: 1392052373000,
  updated_at: 1403123771000,
  accepted_at: 1398749652000,
  estimate: 3,
  story_type: 'feature',
  name: 'Add permission groups',
  description: 'As a CMS admin, I want to create a new permission groups.\n\n\nFrom the group management widget:\n• When I click the New button in the toolbar, I see the "New group" form in the details panel.\n• When I click save after completing the form, a new group is created and appears in the main widget list.',
  current_state: 'accepted',
  requested_by_id: 753125,
  project_id: 786811,
  url: 'https://www.pivotaltracker.com/story/show/65485474',
  owner_ids: [ 383813, 955157, 1267534 ],
  labels: 
   [ { id: 7682138,
       project_id: 786811,
       kind: 'label',
       name: 'group management',
       created_at: 1392052291000,
       updated_at: 1392052291000 },
     { id: 8250158,
       project_id: 786811,
       kind: 'label',
       name: 'group-management-permissions branch',
       created_at: 1398094853000,
       updated_at: 1398094853000 },
     { id: 7649314,
       project_id: 786811,
       kind: 'label',
       name: 'merged',
       created_at: 1391635554000,
       updated_at: 1391635554000 },
     { id: 8740566,
       project_id: 786811,
       kind: 'label',
       name: 'qa done ctest',
       created_at: 1403038358000,
       updated_at: 1403038358000 } ],
  owned_by_id: 383813 }
storyData { kind: 'story',
  id: 65485504,
  created_at: 1392052388000,
  updated_at: 1403124332000,
  accepted_at: 1398749653000,
  estimate: 2,
  story_type: 'feature',
  name: 'Edit permission groups',
  description: 'As a CMS admin, I want to edit permission groups.\n\nFrom a user management widget:\n• When I click on a group, I see that related information and settings in the details panel.\n• When I click something in the details panel, I can edit that info in place OR I see the appropriate screen I can make the change on.\n• When I click on the Rules tab, I am able to create and edit permission rules.',
  current_state: 'accepted',
  requested_by_id: 753125,
  project_id: 786811,
  url: 'https://www.pivotaltracker.com/story/show/65485504',
  owner_ids: [ 383813, 955157, 1267534 ],
  labels: 
   [ { id: 7682138,
       project_id: 786811,
       kind: 'label',
       name: 'group management',
       created_at: 1392052291000,
       updated_at: 1392052291000 },
     { id: 8250158,
       project_id: 786811,
       kind: 'label',
       name: 'group-management-permissions branch',
       created_at: 1398094853000,
       updated_at: 1398094853000 },
     { id: 7649314,
       project_id: 786811,
       kind: 'label',
       name: 'merged',
       created_at: 1391635554000,
       updated_at: 1391635554000 },
     { id: 7666462,
       project_id: 786811,
       kind: 'label',
       name: 'qa done www',
       created_at: 1391791165000,
       updated_at: 1391791165000 } ],
  owned_by_id: 383813 }
storyData { kind: 'story',
  id: 65485798,
  created_at: 1392052564000,
  updated_at: 1403125683000,
  accepted_at: 1399045111000,
  estimate: 3,
  story_type: 'feature',
  name: 'Assign users to permission groups',
  description: 'List the groups (checkboxes) in the Users detail panel.',
  current_state: 'accepted',
  requested_by_id: 753125,
  project_id: 786811,
  url: 'https://www.pivotaltracker.com/story/show/65485798',
  owner_ids: [ 1267534 ],
  labels: 
   [ { id: 7682138,
       project_id: 786811,
       kind: 'label',
       name: 'group management',
       created_at: 1392052291000,
       updated_at: 1392052291000 },
     { id: 7649314,
       project_id: 786811,
       kind: 'label',
       name: 'merged',
       created_at: 1391635554000,
       updated_at: 1391635554000 },
     { id: 7666462,
       project_id: 786811,
       kind: 'label',
       name: 'qa done www',
       created_at: 1391791165000,
       updated_at: 1391791165000 } ],
  owned_by_id: 1267534 }
storyData { kind: 'story',
  id: 69513534,
  created_at: 1397534872000,
  updated_at: 1403204796000,
  accepted_at: 1399577961000,
  estimate: 3,
  story_type: 'feature',
  name: 'Improve panel responsive behavior, Pt 2',
  description: 'As a CMS user, I love how you improved panel responsive behavior in #68910502, but I need you to make a couple more changes so I can make panels *very* small. To keep the scope small, let\'s apply this to the content widget in this story, and we can expand the behavior to other widgets in subsequent stories. (Let me know if it doesn\'t make sense to break them down this way.)\n\n* When I resize a content index widget (without any panels open) I can set the min widget width so that it is just large enough to display the search field and button group (on two rows) — I\'m guessing that\'s around 250px wide.\n* When necessary, the main widget toolbar behaves responsively, dropping button labels and then condensing (per design guide). Matt has set this up before and can probably provide some guidance.\n* When a panel is open in a widget that is less than ___ px, the panel effectively covers the content of the entire widget (below the toolbar). A mockup of this behavior is coming shortly. In this scenario, there is so little room, you have to choose between viewing a panel or the table in the content index widget.\n\n**Notes from Matt**:\nYou\'ll want to look at the layout method on the widget -- every time a resize occurs, you have access to the widget\'s size. You could fire events from this point to change the way panels behave.',
  current_state: 'accepted',
  requested_by_id: 753125,
  project_id: 786811,
  url: 'https://www.pivotaltracker.com/story/show/69513534',
  owner_ids: [ 383813 ],
  labels: 
   [ { id: 7649314,
       project_id: 786811,
       kind: 'label',
       name: 'merged',
       created_at: 1391635554000,
       updated_at: 1391635554000 },
     { id: 7666462,
       project_id: 786811,
       kind: 'label',
       name: 'qa done www',
       created_at: 1391791165000,
       updated_at: 1391791165000 },
     { id: 5605833,
       project_id: 786811,
       kind: 'label',
       name: 'ui components',
       created_at: 1367851421000,
       updated_at: 1367851421000 } ],
  owned_by_id: 383813 }
storyData { kind: 'story',
  id: 70340038,
  created_at: 1398754117000,
  updated_at: 1403124480000,
  accepted_at: 1399580692000,
  estimate: 1,
  story_type: 'feature',
  name: 'Configure actual permission options in group management widget',
  description: 'As a CMS user, I\'d like to see all of the actual permission options when I setup a group — all of the options necessary for all of the widgets we have built to date.\n\n* When I create or edit a group, the details panel displays CRUD permission options for all of the widgets and the user-modifiable fields they contain.',
  current_state: 'accepted',
  requested_by_id: 753125,
  project_id: 786811,
  url: 'https://www.pivotaltracker.com/story/show/70340038',
  owner_ids: [ 383813 ],
  labels: 
   [ { id: 7682138,
       project_id: 786811,
       kind: 'label',
       name: 'group management',
       created_at: 1392052291000,
       updated_at: 1392052291000 },
     { id: 7649314,
       project_id: 786811,
       kind: 'label',
       name: 'merged',
       created_at: 1391635554000,
       updated_at: 1391635554000 },
     { id: 7666462,
       project_id: 786811,
       kind: 'label',
       name: 'qa done www',
       created_at: 1391791165000,
       updated_at: 1391791165000 } ],
  owned_by_id: 383813 }
storyData { kind: 'story',
  id: 70516640,
  created_at: 1398958684000,
  updated_at: 1403125866000,
  accepted_at: 1399657888000,
  estimate: 2,
  story_type: 'bug',
  name: 'Fix login form positioning',
  description: 'Fix the display problems introduced when we merged group management into stage master.',
  current_state: 'accepted',
  requested_by_id: 753125,
  project_id: 786811,
  url: 'https://www.pivotaltracker.com/story/show/70516640',
  owner_ids: [ 1267534 ],
  labels: 
   [ { id: 8615488,
       project_id: 786811,
       kind: 'label',
       name: 'launched 1.14.20',
       created_at: 1402000398000,
       updated_at: 1402000398000 },
     { id: 7666462,
       project_id: 786811,
       kind: 'label',
       name: 'qa done www',
       created_at: 1391791165000,
       updated_at: 1391791165000 } ],
  owned_by_id: 1267534 }
storyData { kind: 'story',
  id: 71643562,
  created_at: 1400569087000,
  updated_at: 1403205399000,
  accepted_at: 1401753739000,
  estimate: 2,
  story_type: 'feature',
  name: 'User widget filter enhancements',
  description: 'As a CMS administrator, I want the users widget to display a filter for user status, and I want tweaks to the widget\'s default filter settings.\n\n* When I open a Users widget, I see a new status button group with the options Active, Inactive and All. (It appears to the right of the search box.) The Active option is selected by default.\n* When I open a Users widget, I see "All time" selected as the default option in the Created filter.',
  current_state: 'accepted',
  requested_by_id: 753125,
  project_id: 786811,
  url: 'https://www.pivotaltracker.com/story/show/71643562',
  owner_ids: [ 763055 ],
  labels: 
   [ { id: 8683668,
       project_id: 786811,
       kind: 'label',
       name: 'launched 1.14.24',
       created_at: 1402700548000,
       updated_at: 1402700548000 },
     { id: 7649314,
       project_id: 786811,
       kind: 'label',
       name: 'merged',
       created_at: 1391635554000,
       updated_at: 1391635554000 },
     { id: 7666462,
       project_id: 786811,
       kind: 'label',
       name: 'qa done www',
       created_at: 1391791165000,
       updated_at: 1391791165000 },
     { id: 8094606,
       project_id: 786811,
       kind: 'label',
       name: 'softserve',
       created_at: 1396364382000,
       updated_at: 1396364382000 },
     { id: 5748495,
       project_id: 786811,
       kind: 'label',
       name: 'user management',
       created_at: 1369347013000,
       updated_at: 1369347013000 } ],
  owned_by_id: 763055 }
storyData { kind: 'story',
  id: 71673918,
  created_at: 1400598367000,
  updated_at: 1403205619000,
  accepted_at: 1401754452000,
  estimate: 2,
  story_type: 'feature',
  name: 'Search for tags in tag management widget',
  description: 'As a CMS user, I need to search for tags.\n\n* When I use the tag management widget, I have access to live search functionality similar to the other widgets.',
  current_state: 'accepted',
  requested_by_id: 753125,
  project_id: 786811,
  url: 'https://www.pivotaltracker.com/story/show/71673918',
  owner_ids: [ 763055 ],
  labels: 
   [ { id: 8683668,
       project_id: 786811,
       kind: 'label',
       name: 'launched 1.14.24',
       created_at: 1402700548000,
       updated_at: 1402700548000 },
     { id: 7649314,
       project_id: 786811,
       kind: 'label',
       name: 'merged',
       created_at: 1391635554000,
       updated_at: 1391635554000 },
     { id: 7666462,
       project_id: 786811,
       kind: 'label',
       name: 'qa done www',
       created_at: 1391791165000,
       updated_at: 1391791165000 },
     { id: 8094606,
       project_id: 786811,
       kind: 'label',
       name: 'softserve',
       created_at: 1396364382000,
       updated_at: 1396364382000 },
     { id: 8487542,
       project_id: 786811,
       kind: 'label',
       name: 'tag management',
       created_at: 1400597960000,
       updated_at: 1400597960000 } ],
  owned_by_id: 763055 }
storyData { kind: 'story',
  id: 71673452,
  created_at: 1400598033000,
  updated_at: 1403126095000,
  accepted_at: 1401754640000,
  estimate: 2,
  story_type: 'feature',
  name: 'View tag management widget',
  description: 'As a CMS user, I need a widget to manage CMS tags with so I can edit and configure them.\n\n* When I open the tag management widget, I see a table view with a list of tags (Tag Name, Type)\n* When I click on a row in the table, I see the tag details.',
  current_state: 'accepted',
  requested_by_id: 753125,
  project_id: 786811,
  url: 'https://www.pivotaltracker.com/story/show/71673452',
  owner_ids: [ 763055 ],
  labels: 
   [ { id: 8683668,
       project_id: 786811,
       kind: 'label',
       name: 'launched 1.14.24',
       created_at: 1402700548000,
       updated_at: 1402700548000 },
     { id: 7649314,
       project_id: 786811,
       kind: 'label',
       name: 'merged',
       created_at: 1391635554000,
       updated_at: 1391635554000 },
     { id: 7666462,
       project_id: 786811,
       kind: 'label',
       name: 'qa done www',
       created_at: 1391791165000,
       updated_at: 1391791165000 },
     { id: 8094606,
       project_id: 786811,
       kind: 'label',
       name: 'softserve',
       created_at: 1396364382000,
       updated_at: 1396364382000 },
     { id: 8487542,
       project_id: 786811,
       kind: 'label',
       name: 'tag management',
       created_at: 1400597960000,
       updated_at: 1400597960000 } ],
  owned_by_id: 763055 }
storyData { kind: 'story',
  id: 72104950,
  created_at: 1401210460000,
  updated_at: 1403126271000,
  accepted_at: 1401755168000,
  estimate: 1,
  story_type: 'bug',
  name: 'Fix login form after logout',
  description: 'When a user logs out, the login form again appears on the screen. When the login form appears, the formatting is askew. (If there is any question, I used the word askew figuratively, not literally.) Just to clarify, when you first go to the login form, everything is fine. When you login and then logout, the new login form is the problem.\n\nIf this bug sounds familiar, I believe it is because you already fixed this once. If you fix it again, we\'ll try to stop breaking it.\n',
  current_state: 'accepted',
  requested_by_id: 753125,
  project_id: 786811,
  url: 'https://www.pivotaltracker.com/story/show/72104950',
  owner_ids: [ 763055 ],
  labels: 
   [ { id: 8683668,
       project_id: 786811,
       kind: 'label',
       name: 'launched 1.14.24',
       created_at: 1402700548000,
       updated_at: 1402700548000 },
     { id: 7649314,
       project_id: 786811,
       kind: 'label',
       name: 'merged',
       created_at: 1391635554000,
       updated_at: 1391635554000 },
     { id: 7666462,
       project_id: 786811,
       kind: 'label',
       name: 'qa done www',
       created_at: 1391791165000,
       updated_at: 1391791165000 },
     { id: 8094606,
       project_id: 786811,
       kind: 'label',
       name: 'softserve',
       created_at: 1396364382000,
       updated_at: 1396364382000 } ],
  owned_by_id: 763055 }
storyData { kind: 'story',
  id: 71643050,
  created_at: 1400568239000,
  updated_at: 1403205690000,
  accepted_at: 1401766649000,
  estimate: 1,
  story_type: 'feature',
  name: 'Tweak Widgets dropdown menu',
  description: 'As a CMS user, I\'d like to display all of the widgets I have access to in the Widgets dropdown menu.\n\n* When I hover over the Widgets dropdown menu on my dashboard, I see all of the widgets — alphabetically — listed in the dropdown.',
  current_state: 'accepted',
  requested_by_id: 753125,
  project_id: 786811,
  url: 'https://www.pivotaltracker.com/story/show/71643050',
  owner_ids: [ 763057 ],
  labels: 
   [ { id: 8130274,
       project_id: 786811,
       kind: 'label',
       name: 'cms dashboard',
       created_at: 1396638130000,
       updated_at: 1396638130000 },
     { id: 8683668,
       project_id: 786811,
       kind: 'label',
       name: 'launched 1.14.24',
       created_at: 1402700548000,
       updated_at: 1402700548000 },
     { id: 7649314,
       project_id: 786811,
       kind: 'label',
       name: 'merged',
       created_at: 1391635554000,
       updated_at: 1391635554000 },
     { id: 7666462,
       project_id: 786811,
       kind: 'label',
       name: 'qa done www',
       created_at: 1391791165000,
       updated_at: 1391791165000 },
     { id: 8094606,
       project_id: 786811,
       kind: 'label',
       name: 'softserve',
       created_at: 1396364382000,
       updated_at: 1396364382000 } ],
  owned_by_id: 763057 }
storyData { kind: 'story',
  id: 72095068,
  created_at: 1401204499000,
  updated_at: 1403126474000,
  accepted_at: 1401771250000,
  estimate: 8,
  story_type: 'feature',
  name: 'Drag and drop tags to content',
  description: 'As a CMS user, I want to drag tags from the tag management widget to the element where I can add tags in content (tag search select UI component being built in #71674026).\n\n* When I drag a tag from tag management over a drop zone — which for now is the tag search select UI component in the create/edit content widget — I see the cursor change signifying that I can drop.\n* When I drop, the tag is listed in the UI component and saved.\n\n**Background**: Drag and drop is one way to add a tag to content; users will also be able to use the search select component normally. As we build-out inter-widget drag-and-drop, we\'ll be using it heavily as a UX convention to accomplish many tasks.',
  current_state: 'accepted',
  requested_by_id: 753125,
  project_id: 786811,
  url: 'https://www.pivotaltracker.com/story/show/72095068',
  owner_ids: [ 763055, 955157 ],
  labels: 
   [ { id: 7649314,
       project_id: 786811,
       kind: 'label',
       name: 'merged',
       created_at: 1391635554000,
       updated_at: 1391635554000 },
     { id: 7666462,
       project_id: 786811,
       kind: 'label',
       name: 'qa done www',
       created_at: 1391791165000,
       updated_at: 1391791165000 },
     { id: 8094606,
       project_id: 786811,
       kind: 'label',
       name: 'softserve',
       created_at: 1396364382000,
       updated_at: 1396364382000 },
     { id: 8487542,
       project_id: 786811,
       kind: 'label',
       name: 'tag management',
       created_at: 1400597960000,
       updated_at: 1400597960000 } ],
  owned_by_id: 763055 }
storyData { kind: 'story',
  id: 68904406,
  created_at: 1396637518000,
  updated_at: 1403126584000,
  accepted_at: 1402011438000,
  estimate: 3,
  story_type: 'feature',
  name: 'Create items in details panel',
  description: 'As a CMS user, I\'d like improved behavior when creating items, like users.\n\n*Note*: These changes should be considered the default conventions for future widgets that work this way.\n\n\n**Background**: When creating new items, there are two paradigms:\n\n1. A new widget opens for you to create/edit an item.\n2. The details panel doubles as the interface for you to create/edit information.\n\nDepending on the context, one or both of these may be used. For example, user accounts are created/edited in the details panel. New content is created/edited in it\'s own widget.\n\nIn this user story, we are trying to refine the user experience for creating new items within the details panel.',
  current_state: 'accepted',
  requested_by_id: 753125,
  project_id: 786811,
  url: 'https://www.pivotaltracker.com/story/show/68904406',
  owner_ids: [ 955157 ],
  labels: 
   [ { id: 8683668,
       project_id: 786811,
       kind: 'label',
       name: 'launched 1.14.24',
       created_at: 1402700548000,
       updated_at: 1402700548000 },
     { id: 7649314,
       project_id: 786811,
       kind: 'label',
       name: 'merged',
       created_at: 1391635554000,
       updated_at: 1391635554000 },
     { id: 8740566,
       project_id: 786811,
       kind: 'label',
       name: 'qa done ctest',
       created_at: 1403038358000,
       updated_at: 1403038358000 },
     { id: 5748495,
       project_id: 786811,
       kind: 'label',
       name: 'user management',
       created_at: 1369347013000,
       updated_at: 1369347013000 } ],
  owned_by_id: 955157 }
storyData { kind: 'story',
  id: 71673708,
  created_at: 1400598211000,
  updated_at: 1403205792000,
  accepted_at: 1402012992000,
  estimate: 3,
  story_type: 'feature',
  name: 'Create/edit tags from tag management widget',
  description: 'As a user, I need to create and edit tags from the tag management widget.\n\n* When I click the New toolbar button, I create a new tag.\n* When I click on an existing tag, I can edit it in the details panel.',
  current_state: 'accepted',
  requested_by_id: 753125,
  project_id: 786811,
  url: 'https://www.pivotaltracker.com/story/show/71673708',
  owner_ids: [ 763055 ],
  labels: 
   [ { id: 8683668,
       project_id: 786811,
       kind: 'label',
       name: 'launched 1.14.24',
       created_at: 1402700548000,
       updated_at: 1402700548000 },
     { id: 7649314,
       project_id: 786811,
       kind: 'label',
       name: 'merged',
       created_at: 1391635554000,
       updated_at: 1391635554000 },
     { id: 8740566,
       project_id: 786811,
       kind: 'label',
       name: 'qa done ctest',
       created_at: 1403038358000,
       updated_at: 1403038358000 },
     { id: 8094606,
       project_id: 786811,
       kind: 'label',
       name: 'softserve',
       created_at: 1396364382000,
       updated_at: 1396364382000 },
     { id: 8487542,
       project_id: 786811,
       kind: 'label',
       name: 'tag management',
       created_at: 1400597960000,
       updated_at: 1400597960000 } ],
  owned_by_id: 763055 }
storyData { kind: 'story',
  id: 72500852,
  created_at: 1401773187000,
  updated_at: 1403205859000,
  accepted_at: 1402336800000,
  estimate: 2,
  story_type: 'feature',
  name: 'Add author fields to details panel',
  description: 'I\'ll try to add better details, but in a nutshell, we need to add the ability to add/update author information for all of the fields we are tracking. ',
  current_state: 'accepted',
  requested_by_id: 753125,
  project_id: 786811,
  url: 'https://www.pivotaltracker.com/story/show/72500852',
  owner_ids: [ 763055 ],
  labels: 
   [ { id: 8130010,
       project_id: 786811,
       kind: 'label',
       name: 'author management',
       created_at: 1396636289000,
       updated_at: 1396636289000 },
     { id: 8683668,
       project_id: 786811,
       kind: 'label',
       name: 'launched 1.14.24',
       created_at: 1402700548000,
       updated_at: 1402700548000 },
     { id: 7649314,
       project_id: 786811,
       kind: 'label',
       name: 'merged',
       created_at: 1391635554000,
       updated_at: 1391635554000 },
     { id: 8740566,
       project_id: 786811,
       kind: 'label',
       name: 'qa done ctest',
       created_at: 1403038358000,
       updated_at: 1403038358000 },
     { id: 8094606,
       project_id: 786811,
       kind: 'label',
       name: 'softserve',
       created_at: 1396364382000,
       updated_at: 1396364382000 } ],
  owned_by_id: 763055 }
storyData { kind: 'story',
  id: 72536728,
  created_at: 1401809917000,
  updated_at: 1403126724000,
  accepted_at: 1402336800000,
  estimate: 2,
  story_type: 'feature',
  name: 'Improve new author creation',
  description: 'Apply #68904406 to authors.',
  current_state: 'accepted',
  requested_by_id: 753125,
  project_id: 786811,
  url: 'https://www.pivotaltracker.com/story/show/72536728',
  owner_ids: [ 955157 ],
  labels: 
   [ { id: 8130010,
       project_id: 786811,
       kind: 'label',
       name: 'author management',
       created_at: 1396636289000,
       updated_at: 1396636289000 },
     { id: 7649314,
       project_id: 786811,
       kind: 'label',
       name: 'merged',
       created_at: 1391635554000,
       updated_at: 1391635554000 },
     { id: 7666462,
       project_id: 786811,
       kind: 'label',
       name: 'qa done www',
       created_at: 1391791165000,
       updated_at: 1391791165000 } ],
  owned_by_id: 955157 }
storyData { kind: 'story',
  id: 71674026,
  created_at: 1400598369000,
  updated_at: 1403127189000,
  accepted_at: 1402336800000,
  estimate: 5,
  story_type: 'feature',
  name: 'Add tags to content',
  description: 'As a user, I need to add tags to content so I can categorize everything. To start with, I need to tag link-offs.',
  current_state: 'accepted',
  requested_by_id: 753125,
  project_id: 786811,
  url: 'https://www.pivotaltracker.com/story/show/71674026',
  owner_ids: [ 763057 ],
  labels: 
   [ { id: 8683668,
       project_id: 786811,
       kind: 'label',
       name: 'launched 1.14.24',
       created_at: 1402700548000,
       updated_at: 1402700548000 },
     { id: 7649314,
       project_id: 786811,
       kind: 'label',
       name: 'merged',
       created_at: 1391635554000,
       updated_at: 1391635554000 },
     { id: 8740566,
       project_id: 786811,
       kind: 'label',
       name: 'qa done ctest',
       created_at: 1403038358000,
       updated_at: 1403038358000 },
     { id: 8487542,
       project_id: 786811,
       kind: 'label',
       name: 'tag management',
       created_at: 1400597960000,
       updated_at: 1400597960000 } ],
  owned_by_id: 763057 }
storyData { kind: 'story',
  id: 72577868,
  created_at: 1401842859000,
  updated_at: 1403127564000,
  accepted_at: 1402501594000,
  estimate: 1,
  story_type: 'bug',
  name: 'Date on tiered filter doesn\'t change when switching from day-view to month-view',
  current_state: 'accepted',
  requested_by_id: 955157,
  project_id: 786811,
  url: 'https://www.pivotaltracker.com/story/show/72577868',
  owner_ids: [ 763055 ],
  labels: 
   [ { id: 8683668,
       project_id: 786811,
       kind: 'label',
       name: 'launched 1.14.24',
       created_at: 1402700548000,
       updated_at: 1402700548000 },
     { id: 7649314,
       project_id: 786811,
       kind: 'label',
       name: 'merged',
       created_at: 1391635554000,
       updated_at: 1391635554000 },
     { id: 7666462,
       project_id: 786811,
       kind: 'label',
       name: 'qa done www',
       created_at: 1391791165000,
       updated_at: 1391791165000 },
     { id: 8094606,
       project_id: 786811,
       kind: 'label',
       name: 'softserve',
       created_at: 1396364382000,
       updated_at: 1396364382000 } ],
  owned_by_id: 763055 }
storyData { kind: 'story',
  id: 72499096,
  created_at: 1401769029000,
  updated_at: 1402949849000,
  accepted_at: 1402501611000,
  estimate: 2,
  story_type: 'feature',
  name: '\'Delete\' content',
  description: 'As a CMS user, I need to remove content from the CMS so that outdated, replaced or test stories aren\'t all trapped in the \'draft\' status.\n\n*Note*: Unless otherwise specified, the word \'delete\' never means purging from the database; in the context of the new CMS, deleting will usually involve changing a status to \'deleted\' and then omitting that item from most search/filter criteria.\n\n* When I edit content (currently just link-offs) I see a Delete button (with the minus icon) on the left side of the toolbar.\n* When I select Delete, I see a confirmation verifying that I want to delete the content.\n* When I confirm the delete dialog, the content status changes to \'deleted\' and the content widget closes.\n* When I edit deleted content, I see the content status is set to deleted. I can change the status back to Draft, Ready or Live if I want to undelete it. When I edit deleted content, the Delete button is not active, as the content is already deleted. (We may change this to an undelete button in this context in the future, but just deactivating it is fine for now). ',
  current_state: 'accepted',
  requested_by_id: 753125,
  project_id: 786811,
  url: 'https://www.pivotaltracker.com/story/show/72499096',
  owner_ids: [ 763055, 955157 ],
  labels: 
   [ { id: 8683668,
       project_id: 786811,
       kind: 'label',
       name: 'launched 1.14.24',
       created_at: 1402700548000,
       updated_at: 1402700548000 },
     { id: 7939290,
       project_id: 786811,
       kind: 'label',
       name: 'link-off management',
       created_at: 1394660092000,
       updated_at: 1394660092000 },
     { id: 7649314,
       project_id: 786811,
       kind: 'label',
       name: 'merged',
       created_at: 1391635554000,
       updated_at: 1391635554000 },
     { id: 7776572,
       project_id: 786811,
       kind: 'label',
       name: 'qa done',
       created_at: 1392935855000,
       updated_at: 1392935855000 },
     { id: 8094606,
       project_id: 786811,
       kind: 'label',
       name: 'softserve',
       created_at: 1396364382000,
       updated_at: 1396364382000 } ],
  owned_by_id: 763055 }
storyData { kind: 'story',
  id: 72536842,
  created_at: 1401809992000,
  updated_at: 1403127741000,
  accepted_at: 1402501675000,
  estimate: 1,
  story_type: 'feature',
  name: 'Improve new tag creation (from widget)',
  description: 'Apply #68904406 to tag creation (from widget).',
  current_state: 'accepted',
  requested_by_id: 753125,
  project_id: 786811,
  url: 'https://www.pivotaltracker.com/story/show/72536842',
  owner_ids: [ 763057 ],
  labels: 
   [ { id: 8683668,
       project_id: 786811,
       kind: 'label',
       name: 'launched 1.14.24',
       created_at: 1402700548000,
       updated_at: 1402700548000 },
     { id: 7649314,
       project_id: 786811,
       kind: 'label',
       name: 'merged',
       created_at: 1391635554000,
       updated_at: 1391635554000 },
     { id: 7666462,
       project_id: 786811,
       kind: 'label',
       name: 'qa done www',
       created_at: 1391791165000,
       updated_at: 1391791165000 } ],
  owned_by_id: 763057 }
storyData { kind: 'story',
  id: 72057126,
  created_at: 1401160770000,
  updated_at: 1403127790000,
  accepted_at: 1402501915000,
  estimate: 2,
  story_type: 'feature',
  name: 'Add tag management to group management',
  description: 'As a user, I need to control access to the tag management widget.\n\n* When I use a group management widget to create/edit a group\'s access, I see Tag Management listed as a widget.\n* When a group doesn\'t have any access to tag management, they don\'t even see that widget as an option on their dashboard.\n\n**Notes**:\n* At this point, we only need to control access to the widget — field level access or anything more granular will come in the future.\n* Even if a user doesn\'t has access to the tag management widget, that restriction shouldn\'t impact their ability to use the search select element to add tags in other widgets. For example, if a user has no access to tag management, but they can create link-offs, they should still be able to add tags to link-offs.',
  current_state: 'accepted',
  requested_by_id: 753125,
  project_id: 786811,
  url: 'https://www.pivotaltracker.com/story/show/72057126',
  owner_ids: [ 763055, 955157 ],
  labels: 
   [ { id: 8683668,
       project_id: 786811,
       kind: 'label',
       name: 'launched 1.14.24',
       created_at: 1402700548000,
       updated_at: 1402700548000 },
     { id: 7649314,
       project_id: 786811,
       kind: 'label',
       name: 'merged',
       created_at: 1391635554000,
       updated_at: 1391635554000 },
     { id: 8740566,
       project_id: 786811,
       kind: 'label',
       name: 'qa done ctest',
       created_at: 1403038358000,
       updated_at: 1403038358000 },
     { id: 8094606,
       project_id: 786811,
       kind: 'label',
       name: 'softserve',
       created_at: 1396364382000,
       updated_at: 1396364382000 },
     { id: 8487542,
       project_id: 786811,
       kind: 'label',
       name: 'tag management',
       created_at: 1400597960000,
       updated_at: 1400597960000 } ],
  owned_by_id: 763055 }
storyData { kind: 'story',
  id: 72535216,
  created_at: 1401808904000,
  updated_at: 1403127992000,
  accepted_at: 1402502985000,
  estimate: 3,
  story_type: 'feature',
  name: 'Route management widget',
  description: 'As a CMS user, I need a widget to help me manage site routes.\n\n*In the CMS dashboard * —\n* When I configure user groups, I can allow access to the route management widget.\n* When I belong to a group with access to the route management widget, I see that widget listed in the widgets menu drop down (labeled as "Routes").\n* When I click "Routes" in the widget drop-down menu, I open a new route management widget.\n\n*In the route management widget* —\n* When I click New in the widget toolbar, I am able to create a new route. \n* When I create or edit a route, I can view/edit the following fields:\n   * Type (select box)\n      * Application\n      * Manual\n      * Redirect\n   * Status (select box)\n      * Active\n      * Inactive\n   * Pattern\n   * Argument\n   * Sites (checkboxes, like on content)\n* When I click Details and/or Filters in the widget toolbar, I toggle the corresponding panel. When widget width is constrained, we give Details preference if it is open (like in most widgets except the content index.\n* When I open the filters panel, I see the following filters options:\n   * Site (check boxes)\n   * Type (check boxes)\n* When I use the live search bar, the behavior is similar to the other widgets.\n* To the right of the live search field, there is a status filter button group (radio style, like the other button groups):\n   * Active (default)\n   * Inactive\n   * All\n\n\n** Notes**:\n   * Not all sites that use the new CMS will use this new route management feature, especially the first. For sites that are entirely managed by the new CMS — like the upcoming rebuild of cougarfan.com, it will be important for us to have a UI for managing routes.\n   * This widget should follow all of our latest widget conventions. Once we establish new item creation conventions in #68904406, we will want those conventions to apply to this story, if this story is done first, we can create an additional story to apply those changes.\n   * for the purposes of this story, all we want to do is collect and manage route information. Making those routes do something will come in the future story.\n   * Because we are following basic patterns that we\'ve already established, I left this all as one story. If we need to break it down, let me know.',
  current_state: 'accepted',
  requested_by_id: 753125,
  project_id: 786811,
  url: 'https://www.pivotaltracker.com/story/show/72535216',
  owner_ids: [ 763057 ],
  labels: 
   [ { id: 8683668,
       project_id: 786811,
       kind: 'label',
       name: 'launched 1.14.24',
       created_at: 1402700548000,
       updated_at: 1402700548000 },
     { id: 7649314,
       project_id: 786811,
       kind: 'label',
       name: 'merged',
       created_at: 1391635554000,
       updated_at: 1391635554000 },
     { id: 8740566,
       project_id: 786811,
       kind: 'label',
       name: 'qa done ctest',
       created_at: 1403038358000,
       updated_at: 1403038358000 },
     { id: 8607954,
       project_id: 786811,
       kind: 'label',
       name: 'route management',
       created_at: 1401943050000,
       updated_at: 1401943050000 },
     { id: 8094606,
       project_id: 786811,
       kind: 'label',
       name: 'softserve',
       created_at: 1396364382000,
       updated_at: 1396364382000 } ],
  owned_by_id: 763057 }
storyData { kind: 'story',
  id: 72969728,
  created_at: 1402409839000,
  updated_at: 1402947872000,
  accepted_at: 1402681603000,
  estimate: 2,
  story_type: 'feature',
  name: 'View pages (CMS)',
  description: 'As a CMS user, I need a widget to track and manage pages — similar to what the content index does for content.\n\n* When I click Pages (in the Widgets menu on the dashboard) I spawn a new page index widget.\n* When I click on a page, I see its details in the details panel — just the name, site and status at this point.\n\n*Notes*:\n* Matt says that the pages information should be in its own MongoDB collection, as it\'s not a type of content.\n* Matt says not to worry about permissions on this widget right now because of some changes he made today that we still need to merge into master.\n* The widget is titled Pages Index. For now, we will edit fields only in the details panel. Eventually, we\'ll edit pages in a separate widget, just like we do with content (e.g. link-offs).\n* The body of the widget will use a table view, just like every which except the media library. Users will not need to select multiple rows at once.\n* The two fields — Page name and Site — should be the two fields/columns in the table.\n* Only one site per page, so let\'s use a select box in the details panel.\n* In the filters panel, we only need a filter for site.\n* Status options: Live, Draft, Deleted - Include a button group filter for status next to the live search field.\n',
  current_state: 'accepted',
  requested_by_id: 753125,
  project_id: 786811,
  url: 'https://www.pivotaltracker.com/story/show/72969728',
  owner_ids: [ 763055 ],
  labels: 
   [ { id: 7649314,
       project_id: 786811,
       kind: 'label',
       name: 'merged',
       created_at: 1391635554000,
       updated_at: 1391635554000 },
     { id: 8655806,
       project_id: 786811,
       kind: 'label',
       name: 'pg management pt 1',
       created_at: 1402437039000,
       updated_at: 1402437039000 },
     { id: 7649938,
       project_id: 786811,
       kind: 'label',
       name: 'qa done master',
       created_at: 1391638947000,
       updated_at: 1391638947000 },
     { id: 8094606,
       project_id: 786811,
       kind: 'label',
       name: 'softserve',
       created_at: 1396364382000,
       updated_at: 1396364382000 } ],
  owned_by_id: 763055 }
storyData { kind: 'story',
  id: 72969720,
  created_at: 1402409834000,
  updated_at: 1402948382000,
  accepted_at: 1402681697000,
  estimate: 2,
  story_type: 'feature',
  name: 'Create/edit pages',
  description: 'As a user, I need to create/edit pages from the page management widget.\n\n* When I press the New button, I am able to create a new page.\n* When I edit an existing page (though the details panel) I am able to save the changes.',
  current_state: 'accepted',
  requested_by_id: 753125,
  project_id: 786811,
  url: 'https://www.pivotaltracker.com/story/show/72969720',
  owner_ids: [ 763057 ],
  labels: 
   [ { id: 7649314,
       project_id: 786811,
       kind: 'label',
       name: 'merged',
       created_at: 1391635554000,
       updated_at: 1391635554000 },
     { id: 8655806,
       project_id: 786811,
       kind: 'label',
       name: 'pg management pt 1',
       created_at: 1402437039000,
       updated_at: 1402437039000 },
     { id: 7649938,
       project_id: 786811,
       kind: 'label',
       name: 'qa done master',
       created_at: 1391638947000,
       updated_at: 1391638947000 },
     { id: 8094606,
       project_id: 786811,
       kind: 'label',
       name: 'softserve',
       created_at: 1396364382000,
       updated_at: 1396364382000 } ],
  owned_by_id: 763057 }
storyData { kind: 'story',
  id: 73182726,
  created_at: 1402636533000,
  updated_at: 1402950324000,
  accepted_at: 1402683560000,
  estimate: 1,
  story_type: 'bug',
  name: 'Editing routes creates duplicates',
  description: 'Creating routes seems to work fine. When you edit the route, a duplicate is created. I experienced this on http://ctest.deseretdigital.com and was able to reliably duplicate the problem.\n\nhttp://screencast.com/t/sBYzQcrqbRc',
  current_state: 'accepted',
  requested_by_id: 753125,
  project_id: 786811,
  url: 'https://www.pivotaltracker.com/story/show/73182726',
  owner_ids: [ 763057 ],
  labels: 
   [ { id: 7649314,
       project_id: 786811,
       kind: 'label',
       name: 'merged',
       created_at: 1391635554000,
       updated_at: 1391635554000 },
     { id: 7649938,
       project_id: 786811,
       kind: 'label',
       name: 'qa done master',
       created_at: 1391638947000,
       updated_at: 1391638947000 },
     { id: 8607954,
       project_id: 786811,
       kind: 'label',
       name: 'route management',
       created_at: 1401943050000,
       updated_at: 1401943050000 },
     { id: 8680352,
       project_id: 786811,
       kind: 'label',
       name: 'routes-widget-fix branch',
       created_at: 1402679040000,
       updated_at: 1402679040000 },
     { id: 8094606,
       project_id: 786811,
       kind: 'label',
       name: 'softserve',
       created_at: 1396364382000,
       updated_at: 1396364382000 } ],
  owned_by_id: 763057 }
storyData { kind: 'story',
  id: 73182076,
  created_at: 1402634024000,
  updated_at: 1403206113000,
  accepted_at: 1402683621000,
  estimate: 2,
  story_type: 'bug',
  name: 'Widget menu display problems',
  description: 'in both Firefox and Chrome after resizing the window if you mouse over the widgets drop-down the white background becomes really small and does not cover all of the text. This prevents me from clicking any of the widgets in the menu unless I refresh the page and don\'t resize after. After resizing is done even if I take the browser back to fullscreen the background to the drop-down does not revert to previous behavior.',
  current_state: 'accepted',
  requested_by_id: 753125,
  project_id: 786811,
  url: 'https://www.pivotaltracker.com/story/show/73182076',
  owner_ids: [ 763057 ],
  labels: 
   [ { id: 8130274,
       project_id: 786811,
       kind: 'label',
       name: 'cms dashboard',
       created_at: 1396638130000,
       updated_at: 1396638130000 },
     { id: 8683668,
       project_id: 786811,
       kind: 'label',
       name: 'launched 1.14.24',
       created_at: 1402700548000,
       updated_at: 1402700548000 },
     { id: 7649314,
       project_id: 786811,
       kind: 'label',
       name: 'merged',
       created_at: 1391635554000,
       updated_at: 1391635554000 },
     { id: 7666462,
       project_id: 786811,
       kind: 'label',
       name: 'qa done www',
       created_at: 1391791165000,
       updated_at: 1391791165000 },
     { id: 8094606,
       project_id: 786811,
       kind: 'label',
       name: 'softserve',
       created_at: 1396364382000,
       updated_at: 1396364382000 },
     { id: 8680406,
       project_id: 786811,
       kind: 'label',
       name: 'widget-menu-display-bug branch',
       created_at: 1402679146000,
       updated_at: 1402679146000 } ],
  owned_by_id: 763057 }
storyData { kind: 'story',
  id: 73182944,
  created_at: 1402637476000,
  updated_at: 1402951544000,
  accepted_at: 1402691577000,
  estimate: 1,
  story_type: 'feature',
  name: 'Routes panel UI tweaks',
  description: 'See the attachment for more information.',
  current_state: 'accepted',
  requested_by_id: 753125,
  project_id: 786811,
  url: 'https://www.pivotaltracker.com/story/show/73182944',
  owner_ids: [ 763057 ],
  labels: 
   [ { id: 7649314,
       project_id: 786811,
       kind: 'label',
       name: 'merged',
       created_at: 1391635554000,
       updated_at: 1391635554000 },
     { id: 7649938,
       project_id: 786811,
       kind: 'label',
       name: 'qa done master',
       created_at: 1391638947000,
       updated_at: 1391638947000 },
     { id: 8607954,
       project_id: 786811,
       kind: 'label',
       name: 'route management',
       created_at: 1401943050000,
       updated_at: 1401943050000 },
     { id: 8680336,
       project_id: 786811,
       kind: 'label',
       name: 'route-panel-ui-tweaks branch',
       created_at: 1402678832000,
       updated_at: 1402678832000 },
     { id: 8094606,
       project_id: 786811,
       kind: 'label',
       name: 'softserve',
       created_at: 1396364382000,
       updated_at: 1396364382000 } ],
  owned_by_id: 763057 }
storyData { kind: 'story',
  id: 71260100,
  created_at: 1400006530000,
  updated_at: 1402951712000,
  accepted_at: 1402691598000,
  estimate: 1,
  story_type: 'bug',
  name: 'New! collapser bug',
  description: 'On index widgets opened after the initial one, the Archive filter disclosure triangle is pointed incorrectly.',
  current_state: 'accepted',
  requested_by_id: 753125,
  project_id: 786811,
  url: 'https://www.pivotaltracker.com/story/show/71260100',
  owner_ids: [ 763055 ],
  labels: 
   [ { id: 8680170,
       project_id: 786811,
       kind: 'label',
       name: 'collapser-bug branch',
       created_at: 1402678483000,
       updated_at: 1402678483000 },
     { id: 7649314,
       project_id: 786811,
       kind: 'label',
       name: 'merged',
       created_at: 1391635554000,
       updated_at: 1391635554000 },
     { id: 7649938,
       project_id: 786811,
       kind: 'label',
       name: 'qa done master',
       created_at: 1391638947000,
       updated_at: 1391638947000 },
     { id: 8094606,
       project_id: 786811,
       kind: 'label',
       name: 'softserve',
       created_at: 1396364382000,
       updated_at: 1396364382000 } ],
  owned_by_id: 763055 }
storyData { kind: 'story',
  id: 72922286,
  created_at: 1402350438000,
  updated_at: 1403035980000,
  accepted_at: 1402699695000,
  estimate: 2,
  story_type: 'feature',
  name: 'Improve content profile details panel',
  description: 'Use the new details panel configuration options (as we\'ve done with the previous widgets)',
  current_state: 'accepted',
  requested_by_id: 955157,
  project_id: 786811,
  url: 'https://www.pivotaltracker.com/story/show/72922286',
  owner_ids: [ 763055, 955157 ],
  labels: 
   [ { id: 7649314,
       project_id: 786811,
       kind: 'label',
       name: 'merged',
       created_at: 1391635554000,
       updated_at: 1391635554000 },
     { id: 7649938,
       project_id: 786811,
       kind: 'label',
       name: 'qa done master',
       created_at: 1391638947000,
       updated_at: 1391638947000 },
     { id: 8094606,
       project_id: 786811,
       kind: 'label',
       name: 'softserve',
       created_at: 1396364382000,
       updated_at: 1396364382000 } ],
  owned_by_id: 763055 }
storyData { kind: 'story',
  id: 72957480,
  created_at: 1402400988000,
  updated_at: 1402952060000,
  accepted_at: 1402701192000,
  estimate: 2,
  story_type: 'bug',
  name: 'Another collapser bug!',
  description: 'http://screencast.com/t/DcWw5myCK1F\n\nIf the bug exists in other widgets, we obviously want to fix it everywhere.',
  current_state: 'accepted',
  requested_by_id: 753125,
  project_id: 786811,
  url: 'https://www.pivotaltracker.com/story/show/72957480',
  owner_ids: [ 763057 ],
  labels: 
   [ { id: 7649314,
       project_id: 786811,
       kind: 'label',
       name: 'merged',
       created_at: 1391635554000,
       updated_at: 1391635554000 },
     { id: 7649938,
       project_id: 786811,
       kind: 'label',
       name: 'qa done master',
       created_at: 1391638947000,
       updated_at: 1391638947000 },
     { id: 8094606,
       project_id: 786811,
       kind: 'label',
       name: 'softserve',
       created_at: 1396364382000,
       updated_at: 1396364382000 } ],
  owned_by_id: 763057 }
storyData { kind: 'story',
  id: 72976640,
  created_at: 1402413806000,
  updated_at: 1402930983000,
  accepted_at: 1402930982000,
  estimate: 1,
  story_type: 'chore',
  name: 'Provision Cougar Fan beta staging server and DNS settings',
  current_state: 'accepted',
  requested_by_id: 753125,
  project_id: 786811,
  url: 'https://www.pivotaltracker.com/story/show/72976640',
  owner_ids: [ 660523, 613439 ],
  labels: [],
  owned_by_id: 660523 }
storyData { kind: 'story',
  id: 72913530,
  created_at: 1402344711000,
  updated_at: 1402939674000,
  accepted_at: 1402939674000,
  estimate: 2,
  story_type: 'chore',
  name: 'Research gulp / broccoli / grunt',
  current_state: 'accepted',
  requested_by_id: 955157,
  project_id: 786811,
  url: 'https://www.pivotaltracker.com/story/show/72913530',
  owner_ids: [ 955157 ],
  labels: [],
  owned_by_id: 955157 }
storyData { kind: 'story',
  id: 73342060,
  created_at: 1402950945000,
  updated_at: 1402950950000,
  accepted_at: 1402950950000,
  estimate: 1,
  story_type: 'bug',
  name: 'Fix filters on master',
  current_state: 'accepted',
  requested_by_id: 955157,
  project_id: 786811,
  url: 'https://www.pivotaltracker.com/story/show/73342060',
  owner_ids: [ 955157 ],
  labels: [],
  owned_by_id: 955157 }
storyData { kind: 'story',
  id: 71642218,
  created_at: 1400566769000,
  updated_at: 1402972203000,
  accepted_at: 1402972202000,
  estimate: 1,
  story_type: 'feature',
  name: 'Display DN National image credit',
  description: 'As a DN National reader, I want to see photo credits when I mouseover article images. Currently I have to click on an image to see the image credit information.\n\n* When I mouse over the hero image on DN National article pages, I see the image credit displayed (see attached mockup).',
  current_state: 'accepted',
  requested_by_id: 753125,
  project_id: 786811,
  url: 'https://www.pivotaltracker.com/story/show/71642218',
  owner_ids: [ 1267534 ],
  labels: 
   [ { id: 8150100,
       project_id: 786811,
       kind: 'label',
       name: 'dn_national',
       created_at: 1396932366000,
       updated_at: 1396932366000 },
     { id: 8094606,
       project_id: 786811,
       kind: 'label',
       name: 'softserve',
       created_at: 1396364382000,
       updated_at: 1396364382000 } ],
  owned_by_id: 1267534 }
storyData { kind: 'story',
  id: 71932924,
  created_at: 1400850120000,
  updated_at: 1402972218000,
  accepted_at: 1402972217000,
  estimate: 1,
  story_type: 'bug',
  name: 'Different caption for stories date on Pulse',
  description: 'The first 10 stories on Pulse will be marked as "Added:", after selecting Show More > all the next will be displayed as "Published:". This name should be unified for all of them.',
  current_state: 'accepted',
  requested_by_id: 909535,
  project_id: 786811,
  url: 'https://www.pivotaltracker.com/story/show/71932924',
  owner_ids: [ 1267534 ],
  labels: 
   [ { id: 8150100,
       project_id: 786811,
       kind: 'label',
       name: 'dn_national',
       created_at: 1396932366000,
       updated_at: 1396932366000 },
     { id: 8094606,
       project_id: 786811,
       kind: 'label',
       name: 'softserve',
       created_at: 1396364382000,
       updated_at: 1396364382000 } ],
  owned_by_id: 1267534 }
storyData { kind: 'story',
  id: 73279704,
  created_at: 1402902103000,
  updated_at: 1402972576000,
  accepted_at: 1402972575000,
  estimate: 1,
  story_type: 'bug',
  name: 'Descenders cut off in select boxes',
  description: 'Descenders - characters like the letter \'g\' with tails that extend below the text baseline - are cut off in our current select box style.',
  current_state: 'accepted',
  requested_by_id: 753125,
  project_id: 786811,
  url: 'https://www.pivotaltracker.com/story/show/73279704',
  owner_ids: [ 763057 ],
  labels: 
   [ { id: 8130274,
       project_id: 786811,
       kind: 'label',
       name: 'cms dashboard',
       created_at: 1396638130000,
       updated_at: 1396638130000 },
     { id: 8094606,
       project_id: 786811,
       kind: 'label',
       name: 'softserve',
       created_at: 1396364382000,
       updated_at: 1396364382000 } ],
  owned_by_id: 763057 }
storyData { kind: 'story',
  id: 72964096,
  created_at: 1402407617000,
  updated_at: 1403014217000,
  accepted_at: 1403014216000,
  deadline: 1402941600000,
  story_type: 'release',
  name: 'Sprint 38',
  current_state: 'accepted',
  requested_by_id: 1307452,
  project_id: 786811,
  url: 'https://www.pivotaltracker.com/story/show/72964096',
  owner_ids: [],
  labels: [] }
storyData { kind: 'story',
  id: 73394734,
  created_at: 1403018054000,
  updated_at: 1403049019000,
  accepted_at: 1403049019000,
  estimate: 2,
  story_type: 'chore',
  name: 'Split Common CMS repository',
  description: '"Fork" the repository (not on Github)',
  current_state: 'accepted',
  requested_by_id: 955157,
  project_id: 786811,
  url: 'https://www.pivotaltracker.com/story/show/73394734',
  owner_ids: [ 955157, 660523 ],
  labels: 
   [ { id: 8737362,
       project_id: 786811,
       kind: 'label',
       name: 'split repository',
       created_at: 1403018117000,
       updated_at: 1403018117000 } ],
  owned_by_id: 955157 }
storyData { kind: 'story',
  id: 73394784,
  created_at: 1403018101000,
  updated_at: 1403049034000,
  accepted_at: 1403049034000,
  estimate: 2,
  story_type: 'chore',
  name: 'Update Vagrant environment for split repository',
  current_state: 'accepted',
  requested_by_id: 955157,
  project_id: 786811,
  url: 'https://www.pivotaltracker.com/story/show/73394784',
  owner_ids: [ 955157, 660523 ],
  labels: 
   [ { id: 8737362,
       project_id: 786811,
       kind: 'label',
       name: 'split repository',
       created_at: 1403018117000,
       updated_at: 1403018117000 } ],
  owned_by_id: 955157 }
storyData { kind: 'story',
  id: 73419700,
  created_at: 1403035498000,
  updated_at: 1403106013000,
  accepted_at: 1403106012000,
  estimate: 2,
  story_type: 'chore',
  name: 'Integrate Bower into common-cms-ui',
  current_state: 'accepted',
  requested_by_id: 955157,
  project_id: 786811,
  url: 'https://www.pivotaltracker.com/story/show/73419700',
  owner_ids: [ 955157 ],
  labels: 
   [ { id: 8747414,
       project_id: 786811,
       kind: 'label',
       name: 'bower branch',
       created_at: 1403106010000,
       updated_at: 1403106010000 },
     { id: 7692734,
       project_id: 786811,
       kind: 'label',
       name: 'no qa',
       created_at: 1392138132000,
       updated_at: 1392138132000 } ],
  owned_by_id: 955157 }
storyData { kind: 'story',
  id: 73394744,
  created_at: 1403018071000,
  updated_at: 1403119654000,
  accepted_at: 1403119653000,
  estimate: 2,
  story_type: 'chore',
  name: 'Update stage environment for split repository',
  current_state: 'accepted',
  requested_by_id: 955157,
  project_id: 786811,
  url: 'https://www.pivotaltracker.com/story/show/73394744',
  owner_ids: [ 660523 ],
  labels: 
   [ { id: 8737362,
       project_id: 786811,
       kind: 'label',
       name: 'split repository',
       created_at: 1403018117000,
       updated_at: 1403018117000 } ],
  owned_by_id: 660523 }
storyData { kind: 'story',
  id: 73345716,
  created_at: 1402953661000,
  updated_at: 1403195363000,
  accepted_at: 1403195363000,
  estimate: 2,
  story_type: 'feature',
  name: 'Media Library API unit tests',
  current_state: 'accepted',
  requested_by_id: 753125,
  project_id: 786811,
  url: 'https://www.pivotaltracker.com/story/show/73345716',
  owner_ids: [ 1267534 ],
  labels: 
   [ { id: 8312300,
       project_id: 786811,
       kind: 'label',
       name: 'media management',
       created_at: 1398755379000,
       updated_at: 1398755379000 },
     { id: 7692734,
       project_id: 786811,
       kind: 'label',
       name: 'no qa',
       created_at: 1392138132000,
       updated_at: 1392138132000 } ],
  owned_by_id: 1267534 }
storyData { kind: 'story',
  id: 73477878,
  created_at: 1403106419000,
  updated_at: 1403211011000,
  accepted_at: 1403211011000,
  estimate: 1,
  story_type: 'chore',
  name: 'Investigate "LDS Church News" on app',
  current_state: 'accepted',
  requested_by_id: 1074109,
  project_id: 786811,
  url: 'https://www.pivotaltracker.com/story/show/73477878',
  owner_ids: [ 660523 ],
  labels: [],
  owned_by_id: 660523 }
storyData { kind: 'story',
  id: 72975658,
  created_at: 1402413154000,
  updated_at: 1403212183000,
  accepted_at: 1403212182000,
  estimate: 3,
  story_type: 'feature',
  name: 'Chore: Finish preparation for KSL author select implementation',
  description: '*Note*:  I listed some of the tasks here that we discussed just to remind me what needs to be done. If I worded anything wrong or left anything big out, let me know.\n\nAmong the tasks that need to be completed:\n* Clean-up database\n* Test author select feature, look for edge cases\n* Support multiple bylines (is there anything to do here?)\n* If anyone needs multiple bylines out of the gate, add them to the database directly as there is no UI\n* Reposition the author select box in the KSL CMS UI and remove do not use note',
  current_state: 'accepted',
  requested_by_id: 753125,
  project_id: 786811,
  url: 'https://www.pivotaltracker.com/story/show/72975658',
  owner_ids: [ 383813 ],
  labels: 
   [ { id: 8586084,
       project_id: 786811,
       kind: 'label',
       name: 'ksl_legacy',
       created_at: 1401754664000,
       updated_at: 1401754664000 },
     { id: 7692734,
       project_id: 786811,
       kind: 'label',
       name: 'no qa',
       created_at: 1392138132000,
       updated_at: 1392138132000 } ],
  owned_by_id: 383813 }
storyData { kind: 'story',
  id: 70340974,
  created_at: 1398755108000,
  updated_at: 1403212444000,
  accepted_at: 1403212443000,
  estimate: 3,
  story_type: 'feature',
  name: 'Group Management: Make the Remove button work',
  description: 'As a CMS admin, I need to delete user groups which are no longer needed. (Flag as deleted and hide from the default view.)',
  current_state: 'accepted',
  requested_by_id: 753125,
  project_id: 786811,
  url: 'https://www.pivotaltracker.com/story/show/70340974',
  owner_ids: [ 763055 ],
  labels: 
   [ { id: 7682138,
       project_id: 786811,
       kind: 'label',
       name: 'group management',
       created_at: 1392052291000,
       updated_at: 1392052291000 },
     { id: 8094606,
       project_id: 786811,
       kind: 'label',
       name: 'softserve',
       created_at: 1396364382000,
       updated_at: 1396364382000 } ],
  owned_by_id: 763055 }
storyData { kind: 'story',
  id: 73342254,
  created_at: 1402951065000,
  updated_at: 1403212560000,
  accepted_at: 1403212560000,
  estimate: 1,
  story_type: 'feature',
  name: 'Add Perfect Audience tags to National site',
  description: 'As DN Marketing Manager I would like to add the Perfect Audience tag to the DN National site to track retargeting. \n\nAdd the following tag to the site: \n\n<script type="text/javascript">\n  (function() {\n    window._pa = window._pa || {}\n    var pa = document.createElement(\'script\'); pa.type = \'text/javascript\'; pa.async = true;\n    pa.src = (\'https:\' == document.location.protocol ? \'https:\' : \'http:\') + "//tag.perfectaudience.com/serve/538ccbe3523790d66c0000a6.js";\n    var s = document.getElementsByTagName(\'script\')[0]; s.parentNode.insertBefore(pa, s);\n  })();\n</script>\n\n\n\nHere is access to technical docs: http://support.perfectaudience.com/knowledgebase/topics/35757-frequently-asked-questions#pixel1_autoopen\n\nsupport@perfectaudience.com\n',
  current_state: 'accepted',
  requested_by_id: 1074109,
  project_id: 786811,
  url: 'https://www.pivotaltracker.com/story/show/73342254',
  owner_ids: [ 763057 ],
  labels: 
   [ { id: 8150100,
       project_id: 786811,
       kind: 'label',
       name: 'dn_national',
       created_at: 1396932366000,
       updated_at: 1396932366000 },
     { id: 8142124,
       project_id: 786811,
       kind: 'label',
       name: 'hotfix',
       created_at: 1396885149000,
       updated_at: 1396885149000 },
     { id: 8731336,
       project_id: 786811,
       kind: 'label',
       name: 'perfect_audience',
       created_at: 1402951065000,
       updated_at: 1402951065000 },
     { id: 8094606,
       project_id: 786811,
       kind: 'label',
       name: 'softserve',
       created_at: 1396364382000,
       updated_at: 1396364382000 } ],
  owned_by_id: 763057 }
storyData { kind: 'story',
  id: 73342030,
  created_at: 1402950923000,
  updated_at: 1403212562000,
  accepted_at: 1403212562000,
  estimate: 1,
  story_type: 'feature',
  name: 'Add AdRoll tags to DN Local',
  description: 'As DN Marketing Manager I would like to add "AdRoll" tags to the local site so I can track retargeting. \n\nAdd the following code to the local site: \n\n1. Copy your pixel code below\n\n2. Insert the code before the </body> tag on all pages on your website (secure & non-secure)\n\n3. Test your pixel to see if it\'s working\n\n\n<script type="text/javascript">\nadroll_adv_id = "6HRH7NLCI5H5FFTYXT2GJW";\nadroll_pix_id = "PNKTPQS6SJC7PC7OZYNGTK";\n(function () {\nvar oldonload = window.onload;\nwindow.onload = function(){\n   __adroll_loaded=true;\n   var scr = document.createElement("script");\n   var host = (("https:" == document.location.protocol) ? "https://s.adroll.com" : "http://a.adroll.com");\n   scr.setAttribute(\'async\', \'true\');\n   scr.type = "text/javascript";\n   scr.src = host + "/j/roundtrip.js";\n   ((document.getElementsByTagName(\'head\') || [null])[0] ||\n    document.getElementsByTagName(\'script\')[0].parentNode).appendChild(scr);\n   if(oldonload){oldonload()}};\n}());\n</script>\n\n',
  current_state: 'accepted',
  requested_by_id: 1074109,
  project_id: 786811,
  url: 'https://www.pivotaltracker.com/story/show/73342030',
  owner_ids: [ 763057 ],
  labels: 
   [ { id: 8731302,
       project_id: 786811,
       kind: 'label',
       name: 'adroll',
       created_at: 1402950923000,
       updated_at: 1402950923000 },
     { id: 8206336,
       project_id: 786811,
       kind: 'label',
       name: 'dn_local',
       created_at: 1397499914000,
       updated_at: 1397499914000 },
     { id: 8142124,
       project_id: 786811,
       kind: 'label',
       name: 'hotfix',
       created_at: 1396885149000,
       updated_at: 1396885149000 },
     { id: 8094606,
       project_id: 786811,
       kind: 'label',
       name: 'softserve',
       created_at: 1396364382000,
       updated_at: 1396364382000 } ],
  owned_by_id: 763057 }
storyData { kind: 'story',
  id: 73625608,
  created_at: 1403278776000,
  updated_at: 1403278780000,
  accepted_at: 1403278780000,
  estimate: 1,
  story_type: 'bug',
  name: 'ctest not working',
  current_state: 'accepted',
  requested_by_id: 660523,
  project_id: 786811,
  url: 'https://www.pivotaltracker.com/story/show/73625608',
  owner_ids: [ 660523 ],
  labels: [],
  owned_by_id: 660523 }
storyData { kind: 'story',
  id: 72093790,
  created_at: 1401203805000,
  updated_at: 1403498055000,
  accepted_at: 1403498054000,
  estimate: 2,
  story_type: 'feature',
  name: 'Mocha Integration w/ Travis CI',
  current_state: 'accepted',
  requested_by_id: 660523,
  project_id: 786811,
  url: 'https://www.pivotaltracker.com/story/show/72093790',
  owner_ids: [ 660523 ],
  labels: [],
  owned_by_id: 660523 }
storyData { kind: 'story',
  id: 72533262,
  created_at: 1401807893000,
  updated_at: 1403537754000,
  accepted_at: 1403537754000,
  estimate: 2,
  story_type: 'chore',
  name: 'Adding some Documentation for Tile JS Core Widget Types',
  current_state: 'accepted',
  requested_by_id: 660523,
  project_id: 786811,
  url: 'https://www.pivotaltracker.com/story/show/72533262',
  owner_ids: [ 955157 ],
  labels: [],
  owned_by_id: 955157 }
storyData { kind: 'story',
  id: 73773172,
  created_at: 1403589201000,
  updated_at: 1403591492000,
  accepted_at: 1403546400000,
  estimate: 2,
  story_type: 'chore',
  name: 'Clean up JS UI code; ensure passes JSLint',
  current_state: 'accepted',
  requested_by_id: 955157,
  project_id: 786811,
  url: 'https://www.pivotaltracker.com/story/show/73773172',
  owner_ids: [ 955157 ],
  labels: 
   [ { id: 8785944,
       project_id: 786811,
       kind: 'label',
       name: 'branch lint-fixes',
       created_at: 1403589236000,
       updated_at: 1403589236000 } ],
  owned_by_id: 955157 }
storyData { kind: 'story',
  id: 70341490,
  created_at: 1398755571000,
  updated_at: 1403569943000,
  accepted_at: 1403569943000,
  estimate: 3,
  story_type: 'feature',
  name: 'Upload author images (to media library)',
  description: 'As a CMS user, I need to upload author profile photos which are needed on future author profile pages.\n\n* When I click the upload drop zone (the box with the dashed line around it) my browser prompts me to select a file to upload.\n\n**Notes**:\n* In a future story, we\'ll want users to be able to drag files from their desktop to the drop zone box to upload (as well as click the box). If you run out of work, feel free to start working on that.\n* In a future story, we\'ll want users to be able to remove author images (see the second attached screenshot; the icon is a part of the Glyphicon Pro library that we are already using). If you run out of work, feel free to start working on that.\n* The media library repository can be found on [GitHub](https://github.com/deseretdigital/doctr-twister) and there is some [additional documentation](https://media.deseretdigital.com/index/docs), though some if it might be out of date. For now, use media-stage.deseretdigital.com with the API key 1234. We\'ll get a production key ASAP.\n* If/when you encounter VPN or firewall issues, post a comment in this story and we\'ll take care of it as quickly as we can.\n* The upload functionality will probably be used in other widgets; anything you can do to make it re-useable would be great.\n* I\'ve attached two images you can upload with while developing, though feel free to test with any image you\'d like.',
  current_state: 'accepted',
  requested_by_id: 753125,
  project_id: 786811,
  url: 'https://www.pivotaltracker.com/story/show/70341490',
  owner_ids: [ 955157 ],
  labels: 
   [ { id: 8312302,
       project_id: 786811,
       kind: 'label',
       name: 'dam',
       created_at: 1398755379000,
       updated_at: 1398755379000 },
     { id: 8312300,
       project_id: 786811,
       kind: 'label',
       name: 'media management',
       created_at: 1398755379000,
       updated_at: 1398755379000 },
     { id: 8094606,
       project_id: 786811,
       kind: 'label',
       name: 'softserve',
       created_at: 1396364382000,
       updated_at: 1396364382000 } ],
  owned_by_id: 955157 }
storyData { kind: 'story',
  id: 73359380,
  created_at: 1402972372000,
  updated_at: 1403570025000,
  accepted_at: 1403570025000,
  estimate: 1,
  story_type: 'bug',
  name: 'Content index View and Edit buttons are always inactive on stage master...',
  description: '...they shouldn\'t be. Master should still be using all of the same logic for those buttons that we see on the production.',
  current_state: 'accepted',
  requested_by_id: 753125,
  project_id: 786811,
  url: 'https://www.pivotaltracker.com/story/show/73359380',
  owner_ids: [ 955157 ],
  labels: 
   [ { id: 8747414,
       project_id: 786811,
       kind: 'label',
       name: 'bower branch',
       created_at: 1403106010000,
       updated_at: 1403106010000 },
     { id: 8761114,
       project_id: 786811,
       kind: 'label',
       name: 'bug: master',
       created_at: 1403217051000,
       updated_at: 1403217051000 },
     { id: 7262702,
       project_id: 786811,
       kind: 'label',
       name: 'content index',
       created_at: 1387213387000,
       updated_at: 1387213387000 } ],
  owned_by_id: 955157 }
storyData { kind: 'story',
  id: 73585210,
  created_at: 1403214292000,
  updated_at: 1403570037000,
  accepted_at: 1403570036000,
  estimate: 1,
  story_type: 'bug',
  name: 'Authors widget loads by default on stage master',
  description: 'We should be loading the content widget.',
  current_state: 'accepted',
  requested_by_id: 753125,
  project_id: 786811,
  url: 'https://www.pivotaltracker.com/story/show/73585210',
  owner_ids: [ 955157 ],
  labels: 
   [ { id: 8747414,
       project_id: 786811,
       kind: 'label',
       name: 'bower branch',
       created_at: 1403106010000,
       updated_at: 1403106010000 },
     { id: 8761116,
       project_id: 786811,
       kind: 'label',
       name: 'bug:master',
       created_at: 1403217060000,
       updated_at: 1403217060000 },
     { id: 8130274,
       project_id: 786811,
       kind: 'label',
       name: 'cms dashboard',
       created_at: 1396638130000,
       updated_at: 1396638130000 } ],
  owned_by_id: 955157 }
storyData { kind: 'story',
  id: 73585550,
  created_at: 1403214376000,
  updated_at: 1403570274000,
  accepted_at: 1403570274000,
  estimate: 1,
  story_type: 'bug',
  name: 'Double left rule (in relation to details panel) on content index widget',
  description: 'I imagine this had something to do with the refactored details panel.',
  current_state: 'accepted',
  requested_by_id: 753125,
  project_id: 786811,
  url: 'https://www.pivotaltracker.com/story/show/73585550',
  owner_ids: [ 955157 ],
  labels: 
   [ { id: 8747414,
       project_id: 786811,
       kind: 'label',
       name: 'bower branch',
       created_at: 1403106010000,
       updated_at: 1403106010000 },
     { id: 8761114,
       project_id: 786811,
       kind: 'label',
       name: 'bug: master',
       created_at: 1403217051000,
       updated_at: 1403217051000 },
     { id: 7262702,
       project_id: 786811,
       kind: 'label',
       name: 'content index',
       created_at: 1387213387000,
       updated_at: 1387213387000 } ],
  owned_by_id: 955157 }
storyData { kind: 'story',
  id: 72974048,
  created_at: 1402412163000,
  updated_at: 1403570460000,
  accepted_at: 1403570459000,
  estimate: 2,
  story_type: 'feature',
  name: 'Add route to page',
  description: 'As a CMS user or developer, I need to easily assign a URL (route) to a page.\n\n* When I create or edit a page, I can define that page\'s URL.\n* When I add/edit a pages URL, the corresponding information is updated in Route Management.\n\n**Notes**:\n*For now, the entry should be manual, the URL should be entered in pattern, and we can leave argument blank because we don\'t know what it will look like yet.\n*In the pages Mongo collection, we probably just need to store the corresponding route ID, and we can look up the URL (e.g. route path)  when we need to display it in the details panel.',
  current_state: 'accepted',
  requested_by_id: 753125,
  project_id: 786811,
  url: 'https://www.pivotaltracker.com/story/show/72974048',
  owner_ids: [ 763057 ],
  labels: 
   [ { id: 8655806,
       project_id: 786811,
       kind: 'label',
       name: 'pg management pt 1',
       created_at: 1402437039000,
       updated_at: 1402437039000 },
     { id: 8607954,
       project_id: 786811,
       kind: 'label',
       name: 'route management',
       created_at: 1401943050000,
       updated_at: 1401943050000 },
     { id: 8094606,
       project_id: 786811,
       kind: 'label',
       name: 'softserve',
       created_at: 1396364382000,
       updated_at: 1396364382000 } ],
  owned_by_id: 763057 }
storyData { kind: 'story',
  id: 72535228,
  created_at: 1401808913000,
  updated_at: 1403570466000,
  accepted_at: 1403570466000,
  estimate: 2,
  story_type: 'feature',
  name: 'Routes on content',
  description: 'See #72974048. We want to do the same thing for content - this will effectively allow CMS users to designate a custom URL for an individual piece of content, if needed.',
  current_state: 'accepted',
  requested_by_id: 753125,
  project_id: 786811,
  url: 'https://www.pivotaltracker.com/story/show/72535228',
  owner_ids: [ 763055, 763057 ],
  labels: 
   [ { id: 8094606,
       project_id: 786811,
       kind: 'label',
       name: 'softserve',
       created_at: 1396364382000,
       updated_at: 1396364382000 } ],
  owned_by_id: 763055 }
storyData { kind: 'story',
  id: 73388444,
  created_at: 1403014257000,
  updated_at: 1403616643000,
  accepted_at: 1403616643000,
  deadline: 1403546400000,
  story_type: 'release',
  name: 'Sprint 39',
  current_state: 'accepted',
  requested_by_id: 1307452,
  project_id: 786811,
  url: 'https://www.pivotaltracker.com/story/show/73388444',
  owner_ids: [],
  labels: [] }
storyData { kind: 'story',
  id: 70960554,
  created_at: 1399571369000,
  updated_at: 1403654056000,
  accepted_at: 1403654055000,
  estimate: 1,
  story_type: 'chore',
  name: 'Change integration method of TileJS',
  description: 'Integrate TileJS through some means that pulls directly from the repository rather than just having the code in directly.',
  current_state: 'accepted',
  requested_by_id: 955157,
  project_id: 786811,
  url: 'https://www.pivotaltracker.com/story/show/70960554',
  owner_ids: [ 955157 ],
  labels: 
   [ { id: 8796394,
       project_id: 786811,
       kind: 'label',
       name: 'page-edit branch',
       created_at: 1403653120000,
       updated_at: 1403653120000 } ],
  owned_by_id: 955157 }
storyData { kind: 'story',
  id: 73396378,
  created_at: 1403019186000,
  updated_at: 1403734061000,
  accepted_at: 1403734061000,
  estimate: 2,
  story_type: 'feature',
  name: 'Integrate templates into CougarFan',
  current_state: 'accepted',
  requested_by_id: 955157,
  project_id: 786811,
  url: 'https://www.pivotaltracker.com/story/show/73396378',
  owner_ids: [ 383813 ],
  labels: [],
  owned_by_id: 383813 }
storyData { kind: 'story',
  id: 73394982,
  created_at: 1403018239000,
  updated_at: 1403734062000,
  accepted_at: 1403734063000,
  estimate: 3,
  story_type: 'feature',
  name: 'Get Twig block information from Twig Parser',
  current_state: 'accepted',
  requested_by_id: 753125,
  project_id: 786811,
  url: 'https://www.pivotaltracker.com/story/show/73394982',
  owner_ids: [ 383813 ],
  labels: [],
  owned_by_id: 383813 }
storyData { kind: 'story',
  id: 73432814,
  created_at: 1403046587000,
  updated_at: 1404850807000,
  accepted_at: 1403736086000,
  estimate: 2,
  story_type: 'feature',
  name: 'Authors: Update details panel styles',
  description: '**Note**: Depending on when this story is done, some of the fields we refer to in this story might not refer to fields/elements that exist. If that is the case, just skip them and move on.\n\nAs a CMS user, I’d really like you to make the authors widget details panel less confusing. Everything is crammed together and labels are missing.\n\n* When I create a new author, the details panel shows the new author form (current behavior).\n* When I create/edit authors, the fields appear in this order:\n  * Status\n  * First name\n  * Last name\n  * Social\n    * Twitter\n    * Facebook\n    * Google+\n  * Bylines (one is shown by default on new author creation; if none are created, only the group label appears with the plus symbol appears when editing/inspecting)\n    * Internal label\n    * Site\n    * Display name\n    * Publication or tagline\n  * Profile Bios (one is shown by default on new author creation; if none are created, only the group label appears with the plus symbol appears when editing/inspecting)\n    * Site\n    * Image upload box\n    * Short bio\n    * Full bio\n* When a text field is blank, it generally has no label outside the placeholder text. (The mockup may designate some exceptions)\n* When a text field is not blank, it generally has a label above the field. (The mockup designates some exceptions, like First and Last Name and the click-to-edit fields.)\n* When I start typing in a previously empty text field, the label is added above it. If this proves too difficult to implement, we can skip it and just add the label after a user saves and returns.\n',
  current_state: 'accepted',
  requested_by_id: 753125,
  project_id: 786811,
  url: 'https://www.pivotaltracker.com/story/show/73432814',
  owner_ids: [ 763057 ],
  labels: 
   [ { id: 8130010,
       project_id: 786811,
       kind: 'label',
       name: 'author management',
       created_at: 1396636289000,
       updated_at: 1396636289000 },
     { id: 7776572,
       project_id: 786811,
       kind: 'label',
       name: 'qa done',
       created_at: 1392935855000,
       updated_at: 1392935855000 },
     { id: 8094606,
       project_id: 786811,
       kind: 'label',
       name: 'softserve',
       created_at: 1396364382000,
       updated_at: 1396364382000 } ],
  owned_by_id: 763057 }
storyData { kind: 'story',
  id: 73806944,
  created_at: 1403623944000,
  updated_at: 1403908722000,
  accepted_at: 1403908537000,
  estimate: 2,
  story_type: 'chore',
  name: 'Catch media-widget-all branch up to master',
  current_state: 'accepted',
  requested_by_id: 955157,
  project_id: 786811,
  url: 'https://www.pivotaltracker.com/story/show/73806944',
  owner_ids: [ 383813, 955157 ],
  labels: 
   [ { id: 8826876,
       project_id: 786811,
       kind: 'label',
       name: 'media-widget branch',
       created_at: 1403908721000,
       updated_at: 1403908721000 } ],
  owned_by_id: 383813 }
storyData { kind: 'story',
  id: 73352210,
  created_at: 1402959356000,
  updated_at: 1403912685000,
  accepted_at: 1403912685000,
  estimate: 1,
  story_type: 'bug',
  name: 'Add source field back to the content index details panel',
  description: 'When we did Pivotal story #68920812, we added the source information to the details panel of stories where we had that information. Let\'s add it back. If it\'s not too much trouble, let\'s hide the field away when we don\'t have the source information.',
  current_state: 'accepted',
  requested_by_id: 753125,
  project_id: 786811,
  url: 'https://www.pivotaltracker.com/story/show/73352210',
  owner_ids: [ 763057 ],
  labels: 
   [ { id: 8761114,
       project_id: 786811,
       kind: 'label',
       name: 'bug: master',
       created_at: 1403217051000,
       updated_at: 1403217051000 },
     { id: 7262702,
       project_id: 786811,
       kind: 'label',
       name: 'content index',
       created_at: 1387213387000,
       updated_at: 1387213387000 },
     { id: 8094606,
       project_id: 786811,
       kind: 'label',
       name: 'softserve',
       created_at: 1396364382000,
       updated_at: 1396364382000 } ],
  owned_by_id: 763057 }
storyData { kind: 'story',
  id: 73801296,
  created_at: 1403620785000,
  updated_at: 1404852047000,
  accepted_at: 1404151200000,
  estimate: 1,
  story_type: 'feature',
  name: 'Configure containers as manual or automatic queues',
  current_state: 'accepted',
  requested_by_id: 753125,
  project_id: 786811,
  url: 'https://www.pivotaltracker.com/story/show/73801296',
  owner_ids: [ 383813 ],
  labels: 
   [ { id: 8655806,
       project_id: 786811,
       kind: 'label',
       name: 'pg management pt 1',
       created_at: 1402437039000,
       updated_at: 1402437039000 },
     { id: 7776572,
       project_id: 786811,
       kind: 'label',
       name: 'qa done',
       created_at: 1392935855000,
       updated_at: 1392935855000 } ],
  owned_by_id: 383813 }
storyData { kind: 'story',
  id: 73800718,
  created_at: 1403620346000,
  updated_at: 1404852736000,
  accepted_at: 1404151200000,
  estimate: 2,
  story_type: 'feature',
  name: 'Edit pages (in page builder widget)',
  description: 'As a CMS user, I need a way to open pages in the new page builder widget. While I can change some page settings from the pages index details panel, the page builder widget will provide extensive control over page settings and content.\n\nFrom the pages index:\n* When I select a page and click Edit (in the toolbar) that page opens in a new page builder widget.\n* When I click the page name, which is formatted as a hyperlink, that page opens in a new page builder widget.\n\n**Notes**:\n* Page builder won\'t do much at this point — probably just display the same details panel visible in the pages index. The widget\'s feature set will be built out in subsequent stories.',
  current_state: 'accepted',
  requested_by_id: 753125,
  project_id: 786811,
  url: 'https://www.pivotaltracker.com/story/show/73800718',
  owner_ids: [ 955157, 383813 ],
  labels: 
   [ { id: 8796394,
       project_id: 786811,
       kind: 'label',
       name: 'page-edit branch',
       created_at: 1403653120000,
       updated_at: 1403653120000 },
     { id: 8655806,
       project_id: 786811,
       kind: 'label',
       name: 'pg management pt 1',
       created_at: 1402437039000,
       updated_at: 1402437039000 },
     { id: 7776572,
       project_id: 786811,
       kind: 'label',
       name: 'qa done',
       created_at: 1392935855000,
       updated_at: 1392935855000 } ],
  owned_by_id: 955157 }
storyData { kind: 'story',
  id: 73795974,
  created_at: 1403616677000,
  updated_at: 1404221631000,
  accepted_at: 1404221630000,
  deadline: 1404151200000,
  story_type: 'release',
  name: 'Sprint 40',
  current_state: 'accepted',
  requested_by_id: 1307452,
  project_id: 786811,
  url: 'https://www.pivotaltracker.com/story/show/73795974',
  owner_ids: [],
  labels: [] }
storyData { kind: 'story',
  id: 73801144,
  created_at: 1403620671000,
  updated_at: 1404938038000,
  accepted_at: 1404318215000,
  estimate: 2,
  story_type: 'feature',
  name: 'Remove containers from page builder',
  current_state: 'accepted',
  requested_by_id: 753125,
  project_id: 786811,
  url: 'https://www.pivotaltracker.com/story/show/73801144',
  owner_ids: [ 383813, 955157 ],
  labels: 
   [ { id: 8808094,
       project_id: 786811,
       kind: 'label',
       name: 'page-edit-add-containers branch',
       created_at: 1403732917000,
       updated_at: 1403732917000 },
     { id: 8655806,
       project_id: 786811,
       kind: 'label',
       name: 'pg management pt 1',
       created_at: 1402437039000,
       updated_at: 1402437039000 },
     { id: 7776572,
       project_id: 786811,
       kind: 'label',
       name: 'qa done',
       created_at: 1392935855000,
       updated_at: 1392935855000 } ],
  owned_by_id: 383813 }
storyData { kind: 'story',
  id: 73070596,
  created_at: 1402508052000,
  updated_at: 1404318217000,
  accepted_at: 1404318216000,
  estimate: 2,
  story_type: 'feature',
  name: 'CougarFan: Create Desktop Header / Footer',
  description: 'As a user I would like to see a header / footer on a desktop with the following information: \n\nPrimary Header: \n- The header includes the primary header with the logo, tagline, follow buttons and authentication. \n\n> When I click on the CougarFan logo I should be directed to the homepage\n\n> When I click on the Twitter icon I should be taken to the CougarFan Twitter page: https://twitter.com/cougarfandotcom\n\n> When I click on the Facebook icon I should be taken to the CougarFan Facebook page: https://www.facebook.com/cougarsports?fref=nf\n\n> When I click on the email icon I should be taken to the email signup page: cougarfan.com/email\n\n> When I click on the authentication (person) icon, the authentication prompt should appear (see mockup, "Authentication Prompt")\n\n\nDesktop Navigation: \n> Desktop navigation tabs should include: News, Sports Teams, Recruiting News and Discussion Board. \n\n> News should be the default tab and is also the homepage\n\n> The navigation should highlight the active tab in light blue (see mock)\n\n> Inactive tabs should be displayed in dark blue (see mock)\n\n> News should direct to: cougarfan.com\n\n> Sports Teams should direct to: cougarfan.com/teams/\n\n> Recruiting News should direct to: cougarfan.com/recruits/\n\n> Discussion Board should direct to: cougarfan.com/board/\n\n\nFooter: \n\nThe footer should include the following links: \n- BYU Recruiting: cougarfan.com/recruits/\n- BYU Discussion Board: cougarfan.com/board/\n- BYU Sports Newsletter: cougarfan.com/email\n- BYU Sports Teams: cougarfan.com/teams/\n- BYU Football: cougarfan.com/teams/football/\n- BYU Basketball: cougarfan.com/teams/basketball_men/',
  current_state: 'accepted',
  requested_by_id: 1074109,
  project_id: 786811,
  url: 'https://www.pivotaltracker.com/story/show/73070596',
  owner_ids: [ 1267534 ],
  labels: 
   [ { id: 8838778,
       project_id: 786811,
       kind: 'label',
       name: 'cougar-mvp',
       created_at: 1404162094000,
       updated_at: 1404162094000 },
     { id: 8672136,
       project_id: 786811,
       kind: 'label',
       name: 'cougarfan',
       created_at: 1402593224000,
       updated_at: 1402593224000 } ],
  owned_by_id: 1267534 }
storyData { kind: 'story',
  id: 73800776,
  created_at: 1403620390000,
  updated_at: 1404938111000,
  accepted_at: 1404329823000,
  estimate: 2,
  story_type: 'feature',
  name: 'Add containers to page builder',
  current_state: 'accepted',
  requested_by_id: 753125,
  project_id: 786811,
  url: 'https://www.pivotaltracker.com/story/show/73800776',
  owner_ids: [ 955157, 383813 ],
  labels: 
   [ { id: 8808094,
       project_id: 786811,
       kind: 'label',
       name: 'page-edit-add-containers branch',
       created_at: 1403732917000,
       updated_at: 1403732917000 },
     { id: 8655806,
       project_id: 786811,
       kind: 'label',
       name: 'pg management pt 1',
       created_at: 1402437039000,
       updated_at: 1402437039000 },
     { id: 7776572,
       project_id: 786811,
       kind: 'label',
       name: 'qa done',
       created_at: 1392935855000,
       updated_at: 1392935855000 } ],
  owned_by_id: 955157 }
storyData { kind: 'story',
  id: 73801470,
  created_at: 1403620912000,
  updated_at: 1404938351000,
  accepted_at: 1404329825000,
  estimate: 2,
  story_type: 'feature',
  name: 'Reorder page containers',
  current_state: 'accepted',
  requested_by_id: 753125,
  project_id: 786811,
  url: 'https://www.pivotaltracker.com/story/show/73801470',
  owner_ids: [ 955157 ],
  labels: 
   [ { id: 8808094,
       project_id: 786811,
       kind: 'label',
       name: 'page-edit-add-containers branch',
       created_at: 1403732917000,
       updated_at: 1403732917000 },
     { id: 8655806,
       project_id: 786811,
       kind: 'label',
       name: 'pg management pt 1',
       created_at: 1402437039000,
       updated_at: 1402437039000 },
     { id: 7776572,
       project_id: 786811,
       kind: 'label',
       name: 'qa done',
       created_at: 1392935855000,
       updated_at: 1392935855000 } ],
  owned_by_id: 955157 }
storyData { kind: 'story',
  id: 72976756,
  created_at: 1402413873000,
  updated_at: 1404345003000,
  accepted_at: 1404345002000,
  estimate: 3,
  story_type: 'chore',
  name: 'Setup Cougar Fan beta site and staging (dynamic branching, etc.)',
  current_state: 'accepted',
  requested_by_id: 753125,
  project_id: 786811,
  url: 'https://www.pivotaltracker.com/story/show/72976756',
  owner_ids: [ 660523 ],
  labels: [],
  owned_by_id: 660523 }
storyData { kind: 'story',
  id: 74391398,
  created_at: 1404400569000,
  updated_at: 1404400574000,
  accepted_at: 1404400573000,
  estimate: 1,
  story_type: 'chore',
  name: 'Troubleshoot Mobile Web issues for Clark Gilber',
  current_state: 'accepted',
  requested_by_id: 1074109,
  project_id: 786811,
  url: 'https://www.pivotaltracker.com/story/show/74391398',
  owner_ids: [ 660523, 1074109 ],
  labels: [],
  owned_by_id: 660523 }
storyData { kind: 'story',
  id: 73984436,
  created_at: 1403805930000,
  updated_at: 1404400586000,
  accepted_at: 1404400585000,
  estimate: 1,
  story_type: 'feature',
  name: 'Add Siegfried & Jensen logo to the Sports navigation pull down - DUE JULY 3!!',
  description: 'As a sales person I would l have sold "sports" sponsorship to Siegfried & Jensen and need the hover sponsorship displayed. \n\nAs a user when I hover over "Sports" I should see the Siegfried & Jensen logo on the bottom of the sports hover. \n\nWhen I click anywhere on the logo I should be directed in a new tab to: http://www.siegfriedandjensen.com/?utm_source=KSL.com_DNews&utm_medium=Sports%20Sponsorship%20Ribbon&utm_term=Sponsorship&utm_campaign=S%26J_KSL_SportsSponsorship',
  current_state: 'accepted',
  requested_by_id: 1074109,
  project_id: 786811,
  url: 'https://www.pivotaltracker.com/story/show/73984436',
  owner_ids: [ 763057 ],
  labels: 
   [ { id: 8206336,
       project_id: 786811,
       kind: 'label',
       name: 'dn_local',
       created_at: 1397499914000,
       updated_at: 1397499914000 },
     { id: 8142124,
       project_id: 786811,
       kind: 'label',
       name: 'hotfix',
       created_at: 1396885149000,
       updated_at: 1396885149000 },
     { id: 8094606,
       project_id: 786811,
       kind: 'label',
       name: 'softserve',
       created_at: 1396364382000,
       updated_at: 1396364382000 } ],
  owned_by_id: 763057 }
storyData { kind: 'story',
  id: 74074182,
  created_at: 1403903527000,
  updated_at: 1404402240000,
  accepted_at: 1404402239000,
  estimate: 1,
  story_type: 'feature',
  name: ' Add Twitter follow button to DN local byline',
  description: 'As a user I would like an easy way to follow the author of an article I read. \n\n* When I view an article I see the twitter follow button next to the author byline. I can click on the follow button and be taken to the author\'s twitter page to follow him/her. \n\nhttps://dev.twitter.com/docs/follow-button',
  current_state: 'accepted',
  requested_by_id: 1074109,
  project_id: 786811,
  url: 'https://www.pivotaltracker.com/story/show/74074182',
  owner_ids: [ 763057 ],
  labels: 
   [ { id: 8206336,
       project_id: 786811,
       kind: 'label',
       name: 'dn_local',
       created_at: 1397499914000,
       updated_at: 1397499914000 },
     { id: 8142124,
       project_id: 786811,
       kind: 'label',
       name: 'hotfix',
       created_at: 1396885149000,
       updated_at: 1396885149000 },
     { id: 8094606,
       project_id: 786811,
       kind: 'label',
       name: 'softserve',
       created_at: 1396364382000,
       updated_at: 1396364382000 } ],
  owned_by_id: 763057 }
storyData { kind: 'story',
  id: 74152494,
  created_at: 1404146522000,
  updated_at: 1404408112000,
  accepted_at: 1404408112000,
  estimate: 3,
  story_type: 'bug',
  name: 'Push Notifications: Fix queueing',
  current_state: 'accepted',
  requested_by_id: 1074109,
  project_id: 786811,
  url: 'https://www.pivotaltracker.com/story/show/74152494',
  owner_ids: [ 660523 ],
  labels: 
   [ { id: 8206336,
       project_id: 786811,
       kind: 'label',
       name: 'dn_local',
       created_at: 1397499914000,
       updated_at: 1397499914000 },
     { id: 7692734,
       project_id: 786811,
       kind: 'label',
       name: 'no qa',
       created_at: 1392138132000,
       updated_at: 1392138132000 } ],
  owned_by_id: 660523 }
storyData { kind: 'story',
  id: 74235290,
  created_at: 1404229292000,
  updated_at: 1404408117000,
  accepted_at: 1404408116000,
  estimate: 2,
  story_type: 'feature',
  name: 'Sync author script',
  current_state: 'accepted',
  requested_by_id: 753125,
  project_id: 786811,
  url: 'https://www.pivotaltracker.com/story/show/74235290',
  owner_ids: [ 383813 ],
  labels: [],
  owned_by_id: 383813 }
storyData { kind: 'story',
  id: 73432884,
  created_at: 1403046681000,
  updated_at: 1404850630000,
  accepted_at: 1404411027000,
  estimate: 3,
  story_type: 'feature',
  name: 'Authors: Add/edit/delete (multiple) bylines',
  description: 'As a CMS user, I need the option to create/manage multiple bylines for a single author.\n\n* When I create a new author, I see the fields for the author’s first byline listed in the default form.\n* When I create a new author, I can create additional (2+) bylines by clicking the plus symbol next to the BYLINES header.\n* When I inspect/edit an author with no bylines, I can add bylines by clicking the plus symbol next to the BYLINES header.\n* When I hover over the plus symbol, it darkens.\n* When I add bylines, there is no limit to the number of bylines an author can have for each site.\n* When I add bylines, the first three fields are required. The fourth field is optional.\n* When I hover over the edit text *or any field in that specific byline* the Edit text darkens.\n* To edit an existing byline, I can click the edit text or *any field in that byline*.\n* When I click to edit in a byline field, my cursor appears in the field that I clicked in after the byline fields have transformed and are editable. In other words, if I click on a text field in a byline, I should not have to click a second time in that field to edit.\n\n*Notes*:\n* The plus symbol that appears in the attached mockups is part of the glyphpicons library that we already load.\n* Use our default blue URL color as the hover state color on the click-to-edit Edit button (start with a lighter color). The edit button style and positioning should be fairly similar to to the character counter we implemented in the content widget. It’s just a button instead of a character counter. And it’s blue.',
  current_state: 'accepted',
  requested_by_id: 753125,
  project_id: 786811,
  url: 'https://www.pivotaltracker.com/story/show/73432884',
  owner_ids: [ 763055 ],
  labels: 
   [ { id: 8130010,
       project_id: 786811,
       kind: 'label',
       name: 'author management',
       created_at: 1396636289000,
       updated_at: 1396636289000 },
     { id: 7776572,
       project_id: 786811,
       kind: 'label',
       name: 'qa done',
       created_at: 1392935855000,
       updated_at: 1392935855000 },
     { id: 8094606,
       project_id: 786811,
       kind: 'label',
       name: 'softserve',
       created_at: 1396364382000,
       updated_at: 1396364382000 } ],
  owned_by_id: 763055 }
storyData { kind: 'story',
  id: 73432928,
  created_at: 1403046731000,
  updated_at: 1404851046000,
  accepted_at: 1404411029000,
  estimate: 3,
  story_type: 'feature',
  name: 'Authors: Add/edit/delete (multiple) profiles',
  description: 'As a CMS user, I need the option to create/manage multiple profiles for a single author.\n\n* When I create a new author, I see the fields for the author’s first profile listed in the default form.\n* When I create a new author, I can create additional (2+) profiles by clicking the plus symbol next to the PROFILES header.\n* When I inspect/edit an author with no bylines, I can add bylines by clicking the plus symbol next to the PROFILES header.\n* When I hover over the plus symbol, it darkens.\n* When I add new profiles to an author, I can only create one per site. For example, when selecting the site on the second profile, the select box should display the name of the site used in the first.\n* When I hover over the edit text *or any field in that specific profile* the Edit text darkens.\n* To edit an existing byline, I can click the edit text or *any field in that byline*.\n* When I click to edit in a byline field, my cursor appears in the field that I clicked in after the byline fields have transformed and are editable. In other words, if I click on a text field in a byline, I should not have to click a second time in that field to edit.\n\n*Notes*:\n* The plus symbol that appears in the attached mockups is part of the glyphpicons library that we already load.\n* Use our default blue URL color as the hover state color on the click-to-edit Edit button (start with a lighter color). The edit button style and positioning should be fairly similar to to the character counter we implemented in the content widget. It’s just a button instead of a character counter. And it’s blue.',
  current_state: 'accepted',
  requested_by_id: 753125,
  project_id: 786811,
  url: 'https://www.pivotaltracker.com/story/show/73432928',
  owner_ids: [ 763055 ],
  labels: 
   [ { id: 8130010,
       project_id: 786811,
       kind: 'label',
       name: 'author management',
       created_at: 1396636289000,
       updated_at: 1396636289000 },
     { id: 7776572,
       project_id: 786811,
       kind: 'label',
       name: 'qa done',
       created_at: 1392935855000,
       updated_at: 1392935855000 },
     { id: 8094606,
       project_id: 786811,
       kind: 'label',
       name: 'softserve',
       created_at: 1396364382000,
       updated_at: 1396364382000 } ],
  owned_by_id: 763055 }
storyData { kind: 'story',
  id: 74153398,
  created_at: 1404147165000,
  updated_at: 1404750771000,
  accepted_at: 1404750772000,
  estimate: 1,
  story_type: 'chore',
  name: 'Identify all DN Local Sub-domains',
  description: 'Nate needs a list of deseretnews.com subdomains that are used for public-facing sites.',
  current_state: 'accepted',
  requested_by_id: 1074109,
  project_id: 786811,
  url: 'https://www.pivotaltracker.com/story/show/74153398',
  owner_ids: [ 660523 ],
  labels: 
   [ { id: 8206336,
       project_id: 786811,
       kind: 'label',
       name: 'dn_local',
       created_at: 1397499914000,
       updated_at: 1397499914000 } ],
  owned_by_id: 660523 }
storyData { kind: 'story',
  id: 73070614,
  created_at: 1402508073000,
  updated_at: 1404826635000,
  accepted_at: 1404756000000,
  estimate: 3,
  story_type: 'feature',
  name: 'CougarFan: Create Mobile Header / Footer',
  description: 'As a user I would like to see a mobile header / footer with the following information: \n\nPrimary Header: \n- The header includes the primary header with the logo\n\n> When I click on the CougarFan logo I should be directed to the homepage\n\nHamburger: \n\nNavigation > \n> News should be the default tab and is also the homepage\n\n> The navigation should highlight the active tab in light blue (see mock)\n\n> Inactive tabs should be displayed in dark blue (see mock)\n\n> News should direct to: cougarfan.com\n\n> Sports Teams should direct to: cougarfan.com/teams/\n\n> Recruiting News should direct to: cougarfan.com/recruits/\n\n> Discussion Board should direct to: cougarfan.com/board/\n\n> Profile should direct to  the authentication page (to be mocked)\n\n> When I click on the Twitter icon I should be taken to the CougarFan Twitter page: https://twitter.com/cougarfandotcom\n\n> When I click on the Facebook icon I should be taken to the CougarFan Facebook page: https://www.facebook.com/cougarsports?fref=nf\n\n> When I click on the email icon I should be taken to the email signup page: cougarfan.com/email\n\n\nFooter: \n\nThe footer should include the following links: \n- BYU Recruiting: cougarfan.com/recruits/\n- BYU Discussion Board: cougarfan.com/board/\n- BYU Sports Newsletter: cougarfan.com/email\n- BYU Sports Teams: cougarfan.com/teams/\n- BYU Football: cougarfan.com/teams/football/\n- BYU Basketball: cougarfan.com/teams/basketball_men/',
  current_state: 'accepted',
  requested_by_id: 1074109,
  project_id: 786811,
  url: 'https://www.pivotaltracker.com/story/show/73070614',
  owner_ids: [ 1267534 ],
  labels: 
   [ { id: 8838778,
       project_id: 786811,
       kind: 'label',
       name: 'cougar-mvp',
       created_at: 1404162094000,
       updated_at: 1404162094000 },
     { id: 8672136,
       project_id: 786811,
       kind: 'label',
       name: 'cougarfan',
       created_at: 1402593224000,
       updated_at: 1402593224000 } ],
  owned_by_id: 1267534 }
storyData { kind: 'story',
  id: 74177954,
  created_at: 1404162985000,
  updated_at: 1404827458000,
  accepted_at: 1404756000000,
  deadline: 1404756000000,
  story_type: 'release',
  name: 'Sprint 41',
  current_state: 'accepted',
  requested_by_id: 753125,
  project_id: 786811,
  url: 'https://www.pivotaltracker.com/story/show/74177954',
  owner_ids: [],
  labels: [] }
storyData { kind: 'story',
  id: 73477020,
  created_at: 1403105769000,
  updated_at: 1404939155000,
  accepted_at: 1404756000000,
  estimate: 3,
  story_type: 'feature',
  name: 'Add a new question to a quiz',
  description: 'As a CMS user, I need to add multiple questions to quizzes.\n\n* When I press the add question button, a new blank question is added to the poll / quiz — if the Questions tab is open in the details panel, the question appears there and is selected; in the main widget body, the new blank question appears.\n\n*Note from Matt*:\nWhen you get to this, check out the changes we\'ve made to the List (which uses Dropzone) on the page-edit-add-containers branch.',
  current_state: 'accepted',
  requested_by_id: 753125,
  project_id: 786811,
  url: 'https://www.pivotaltracker.com/story/show/73477020',
  owner_ids: [ 763055 ],
  labels: 
   [ { id: 7776572,
       project_id: 786811,
       kind: 'label',
       name: 'qa done',
       created_at: 1392935855000,
       updated_at: 1392935855000 },
     { id: 8762506,
       project_id: 786811,
       kind: 'label',
       name: 'quiz-poll management',
       created_at: 1403243281000,
       updated_at: 1403243281000 },
     { id: 8094606,
       project_id: 786811,
       kind: 'label',
       name: 'softserve',
       created_at: 1396364382000,
       updated_at: 1396364382000 } ],
  owned_by_id: 763055 }
storyData { kind: 'story',
  id: 74391700,
  created_at: 1404400706000,
  updated_at: 1404761787000,
  accepted_at: 1404761787000,
  estimate: 1,
  story_type: 'chore',
  name: 'Contact Tom Jensen (BonCom) to discuss DN Local Redesign',
  current_state: 'accepted',
  requested_by_id: 1074109,
  project_id: 786811,
  url: 'https://www.pivotaltracker.com/story/show/74391700',
  owner_ids: [ 660523 ],
  labels: [],
  owned_by_id: 660523 }
storyData { kind: 'story',
  id: 73476958,
  created_at: 1403105735000,
  updated_at: 1404939152000,
  accepted_at: 1404786815000,
  estimate: 3,
  story_type: 'feature',
  name: 'Create/Edit quizzes & polls',
  description: 'As a CMS user, I need to create and edit quizzes and polls content.\n\n* When I click the new button in the content index, I get a new content widget.\n* When I first spawn a new content widget, the details panel and body are empty except for the Content Type select box. For now, the Content Type select box can stay in the details panel rather than the new location depicted in the mockup. (We\'ll likely move it later). The Status select box can be positioned below it.\n* When I select Link-off, the widget is configured for link-offs which function the same way they do now.\n* When I select Quiz / Poll, the widget contains the following fields:\n  * Primary title\n  * Short title\n  * Summary\n  * Publish on... (We don\'t need to include scheduling options as depicted in the mockup, just list the sites for now).\n\n*Notes*:\n* The mockup contains a lot of elements that will be added in future stories. For now, just stick to the elements I described above. We don\'t need the Preview button or the User responses panel.\n* In this mockup, you\'ll notice the toolbar doesn\'t extend above the details panel. Ignore that for now and style the toolbar the way we have on all the other widgets.\n* The tabs UI component is one of the big pieces of this story. You\'ll want to create it to be reusable throughout the CMS.\n* In the mockup, the text size in the two title fields is larger than the others. I\'d like to try this. If we like it, we\'ll use it in the other widgets. For example, in Authors, we might use the larger text size for the name fields.\n* The status options will be the same as the ones we use for link-offs.\n* Tabas are not a part of the scope of this story.',
  current_state: 'accepted',
  requested_by_id: 753125,
  project_id: 786811,
  url: 'https://www.pivotaltracker.com/story/show/73476958',
  owner_ids: [ 763055 ],
  labels: 
   [ { id: 7776572,
       project_id: 786811,
       kind: 'label',
       name: 'qa done',
       created_at: 1392935855000,
       updated_at: 1392935855000 },
     { id: 8762506,
       project_id: 786811,
       kind: 'label',
       name: 'quiz-poll management',
       created_at: 1403243281000,
       updated_at: 1403243281000 },
     { id: 8094606,
       project_id: 786811,
       kind: 'label',
       name: 'softserve',
       created_at: 1396364382000,
       updated_at: 1396364382000 } ],
  owned_by_id: 763055 }
storyData { kind: 'story',
  id: 74610194,
  created_at: 1404831482000,
  updated_at: 1404837074000,
  accepted_at: 1404837071000,
  estimate: 1,
  story_type: 'chore',
  name: 'Create CMS API key for CougarFan',
  current_state: 'accepted',
  requested_by_id: 753125,
  project_id: 786811,
  url: 'https://www.pivotaltracker.com/story/show/74610194',
  owner_ids: [ 955157 ],
  labels: [],
  owned_by_id: 955157 }
storyData { kind: 'story',
  id: 74694686,
  created_at: 1404916207000,
  updated_at: 1404924910000,
  accepted_at: 1404924910000,
  estimate: 1,
  story_type: 'bug',
  name: 'National: Popular returning an error and no articles',
  description: 'When I select the popular tab I receive an error message (see attached screen shot). Occurring on desktop and mobile. ',
  current_state: 'accepted',
  requested_by_id: 1074109,
  project_id: 786811,
  url: 'https://www.pivotaltracker.com/story/show/74694686',
  owner_ids: [ 660523 ],
  labels: 
   [ { id: 8150100,
       project_id: 786811,
       kind: 'label',
       name: 'dn_national',
       created_at: 1396932366000,
       updated_at: 1396932366000 } ],
  owned_by_id: 660523 }
storyData { kind: 'story',
  id: 74714796,
  created_at: 1404927082000,
  updated_at: 1404935292000,
  accepted_at: 1404935292000,
  estimate: 1,
  story_type: 'bug',
  name: 'Fix Twitter Button clashing with Video JS',
  current_state: 'accepted',
  requested_by_id: 660523,
  project_id: 786811,
  url: 'https://www.pivotaltracker.com/story/show/74714796',
  owner_ids: [ 660523 ],
  labels: [],
  owned_by_id: 660523 }
storyData { kind: 'story',
  id: 74694818,
  created_at: 1404916290000,
  updated_at: 1404935301000,
  accepted_at: 1404935301000,
  estimate: 1,
  story_type: 'bug',
  name: 'National: Article pages have large gap between headline and body when viewing on phone and large gap between bottom of article on desktop',
  description: 'When I view an article on mobile there is a large white gap between the headline and main article body. \n\nWhen I view an article on desktop there is a large white gap between the end of the article and the footer. ',
  current_state: 'accepted',
  requested_by_id: 1074109,
  project_id: 786811,
  url: 'https://www.pivotaltracker.com/story/show/74694818',
  owner_ids: [ 660523 ],
  labels: 
   [ { id: 8150100,
       project_id: 786811,
       kind: 'label',
       name: 'dn_national',
       created_at: 1396932366000,
       updated_at: 1396932366000 } ],
  owned_by_id: 660523 }
storyData { kind: 'story',
  id: 73070658,
  created_at: 1402508092000,
  updated_at: 1404935547000,
  accepted_at: 1404935547000,
  estimate: 5,
  story_type: 'feature',
  name: 'CougarFan: Create HTML/CSS layer for Homepage',
  description: 'As a user I would like a homepage where I can find recent news, popular news, recent news and more. \n\nThe page should be built responsive so that I can view on a desktop at 960 width, tablet landscape, tablet portrait, phone landscape and phone portrait. We will have to work through the actual break points for the various sizes as we go. \n\nThe page elements are described in detail in the attachments. \n\nNote: this does not include ads',
  current_state: 'accepted',
  requested_by_id: 1074109,
  project_id: 786811,
  url: 'https://www.pivotaltracker.com/story/show/73070658',
  owner_ids: [ 1267534 ],
  labels: 
   [ { id: 8838778,
       project_id: 786811,
       kind: 'label',
       name: 'cougar-mvp',
       created_at: 1404162094000,
       updated_at: 1404162094000 },
     { id: 8672136,
       project_id: 786811,
       kind: 'label',
       name: 'cougarfan',
       created_at: 1402593224000,
       updated_at: 1402593224000 } ],
  owned_by_id: 1267534 }
storyData { kind: 'story',
  id: 73070702,
  created_at: 1402508138000,
  updated_at: 1405006296000,
  accepted_at: 1405006297000,
  estimate: 1,
  story_type: 'feature',
  name: 'CougarFan: Create HTML/CSS layer for Sports Team Landing Page',
  description: 'As a user I would like to see a list of the BYU sports teams so I can select which sports team I would like to get news from. ',
  current_state: 'accepted',
  requested_by_id: 1074109,
  project_id: 786811,
  url: 'https://www.pivotaltracker.com/story/show/73070702',
  owner_ids: [ 763057 ],
  labels: 
   [ { id: 8838778,
       project_id: 786811,
       kind: 'label',
       name: 'cougar-mvp',
       created_at: 1404162094000,
       updated_at: 1404162094000 },
     { id: 8672136,
       project_id: 786811,
       kind: 'label',
       name: 'cougarfan',
       created_at: 1402593224000,
       updated_at: 1402593224000 },
     { id: 8094606,
       project_id: 786811,
       kind: 'label',
       name: 'softserve',
       created_at: 1396364382000,
       updated_at: 1396364382000 } ],
  owned_by_id: 763057 }
storyData { kind: 'story',
  id: 74527156,
  created_at: 1404747737000,
  updated_at: 1405012663000,
  accepted_at: 1405012663000,
  estimate: 1,
  story_type: 'chore',
  name: 'Review our Mongo Setup with Hoopes',
  current_state: 'accepted',
  requested_by_id: 753125,
  project_id: 786811,
  url: 'https://www.pivotaltracker.com/story/show/74527156',
  owner_ids: [ 660523, 955157 ],
  labels: [],
  owned_by_id: 660523 }
storyData { kind: 'story',
  id: 74313548,
  created_at: 1404316774000,
  updated_at: 1405024827000,
  accepted_at: 1405024827000,
  estimate: 1,
  story_type: 'feature',
  name: 'Setup CMS Api to read from cms-mongo02 and cms-mongo03',
  current_state: 'accepted',
  requested_by_id: 955157,
  project_id: 786811,
  url: 'https://www.pivotaltracker.com/story/show/74313548',
  owner_ids: [ 955157, 660523 ],
  labels: 
   [ { id: 8916158,
       project_id: 786811,
       kind: 'label',
       name: 'test-mongo-connection branch',
       created_at: 1405006574000,
       updated_at: 1405006574000 } ],
  owned_by_id: 955157 }
storyData { kind: 'story',
  id: 74311780,
  created_at: 1404315588000,
  updated_at: 1405024837000,
  accepted_at: 1405024837000,
  estimate: 2,
  story_type: 'chore',
  name: 'Re-replicate Mongo 2 & 3',
  current_state: 'accepted',
  requested_by_id: 1074109,
  project_id: 786811,
  url: 'https://www.pivotaltracker.com/story/show/74311780',
  owner_ids: [ 660523 ],
  labels: [],
  owned_by_id: 660523 }
storyData { kind: 'story',
  id: 74610558,
  created_at: 1404831560000,
  updated_at: 1405091360000,
  accepted_at: 1405091359000,
  estimate: 2,
  story_type: 'feature',
  name: 'Build out SDK to pull page data from API',
  current_state: 'accepted',
  requested_by_id: 753125,
  project_id: 786811,
  url: 'https://www.pivotaltracker.com/story/show/74610558',
  owner_ids: [ 955157 ],
  labels: 
   [ { id: 8894996,
       project_id: 786811,
       kind: 'label',
       name: 'cms-sdk-pages branch',
       created_at: 1404836498000,
       updated_at: 1404836498000 },
     { id: 8894998,
       project_id: 786811,
       kind: 'label',
       name: 'fenix',
       created_at: 1404836500000,
       updated_at: 1404836500000 },
     { id: 8895000,
       project_id: 786811,
       kind: 'label',
       name: 'no-qa',
       created_at: 1404836503000,
       updated_at: 1404836503000 } ],
  owned_by_id: 955157 }
storyData { kind: 'story',
  id: 74782862,
  created_at: 1405006417000,
  updated_at: 1405092902000,
  accepted_at: 1405092901000,
  estimate: 1,
  story_type: 'feature',
  name: 'National: Add pageview count for each photo viewed',
  description: 'As a GM I would like to count a pageview for every image that is viewed in the photo slideshow of National. Example URL: http://national.deseretnews.com/article/1865/Gray-gambling-How-gaming-impacts-seniors.html',
  current_state: 'accepted',
  requested_by_id: 1074109,
  project_id: 786811,
  url: 'https://www.pivotaltracker.com/story/show/74782862',
  owner_ids: [ 660523 ],
  labels: 
   [ { id: 8150100,
       project_id: 786811,
       kind: 'label',
       name: 'dn_national',
       created_at: 1396932366000,
       updated_at: 1396932366000 },
     { id: 8916126,
       project_id: 786811,
       kind: 'label',
       name: 'photos',
       created_at: 1405006417000,
       updated_at: 1405006417000 } ],
  owned_by_id: 660523 }
storyData { kind: 'story',
  id: 74611782,
  created_at: 1404832298000,
  updated_at: 1405205384000,
  accepted_at: 1405205383000,
  estimate: 2,
  story_type: 'feature',
  name: 'Refactor CougarFan templates into CMS-friendly partials',
  current_state: 'accepted',
  requested_by_id: 753125,
  project_id: 786811,
  url: 'https://www.pivotaltracker.com/story/show/74611782',
  owner_ids: [ 1267534 ],
  labels: 
   [ { id: 8655806,
       project_id: 786811,
       kind: 'label',
       name: 'pg management pt 1',
       created_at: 1402437039000,
       updated_at: 1402437039000 } ],
  owned_by_id: 1267534 }
storyData { kind: 'story',
  id: 74790510,
  created_at: 1405011943000,
  updated_at: 1405206278000,
  accepted_at: 1405206278000,
  estimate: 1,
  story_type: 'feature',
  name: 'Update API to use read preferences for mongodb',
  current_state: 'accepted',
  requested_by_id: 955157,
  project_id: 786811,
  url: 'https://www.pivotaltracker.com/story/show/74790510',
  owner_ids: [ 955157 ],
  labels: 
   [ { id: 8916158,
       project_id: 786811,
       kind: 'label',
       name: 'test-mongo-connection branch',
       created_at: 1405006574000,
       updated_at: 1405006574000 } ],
  owned_by_id: 955157 }
storyData { kind: 'story',
  id: 74702000,
  created_at: 1404920507000,
  updated_at: 1405206820000,
  accepted_at: 1405206819000,
  estimate: 1,
  story_type: 'chore',
  name: 'Provide Stage URL for CougarFan.com to Natalya',
  current_state: 'accepted',
  requested_by_id: 1074109,
  project_id: 786811,
  url: 'https://www.pivotaltracker.com/story/show/74702000',
  owner_ids: [ 660523 ],
  labels: [],
  owned_by_id: 660523 }
storyData { kind: 'story',
  id: 74908782,
  created_at: 1405223986000,
  updated_at: 1405281032000,
  accepted_at: 1405223991000,
  estimate: 0,
  story_type: 'feature',
  name: 'Release Insight Test - Accepted',
  current_state: 'accepted',
  requested_by_id: 660523,
  project_id: 786811,
  url: 'https://www.pivotaltracker.com/story/show/74908782',
  owner_ids: [ 660523 ],
  labels: 
   [ { id: 8932580,
       project_id: 786811,
       kind: 'label',
       name: 'qa-done-branch',
       created_at: 1405281032000,
       updated_at: 1405281032000 } ],
  owned_by_id: 660523 }
storyData { kind: 'story',
  id: 72969758,
  created_at: 1402409856000,
  updated_at: 1405015056000,
  estimate: 3,
  story_type: 'feature',
  name: 'Select page templates',
  current_state: 'delivered',
  requested_by_id: 753125,
  project_id: 786811,
  url: 'https://www.pivotaltracker.com/story/show/72969758',
  owner_ids: [ 955157, 383813 ],
  labels: 
   [ { id: 8888944,
       project_id: 786811,
       kind: 'label',
       name: 'page-edit-templates branch',
       created_at: 1404777679000,
       updated_at: 1404777679000 },
     { id: 8655806,
       project_id: 786811,
       kind: 'label',
       name: 'pg management pt 1',
       created_at: 1402437039000,
       updated_at: 1402437039000 } ],
  owned_by_id: 955157 }
storyData { kind: 'story',
  id: 73805808,
  created_at: 1403623188000,
  updated_at: 1405015061000,
  estimate: 2,
  story_type: 'feature',
  name: 'Select template for containers',
  current_state: 'delivered',
  requested_by_id: 753125,
  project_id: 786811,
  url: 'https://www.pivotaltracker.com/story/show/73805808',
  owner_ids: [ 955157 ],
  labels: 
   [ { id: 8888948,
       project_id: 786811,
       kind: 'label',
       name: 'page-edit-container-templates branch',
       created_at: 1404777699000,
       updated_at: 1404777699000 },
     { id: 8655806,
       project_id: 786811,
       kind: 'label',
       name: 'pg management pt 1',
       created_at: 1402437039000,
       updated_at: 1402437039000 } ],
  owned_by_id: 955157 }
storyData { kind: 'story',
  id: 73359448,
  created_at: 1402972534000,
  updated_at: 1405020980000,
  estimate: 3,
  story_type: 'feature',
  name: 'Warn if closing content widget with unsaved changes',
  description: 'As a CMS user, I would like the CMS to warn me before I close a widget with unsaved changes.\n\n* When I try to close a widget with unsaved changes, I see a modal with the following options:\n  * Cancel\n  * Save and close\n  * Discard changes\n\n*Notes*:\n* This should apply anywhere — not just content.\n* For the alert, use modal that we created for content delete confirmation.',
  current_state: 'delivered',
  requested_by_id: 753125,
  project_id: 786811,
  url: 'https://www.pivotaltracker.com/story/show/73359448',
  owner_ids: [ 763057 ],
  labels: 
   [ { id: 8130274,
       project_id: 786811,
       kind: 'label',
       name: 'cms dashboard',
       created_at: 1396638130000,
       updated_at: 1396638130000 },
     { id: 7776572,
       project_id: 786811,
       kind: 'label',
       name: 'qa done',
       created_at: 1392935855000,
       updated_at: 1392935855000 },
     { id: 8094606,
       project_id: 786811,
       kind: 'label',
       name: 'softserve',
       created_at: 1396364382000,
       updated_at: 1396364382000 } ],
  owned_by_id: 763057 }
storyData { kind: 'story',
  id: 73477096,
  created_at: 1403105824000,
  updated_at: 1405016451000,
  estimate: 3,
  story_type: 'feature',
  name: 'Reorder questions',
  description: 'As a CMS user, I need the ability to re-order quiz / poll questions.\n\nIn the Questions tab of the Details panel...\n* When I drag a question up or down, I am able to quickly reorder it.\n\n*Note*: We are going to use this drag to re-order functionality all over the place, so we need to make sure it is as portable as possible. For example, once quiz questions have multiple responses, you will be able to drag to re-order.',
  current_state: 'delivered',
  requested_by_id: 753125,
  project_id: 786811,
  url: 'https://www.pivotaltracker.com/story/show/73477096',
  owner_ids: [ 763055 ],
  labels: 
   [ { id: 7776572,
       project_id: 786811,
       kind: 'label',
       name: 'qa done',
       created_at: 1392935855000,
       updated_at: 1392935855000 },
     { id: 8762506,
       project_id: 786811,
       kind: 'label',
       name: 'quiz-poll management',
       created_at: 1403243281000,
       updated_at: 1403243281000 },
     { id: 8094606,
       project_id: 786811,
       kind: 'label',
       name: 'softserve',
       created_at: 1396364382000,
       updated_at: 1396364382000 } ],
  owned_by_id: 763055 }
storyData { kind: 'story',
  id: 74229330,
  created_at: 1404225444000,
  updated_at: 1405092324000,
  estimate: 3,
  story_type: 'feature',
  name: 'Drag and drop to page management containers',
  description: 'As a user, I need to add stories to manual configured areas of pages.\n\n* When I have manual containers visible in page builder, I can drag and drop stories from the content index.',
  current_state: 'delivered',
  requested_by_id: 753125,
  project_id: 786811,
  url: 'https://www.pivotaltracker.com/story/show/74229330',
  owner_ids: [ 955157, 383813 ],
  labels: 
   [ { id: 8902300,
       project_id: 786811,
       kind: 'label',
       name: 'page-edit-container-content branch',
       created_at: 1404886234000,
       updated_at: 1404886234000 },
     { id: 8655806,
       project_id: 786811,
       kind: 'label',
       name: 'pg management pt 1',
       created_at: 1402437039000,
       updated_at: 1402437039000 } ],
  owned_by_id: 955157 }
storyData { kind: 'story',
  id: 74229758,
  created_at: 1404225688000,
  updated_at: 1405092369000,
  estimate: 2,
  story_type: 'feature',
  name: 'Reorder stories in (manual) page management containers',
  description: 'As a CMS user, I can reorder stories in manual page management containers.',
  current_state: 'delivered',
  requested_by_id: 753125,
  project_id: 786811,
  url: 'https://www.pivotaltracker.com/story/show/74229758',
  owner_ids: [ 383813, 955157 ],
  labels: 
   [ { id: 8902300,
       project_id: 786811,
       kind: 'label',
       name: 'page-edit-container-content branch',
       created_at: 1404886234000,
       updated_at: 1404886234000 },
     { id: 8655806,
       project_id: 786811,
       kind: 'label',
       name: 'pg management pt 1',
       created_at: 1402437039000,
       updated_at: 1402437039000 } ],
  owned_by_id: 383813 }
storyData { kind: 'story',
  id: 74230044,
  created_at: 1404225862000,
  updated_at: 1405206210000,
  estimate: 2,
  story_type: 'feature',
  name: 'Select stories in (manual) page management containers',
  description: 'As a CMS user, I want to select the stories in page management containers and see their details.',
  current_state: 'delivered',
  requested_by_id: 753125,
  project_id: 786811,
  url: 'https://www.pivotaltracker.com/story/show/74230044',
  owner_ids: [ 383813, 955157 ],
  labels: 
   [ { id: 8655806,
       project_id: 786811,
       kind: 'label',
       name: 'pg management pt 1',
       created_at: 1402437039000,
       updated_at: 1402437039000 } ],
  owned_by_id: 383813 }
storyData { kind: 'story',
  id: 74230216,
  created_at: 1404225980000,
  updated_at: 1405206221000,
  estimate: 2,
  story_type: 'feature',
  name: 'Remove content from (manual) page management containers',
  description: 'As a CMS user, I need to remove content from manually-configured page management containers.',
  current_state: 'delivered',
  requested_by_id: 753125,
  project_id: 786811,
  url: 'https://www.pivotaltracker.com/story/show/74230216',
  owner_ids: [ 383813, 955157 ],
  labels: 
   [ { id: 8655806,
       project_id: 786811,
       kind: 'label',
       name: 'pg management pt 1',
       created_at: 1402437039000,
       updated_at: 1402437039000 } ],
  owned_by_id: 383813 }
storyData { kind: 'story',
  id: 74230302,
  created_at: 1404226047000,
  updated_at: 1405206265000,
  estimate: 2,
  story_type: 'feature',
  name: 'Set basic rules for (automatic) page management containers',
  description: 'As a CMS user, I need to configure basic rules for automatic queue containers in Page Builder.\n\nRule options:\n* Content type contains (search select)\n  * Link-off\n  * Quiz/Poll\n* Tag (search select)',
  current_state: 'delivered',
  requested_by_id: 753125,
  project_id: 786811,
  url: 'https://www.pivotaltracker.com/story/show/74230302',
  owner_ids: [ 383813, 955157 ],
  labels: 
   [ { id: 8655806,
       project_id: 786811,
       kind: 'label',
       name: 'pg management pt 1',
       created_at: 1402437039000,
       updated_at: 1402437039000 } ],
  owned_by_id: 383813 }
storyData { kind: 'story',
  id: 74611548,
  created_at: 1404832146000,
  updated_at: 1405206267000,
  estimate: 2,
  story_type: 'feature',
  name: 'Return container data based on rules',
  current_state: 'delivered',
  requested_by_id: 753125,
  project_id: 786811,
  url: 'https://www.pivotaltracker.com/story/show/74611548',
  owner_ids: [ 383813, 955157 ],
  labels: 
   [ { id: 8655806,
       project_id: 786811,
       kind: 'label',
       name: 'pg management pt 1',
       created_at: 1402437039000,
       updated_at: 1402437039000 } ],
  owned_by_id: 383813 }
storyData { kind: 'story',
  id: 74804670,
  created_at: 1405021701000,
  updated_at: 1405206376000,
  estimate: 2,
  story_type: 'feature',
  name: 'Fenix graceful failure on non-200 responses',
  current_state: 'delivered',
  requested_by_id: 955157,
  project_id: 786811,
  url: 'https://www.pivotaltracker.com/story/show/74804670',
  owner_ids: [ 383813 ],
  labels: [],
  owned_by_id: 383813 }
storyData { kind: 'story',
  id: 73477056,
  created_at: 1403105789000,
  updated_at: 1405206475000,
  estimate: 3,
  story_type: 'feature',
  name: 'Reorder response options',
  current_state: 'delivered',
  requested_by_id: 753125,
  project_id: 786811,
  url: 'https://www.pivotaltracker.com/story/show/73477056',
  owner_ids: [ 763055 ],
  labels: 
   [ { id: 8762506,
       project_id: 786811,
       kind: 'label',
       name: 'quiz-poll management',
       created_at: 1403243281000,
       updated_at: 1403243281000 },
     { id: 8094606,
       project_id: 786811,
       kind: 'label',
       name: 'softserve',
       created_at: 1396364382000,
       updated_at: 1396364382000 } ],
  owned_by_id: 763055 }
storyData { kind: 'story',
  id: 73070668,
  created_at: 1402508111000,
  updated_at: 1405206570000,
  estimate: 2,
  story_type: 'feature',
  name: 'CougarFan: Create HTML/CSS layer for Recruiting News page',
  description: 'As a user I would like to view recruiting news of all BYU sports. I would like to see the news from most recent to older, top to bottom. ',
  current_state: 'delivered',
  requested_by_id: 1074109,
  project_id: 786811,
  url: 'https://www.pivotaltracker.com/story/show/73070668',
  owner_ids: [ 1267534 ],
  labels: 
   [ { id: 8838778,
       project_id: 786811,
       kind: 'label',
       name: 'cougar-mvp',
       created_at: 1404162094000,
       updated_at: 1404162094000 },
     { id: 8672136,
       project_id: 786811,
       kind: 'label',
       name: 'cougarfan',
       created_at: 1402593224000,
       updated_at: 1402593224000 } ],
  owned_by_id: 1267534 }
storyData { kind: 'story',
  id: 74612932,
  created_at: 1404833099000,
  updated_at: 1404886557000,
  estimate: 2,
  story_type: 'feature',
  name: 'Quiz/Poll details panel Questions tabs',
  current_state: 'started',
  requested_by_id: 753125,
  project_id: 786811,
  url: 'https://www.pivotaltracker.com/story/show/74612932',
  owner_ids: [ 763055 ],
  labels: 
   [ { id: 8762506,
       project_id: 786811,
       kind: 'label',
       name: 'quiz-poll management',
       created_at: 1403243281000,
       updated_at: 1403243281000 },
     { id: 8094606,
       project_id: 786811,
       kind: 'label',
       name: 'softserve',
       created_at: 1396364382000,
       updated_at: 1396364382000 } ],
  owned_by_id: 763055 }
storyData { kind: 'story',
  id: 74608372,
  created_at: 1404830322000,
  updated_at: 1404992143000,
  estimate: 3,
  story_type: 'feature',
  name: 'Add new response to quiz/poll question',
  current_state: 'started',
  requested_by_id: 753125,
  project_id: 786811,
  url: 'https://www.pivotaltracker.com/story/show/74608372',
  owner_ids: [ 763055 ],
  labels: 
   [ { id: 8762506,
       project_id: 786811,
       kind: 'label',
       name: 'quiz-poll management',
       created_at: 1403243281000,
       updated_at: 1403243281000 },
     { id: 8094606,
       project_id: 786811,
       kind: 'label',
       name: 'softserve',
       created_at: 1396364382000,
       updated_at: 1396364382000 } ],
  owned_by_id: 763055 }
storyData { kind: 'story',
  id: 74908770,
  created_at: 1405223874000,
  updated_at: 1405223878000,
  estimate: 0,
  story_type: 'feature',
  name: 'Release Insight Test - Started',
  current_state: 'started',
  requested_by_id: 660523,
  project_id: 786811,
  url: 'https://www.pivotaltracker.com/story/show/74908770',
  owner_ids: [ 660523 ],
  labels: [],
  owned_by_id: 660523 }
storyData { kind: 'story',
  id: 74908774,
  created_at: 1405223915000,
  updated_at: 1405223919000,
  estimate: 0,
  story_type: 'feature',
  name: 'Release Insight Test - Finished',
  current_state: 'finished',
  requested_by_id: 660523,
  project_id: 786811,
  url: 'https://www.pivotaltracker.com/story/show/74908774',
  owner_ids: [ 660523 ],
  labels: [],
  owned_by_id: 660523 }
storyData { kind: 'story',
  id: 74908778,
  created_at: 1405223954000,
  updated_at: 1405223960000,
  estimate: 0,
  story_type: 'feature',
  name: 'Release Insight Test - Delivered',
  current_state: 'delivered',
  requested_by_id: 660523,
  project_id: 786811,
  url: 'https://www.pivotaltracker.com/story/show/74908778',
  owner_ids: [ 660523 ],
  labels: [],
  owned_by_id: 660523 }
storyData { kind: 'story',
  id: 74908786,
  created_at: 1405224022000,
  updated_at: 1405224035000,
  estimate: 0,
  story_type: 'feature',
  name: 'Release Insight Test - Rejected',
  current_state: 'rejected',
  requested_by_id: 660523,
  project_id: 786811,
  url: 'https://www.pivotaltracker.com/story/show/74908786',
  owner_ids: [ 660523 ],
  labels: [],
  owned_by_id: 660523 }
storyData { kind: 'story',
  id: 73070732,
  created_at: 1402508161000,
  updated_at: 1404834010000,
  estimate: 2,
  story_type: 'feature',
  name: 'CougarFan: Create HTML/CSS layer for Individual team pages',
  description: 'As a user I would like to see specific news about a particular byu sports team',
  current_state: 'unstarted',
  requested_by_id: 1074109,
  project_id: 786811,
  url: 'https://www.pivotaltracker.com/story/show/73070732',
  owner_ids: [ 1267534 ],
  labels: 
   [ { id: 8838778,
       project_id: 786811,
       kind: 'label',
       name: 'cougar-mvp',
       created_at: 1404162094000,
       updated_at: 1404162094000 },
     { id: 8672136,
       project_id: 786811,
       kind: 'label',
       name: 'cougarfan',
       created_at: 1402593224000,
       updated_at: 1402593224000 } ],
  owned_by_id: 1267534 }
storyData { kind: 'story',
  id: 74611846,
  created_at: 1404832338000,
  updated_at: 1404834241000,
  estimate: 3,
  story_type: 'feature',
  name: 'Configure CougarFan templates to use page container data',
  current_state: 'unstarted',
  requested_by_id: 753125,
  project_id: 786811,
  url: 'https://www.pivotaltracker.com/story/show/74611846',
  owner_ids: [ 1267534, 660523 ],
  labels: 
   [ { id: 8838778,
       project_id: 786811,
       kind: 'label',
       name: 'cougar-mvp',
       created_at: 1404162094000,
       updated_at: 1404162094000 },
     { id: 8672136,
       project_id: 786811,
       kind: 'label',
       name: 'cougarfan',
       created_at: 1402593224000,
       updated_at: 1402593224000 },
     { id: 8655806,
       project_id: 786811,
       kind: 'label',
       name: 'pg management pt 1',
       created_at: 1402437039000,
       updated_at: 1402437039000 } ],
  owned_by_id: 1267534 }
storyData { kind: 'story',
  id: 74611902,
  created_at: 1404832389000,
  updated_at: 1404834255000,
  estimate: 3,
  story_type: 'feature',
  name: 'Configure container partials to display (queue) contents',
  current_state: 'unstarted',
  requested_by_id: 753125,
  project_id: 786811,
  url: 'https://www.pivotaltracker.com/story/show/74611902',
  owner_ids: [ 1267534, 660523 ],
  labels: 
   [ { id: 8838778,
       project_id: 786811,
       kind: 'label',
       name: 'cougar-mvp',
       created_at: 1404162094000,
       updated_at: 1404162094000 },
     { id: 8672136,
       project_id: 786811,
       kind: 'label',
       name: 'cougarfan',
       created_at: 1402593224000,
       updated_at: 1402593224000 },
     { id: 8655806,
       project_id: 786811,
       kind: 'label',
       name: 'pg management pt 1',
       created_at: 1402437039000,
       updated_at: 1402437039000 } ],
  owned_by_id: 1267534 }
storyData { kind: 'story',
  id: 74235008,
  created_at: 1404229156000,
  updated_at: 1405093420000,
  estimate: 2,
  story_type: 'feature',
  name: 'CougarFan: Analytics Tags',
  description: 'As a PO I would like to track the usage of CougarFan. \n\nAdd the following analytics tags: \n\n1. Google Analytics\n\n2. Mouseflow\n\n<script type="text/javascript">\n   var _mfq = _mfq || [];\n   (function() {\n       var mf = document.createElement("script"); mf.type = "text/javascript"; mf.async = true;\n       mf.src = "//cdn.mouseflow.com/projects/4043cda6-645e-43d4-8b95-b1abb97d9173.js";\n       document.getElementsByTagName("head")[0].appendChild(mf);\n   })();\n</script>\n\n3. QuantCast\n\n   <!-- Quantcast Tag -->\n            <script type=\'text/javascript\'>\n            var _qevents = _qevents || [];\n\n            (function() {\n            var elem = document.createElement(\'script\');\n            elem.src = (document.location.protocol == \'https:\' ? \'https://secure\' : \'http://edge\') + \'.quantserve.com/quant.js\';\n            elem.async = true;\n            elem.type = \'text/javascript\';\n            var scpt = document.getElementsByTagName(\'script\')[0];\n            scpt.parentNode.insertBefore(elem, scpt);\n            })();\n\n            _qevents.push({\n            qacct:\'p-KUMT4fYgcdEeg\',\n            labels:\'ddmnetwork.news.deseretnews.links\'\n            });\n            </script>\n\n            <noscript>\n            <div style=\'display:none;\'>\n            <img src=\'//pixel.quantserve.com/pixel/p-KUMT4fYgcdEeg.gif?labels=ddmnetwork.news.deseretnews.links\' border=\'0\' height=\'1\' width=\'1\' alt=\'Quantcast\'/>\n            </div>\n            </noscript>\n            <!-- End Quantcast tag -->\n\n\n5. ComScore\n\n <!-- Begin comScore Tag -->\n            <script>\n              var _comscore = _comscore || [];\n              _comscore.push({ c1: \'2\', c2: \'16033947\' });\n              (function() {\n                var s = document.createElement(\'script\'), el = document.getElementsByTagName(\'script\')[0]; s.async = true;\n                s.src = (document.location.protocol == \'https:\' ? \'https://sb\' : \'http://b\') + \'.scorecardresearch.com/beacon.js\';\n                el.parentNode.insertBefore(s, el);\n              })();\n            </script>\n            <noscript>\n            <img src=\'http://b.scorecardresearch.com/p?c1=2&c2=16033947&cv=2.0&cj=1\' />\n            </noscript>\n            <!-- End comScore Tag -->',
  current_state: 'unstarted',
  requested_by_id: 1074109,
  project_id: 786811,
  url: 'https://www.pivotaltracker.com/story/show/74235008',
  owner_ids: [ 1267534 ],
  labels: 
   [ { id: 8838778,
       project_id: 786811,
       kind: 'label',
       name: 'cougar-mvp',
       created_at: 1404162094000,
       updated_at: 1404162094000 },
     { id: 8672136,
       project_id: 786811,
       kind: 'label',
       name: 'cougarfan',
       created_at: 1402593224000,
       updated_at: 1402593224000 } ],
  owned_by_id: 1267534 }
storyData { kind: 'story',
  id: 72974236,
  created_at: 1402412291000,
  updated_at: 1404834048000,
  estimate: 3,
  story_type: 'feature',
  name: 'View created pages (front end)',
  current_state: 'unstarted',
  requested_by_id: 753125,
  project_id: 786811,
  url: 'https://www.pivotaltracker.com/story/show/72974236',
  owner_ids: [ 660523 ],
  labels: 
   [ { id: 8655806,
       project_id: 786811,
       kind: 'label',
       name: 'pg management pt 1',
       created_at: 1402437039000,
       updated_at: 1402437039000 } ],
  owned_by_id: 660523 }
storyData { kind: 'story',
  id: 74604724,
  created_at: 1404827503000,
  updated_at: 1404834363000,
  deadline: 1405360800000,
  story_type: 'release',
  name: 'Sprint 42',
  current_state: 'unstarted',
  requested_by_id: 1307452,
  project_id: 786811,
  url: 'https://www.pivotaltracker.com/story/show/74604724',
  owner_ids: [],
  labels: [] }
storyData { kind: 'story',
  id: 74791728,
  created_at: 1405012830000,
  updated_at: 1405057610000,
  estimate: 1,
  story_type: 'chore',
  name: 'Update Mongo Server\'s ulimits',
  current_state: 'unstarted',
  requested_by_id: 660523,
  project_id: 786811,
  url: 'https://www.pivotaltracker.com/story/show/74791728',
  owner_ids: [],
  labels: [] }
storyData { kind: 'story',
  id: 74860206,
  created_at: 1405093304000,
  updated_at: 1405093306000,
  estimate: 0,
  story_type: 'chore',
  name: 'Test CMS API Throwing 500 and/or Going Down',
  current_state: 'unstarted',
  requested_by_id: 660523,
  project_id: 786811,
  url: 'https://www.pivotaltracker.com/story/show/74860206',
  owner_ids: [],
  labels: [] }
storyData { kind: 'story',
  id: 74790574,
  created_at: 1405012007000,
  updated_at: 1405057614000,
  estimate: 1,
  story_type: 'chore',
  name: 'Hook cms-mongo into Mongo monitoring services',
  current_state: 'unstarted',
  requested_by_id: 955157,
  project_id: 786811,
  url: 'https://www.pivotaltracker.com/story/show/74790574',
  owner_ids: [ 660523 ],
  labels: [],
  owned_by_id: 660523 }
storyData { kind: 'story',
  id: 74612012,
  created_at: 1404832466000,
  updated_at: 1405057619000,
  estimate: 0,
  story_type: 'chore',
  name: 'Ensure CougarFan stage can talk to CMS stage',
  current_state: 'unstarted',
  requested_by_id: 753125,
  project_id: 786811,
  url: 'https://www.pivotaltracker.com/story/show/74612012',
  owner_ids: [ 660523 ],
  labels: [],
  owned_by_id: 660523 }
storyData { kind: 'story',
  id: 74152520,
  created_at: 1404146544000,
  updated_at: 1404831878000,
  estimate: 5,
  story_type: 'bug',
  name: 'Push Notifications: Fix worker that sends the notifications',
  current_state: 'unstarted',
  requested_by_id: 1074109,
  project_id: 786811,
  url: 'https://www.pivotaltracker.com/story/show/74152520',
  owner_ids: [ 660523 ],
  labels: 
   [ { id: 8206336,
       project_id: 786811,
       kind: 'label',
       name: 'dn_local',
       created_at: 1397499914000,
       updated_at: 1397499914000 },
     { id: 7692734,
       project_id: 786811,
       kind: 'label',
       name: 'no qa',
       created_at: 1392138132000,
       updated_at: 1392138132000 } ],
  owned_by_id: 660523 }
storyData { kind: 'story',
  id: 74895090,
  created_at: 1405128087000,
  updated_at: 1405128088000,
  story_type: 'feature',
  name: 'Author images can\'t be saved on initial author create',
  current_state: 'unscheduled',
  requested_by_id: 955157,
  project_id: 786811,
  url: 'https://www.pivotaltracker.com/story/show/74895090',
  owner_ids: [],
  labels: [] }
storyData { kind: 'story',
  id: 74892572,
  created_at: 1405121086000,
  updated_at: 1405121086000,
  story_type: 'feature',
  name: 'National: Twitter author follow button at bottom of story ',
  description: 'As President of DDM I want me some Twitter buttons at the bottom of the article to follow the article\'s author. ',
  current_state: 'unscheduled',
  requested_by_id: 1074109,
  project_id: 786811,
  url: 'https://www.pivotaltracker.com/story/show/74892572',
  owner_ids: [],
  labels: 
   [ { id: 8150100,
       project_id: 786811,
       kind: 'label',
       name: 'dn_national',
       created_at: 1396932366000,
       updated_at: 1396932366000 } ] }
storyData { kind: 'story',
  id: 74892538,
  created_at: 1405121012000,
  updated_at: 1405121012000,
  story_type: 'feature',
  name: 'National: Recommended stories module at end of story',
  description: 'As President of DDM I want some recommended stories',
  current_state: 'unscheduled',
  requested_by_id: 1074109,
  project_id: 786811,
  url: 'https://www.pivotaltracker.com/story/show/74892538',
  owner_ids: [],
  labels: 
   [ { id: 8150100,
       project_id: 786811,
       kind: 'label',
       name: 'dn_national',
       created_at: 1396932366000,
       updated_at: 1396932366000 } ] }
storyData { kind: 'story',
  id: 74735390,
  created_at: 1404941994000,
  updated_at: 1404942005000,
  estimate: 2,
  story_type: 'feature',
  name: '\'Delete\' key to remove item from a list',
  current_state: 'unscheduled',
  requested_by_id: 955157,
  project_id: 786811,
  url: 'https://www.pivotaltracker.com/story/show/74735390',
  owner_ids: [],
  labels: [] }
storyData { kind: 'story',
  id: 74695870,
  created_at: 1404916992000,
  updated_at: 1404917004000,
  story_type: 'bug',
  name: 'National: Images - info graphics don\'t display on mobile',
  current_state: 'unscheduled',
  requested_by_id: 1074109,
  project_id: 786811,
  url: 'https://www.pivotaltracker.com/story/show/74695870',
  owner_ids: [],
  labels: 
   [ { id: 8150100,
       project_id: 786811,
       kind: 'label',
       name: 'dn_national',
       created_at: 1396932366000,
       updated_at: 1396932366000 } ] }
storyData { kind: 'story',
  id: 73351126,
  created_at: 1402958193000,
  updated_at: 1404159121000,
  story_type: 'feature',
  name: 'Poll & quiz response tracking',
  current_state: 'unscheduled',
  requested_by_id: 753125,
  project_id: 786811,
  url: 'https://www.pivotaltracker.com/story/show/73351126',
  owner_ids: [],
  labels: [] }
storyData { kind: 'story',
  id: 65062434,
  created_at: 1391468438000,
  updated_at: 1403806011000,
  estimate: 5,
  story_type: 'feature',
  name: 'Bug reporting (from Dashboard)',
  description: 'Are there technical details that we can capture and send along with the report that will help? We should look at what the DC Dash team is doing.',
  current_state: 'unscheduled',
  requested_by_id: 753125,
  project_id: 786811,
  url: 'https://www.pivotaltracker.com/story/show/65062434',
  owner_ids: [],
  labels: [] }
storyData { kind: 'story',
  id: 73684324,
  created_at: 1403493870000,
  updated_at: 1403493870000,
  story_type: 'feature',
  name: 'Route validation',
  current_state: 'unscheduled',
  requested_by_id: 753125,
  project_id: 786811,
  url: 'https://www.pivotaltracker.com/story/show/73684324',
  owner_ids: [],
  labels: [] }
storyData { kind: 'story',
  id: 73590788,
  created_at: 1403218133000,
  updated_at: 1403218133000,
  story_type: 'feature',
  name: 'Add API stuff to SDK thing',
  current_state: 'unscheduled',
  requested_by_id: 753125,
  project_id: 786811,
  url: 'https://www.pivotaltracker.com/story/show/73590788',
  owner_ids: [],
  labels: [] }
storyData { kind: 'story',
  id: 73514742,
  created_at: 1403138241000,
  updated_at: 1403138241000,
  story_type: 'feature',
  name: 'Content profiles: Search title field only using title:',
  current_state: 'unscheduled',
  requested_by_id: 753125,
  project_id: 786811,
  url: 'https://www.pivotaltracker.com/story/show/73514742',
  owner_ids: [],
  labels: [] }
storyData { kind: 'story',
  id: 73514714,
  created_at: 1403138195000,
  updated_at: 1403138195000,
  story_type: 'feature',
  name: 'Content profiles: Search for exact string match using quotes',
  current_state: 'unscheduled',
  requested_by_id: 753125,
  project_id: 786811,
  url: 'https://www.pivotaltracker.com/story/show/73514714',
  owner_ids: [],
  labels: [] }
storyData { kind: 'story',
  id: 73514690,
  created_at: 1403138147000,
  updated_at: 1403138147000,
  story_type: 'feature',
  name: 'Elastic search monitoring',
  description: 'One option: Compare # of records in db to records in elastic search index',
  current_state: 'unscheduled',
  requested_by_id: 753125,
  project_id: 786811,
  url: 'https://www.pivotaltracker.com/story/show/73514690',
  owner_ids: [],
  labels: [] }
storyData { kind: 'story',
  id: 73242676,
  created_at: 1402705685000,
  updated_at: 1403105686000,
  story_type: 'feature',
  name: 'Create/edit a quiz/poll',
  description: '**Data structure example from Matt**:\n\n```json\ncontent: {\n\tcontent_type: \'quiz\',\n\tbody: [\n\t\t{\n\t\t\tmode: \'single\'|\'multiple\',\n\t\t\tquestion: \'\',\n\t\t\tanswers: [\n\t\t\t\t{\n\t\t\t\t\tmode: \'freeform|predefined\',\n\t\t\t\t\tvalue: \'\',\n\t\t\t\t\tdisplayText: \'\',\n\t\t\t\t\tisCorrect: true|false,\n\t\t\t\t}\n\t\t\t],\n\t\t\toptions: {}\n\t\t}\n\t]\n}\n```',
  current_state: 'unscheduled',
  requested_by_id: 955157,
  project_id: 786811,
  url: 'https://www.pivotaltracker.com/story/show/73242676',
  owner_ids: [],
  labels: [] }
storyData { kind: 'story',
  id: 73393558,
  created_at: 1403017351000,
  updated_at: 1403017352000,
  story_type: 'feature',
  name: 'Details panel tabs',
  description: 'As a user, I need tabs in certain details panels to help better organize and navigate the form and information.',
  current_state: 'unscheduled',
  requested_by_id: 753125,
  project_id: 786811,
  url: 'https://www.pivotaltracker.com/story/show/73393558',
  owner_ids: [],
  labels: [] }
storyData { kind: 'story',
  id: 73359736,
  created_at: 1402972824000,
  updated_at: 1403017610000,
  story_type: 'feature',
  name: 'Add key/value pairs to route management UI',
  description: 'As a developer or technically-savy CMS user, I need a new way to configure "arguments" in routes, where I define key/value pairs.',
  current_state: 'unscheduled',
  requested_by_id: 753125,
  project_id: 786811,
  url: 'https://www.pivotaltracker.com/story/show/73359736',
  owner_ids: [],
  labels: [] }
storyData { kind: 'story',
  id: 73352326,
  created_at: 1402959507000,
  updated_at: 1402959507000,
  story_type: 'feature',
  name: 'Include new authors information in KSL content profiles',
  current_state: 'unscheduled',
  requested_by_id: 753125,
  project_id: 786811,
  url: 'https://www.pivotaltracker.com/story/show/73352326',
  owner_ids: [],
  labels: [] }
storyData { kind: 'story',
  id: 73352274,
  created_at: 1402959446000,
  updated_at: 1402959463000,
  story_type: 'feature',
  name: 'Authors: Add/edit/delete (multiple) bios per author',
  current_state: 'unscheduled',
  requested_by_id: 753125,
  project_id: 786811,
  url: 'https://www.pivotaltracker.com/story/show/73352274',
  owner_ids: [],
  labels: [] }
storyData { kind: 'story',
  id: 73351502,
  created_at: 1402958535000,
  updated_at: 1402959363000,
  story_type: 'feature',
  name: 'Authors: Add/edit/delete (multiple) bylines',
  description: 'As a CMS user, I need the option to create/manage multiple bylines for a single author.',
  current_state: 'unscheduled',
  requested_by_id: 753125,
  project_id: 786811,
  url: 'https://www.pivotaltracker.com/story/show/73351502',
  owner_ids: [],
  labels: [] }
storyData { kind: 'story',
  id: 73012986,
  created_at: 1402440319000,
  updated_at: 1403017430000,
  story_type: 'feature',
  name: 'Allow users to change their password',
  description: 'As a user, I would like to be able to change my password, perhaps from a menu or something of that sort.',
  current_state: 'unscheduled',
  requested_by_id: 955157,
  project_id: 786811,
  url: 'https://www.pivotaltracker.com/story/show/73012986',
  owner_ids: [],
  labels: [] }
storyData { kind: 'story',
  id: 73395576,
  created_at: 1403018653000,
  updated_at: 1403622031000,
  estimate: 2,
  story_type: 'chore',
  name: 'Update production environment for split repository',
  current_state: 'unscheduled',
  requested_by_id: 955157,
  project_id: 786811,
  url: 'https://www.pivotaltracker.com/story/show/73395576',
  owner_ids: [],
  labels: 
   [ { id: 8737362,
       project_id: 786811,
       kind: 'label',
       name: 'split repository',
       created_at: 1403018117000,
       updated_at: 1403018117000 } ] }
storyData { kind: 'story',
  id: 74335050,
  created_at: 1404332746000,
  updated_at: 1404333307000,
  story_type: 'bug',
  name: 'Deseret News: Sharing articles on facebook is not working properly for mobile apps nor for the website',
  description: 'Deseret News: Sharing articles on facebook is not working properly for mobile apps nor for the website.\nWhen I share an article I get the picture from another article instead of the one I am sharing.\nOn mobile I don\'t get picture at all, only the link.\nhttp://screencast.com/t/mW7STXzg',
  current_state: 'unscheduled',
  requested_by_id: 868119,
  project_id: 786811,
  url: 'https://www.pivotaltracker.com/story/show/74335050',
  owner_ids: [],
  labels: [] }
storyData { kind: 'story',
  id: 73836000,
  created_at: 1403641647000,
  updated_at: 1403642530000,
  story_type: 'bug',
  name: 'Deseret News: Subscribe to a blog redirects to a page with code.',
  description: 'Subscribe to a blog redirects to a page with code in Deseret News\n\nhttp://screencast.com/t/8Ve9wKDe\nhttp://screencast.com/t/BzVOau7XC',
  current_state: 'unscheduled',
  requested_by_id: 868119,
  project_id: 786811,
  url: 'https://www.pivotaltracker.com/story/show/73836000',
  owner_ids: [],
  labels: [] }
storyData { kind: 'story',
  id: 73757492,
  created_at: 1403562942000,
  updated_at: 1403565264000,
  story_type: 'bug',
  name: 'image is not showing under Sports in DN Beta app',
  description: 'There is a story which image does not show: "Hasek, Modano, Forsberg, Blake header for Hockey Hall of Fame"\nIt can be found under "latest" in Sports.\nIt also happens with some stories under Opinion.',
  current_state: 'unscheduled',
  requested_by_id: 868119,
  project_id: 786811,
  url: 'https://www.pivotaltracker.com/story/show/73757492',
  owner_ids: [],
  labels: [] }
storyData { kind: 'story',
  id: 73389050,
  created_at: 1403014684000,
  updated_at: 1403014802000,
  story_type: 'bug',
  name: ' Image credits info out of place on IE10',
  description: 'Hero image credits info out of place on IE10. See attached.',
  current_state: 'unscheduled',
  requested_by_id: 1202722,
  project_id: 786811,
  url: 'https://www.pivotaltracker.com/story/show/73389050',
  owner_ids: [],
  labels: [] }
storyData { kind: 'story',
  id: 71240646,
  created_at: 1399995106000,
  updated_at: 1402960425000,
  story_type: 'bug',
  name: 'Labels missing on certain search results?',
  current_state: 'unscheduled',
  requested_by_id: 753125,
  project_id: 786811,
  url: 'https://www.pivotaltracker.com/story/show/71240646',
  owner_ids: [],
  labels: 
   [ { id: 8206336,
       project_id: 786811,
       kind: 'label',
       name: 'dn_local',
       created_at: 1397499914000,
       updated_at: 1397499914000 } ] }
storyData { kind: 'story',
  id: 73819282,
  created_at: 1403631498000,
  updated_at: 1404228913000,
  estimate: 5,
  story_type: 'feature',
  name: 'Chore: Integrate Elasticsearch into ctest environment',
  description: 'We need to spin-up (or otherwise materialize) an Elasticsearch service that indexes the test database. Once created, we need ctest to actually use it.\n\n*Note for QA*: When this is done, the ctest content index widget will display test content you create within a minute or so of creation.',
  current_state: 'unscheduled',
  requested_by_id: 753125,
  project_id: 786811,
  url: 'https://www.pivotaltracker.com/story/show/73819282',
  owner_ids: [ 955157, 660523 ],
  labels: 
   [ { id: 7262702,
       project_id: 786811,
       kind: 'label',
       name: 'content index',
       created_at: 1387213387000,
       updated_at: 1387213387000 },
     { id: 8128702,
       project_id: 786811,
       kind: 'label',
       name: 'search',
       created_at: 1396627858000,
       updated_at: 1396627858000 } ],
  owned_by_id: 955157 }
storyData { kind: 'story',
  id: 74064806,
  created_at: 1403895291000,
  updated_at: 1404163510000,
  estimate: 2,
  story_type: 'feature',
  name: 'Chore: Refactor CMS CSS',
  description: '**Note**: We need to time box this chore. If more work is required, we need to create additional story candidates for future sprints.\n\nThe CSS for the CMS UI is a bit all over the place and unorganized. Organize it and make it SAASy.',
  current_state: 'unscheduled',
  requested_by_id: 753125,
  project_id: 786811,
  url: 'https://www.pivotaltracker.com/story/show/74064806',
  owner_ids: [ 955157 ],
  labels: [],
  owned_by_id: 955157 }
storyData { kind: 'story',
  id: 73477134,
  created_at: 1403105848000,
  updated_at: 1404163052000,
  story_type: 'feature',
  name: 'Quiz and question settings',
  current_state: 'unscheduled',
  requested_by_id: 753125,
  project_id: 786811,
  url: 'https://www.pivotaltracker.com/story/show/73477134',
  owner_ids: [],
  labels: 
   [ { id: 8762506,
       project_id: 786811,
       kind: 'label',
       name: 'quiz-poll management',
       created_at: 1403243281000,
       updated_at: 1403243281000 } ] }
storyData { kind: 'story',
  id: 73818802,
  created_at: 1403631117000,
  updated_at: 1404159151000,
  story_type: 'feature',
  name: 'Move delete button',
  current_state: 'unscheduled',
  requested_by_id: 753125,
  project_id: 786811,
  url: 'https://www.pivotaltracker.com/story/show/73818802',
  owner_ids: [],
  labels: [] }
storyData { kind: 'story',
  id: 73684402,
  created_at: 1403494226000,
  updated_at: 1404159198000,
  story_type: 'feature',
  name: 'Refresh button',
  current_state: 'unscheduled',
  requested_by_id: 753125,
  project_id: 786811,
  url: 'https://www.pivotaltracker.com/story/show/73684402',
  owner_ids: [],
  labels: [] }
storyData { kind: 'story',
  id: 69511504,
  created_at: 1397529762000,
  updated_at: 1404830412000,
  story_type: 'release',
  name: '⇧ Candidates for Sprint 42 ⇧',
  current_state: 'unscheduled',
  requested_by_id: 753125,
  project_id: 786811,
  url: 'https://www.pivotaltracker.com/story/show/69511504',
  owner_ids: [],
  labels: [] }
storyData { kind: 'story',
  id: 73487078,
  created_at: 1403113252000,
  updated_at: 1404415473000,
  story_type: 'feature',
  name: 'Add "Submit op-ed" button to opinion section',
  description: 'As content director I would like to add a button called, "Submit an op-ed". \n\nWhen I go to the "Opinion" section I see a button in the left rail,  below the "Submit a letter" button to "Submit an op-ed". \n\nWhen I select the "Submit an op-ed" button, I am directed to a Wufoo form (URL tbd) to submit the information. ',
  current_state: 'unscheduled',
  requested_by_id: 1074109,
  project_id: 786811,
  url: 'https://www.pivotaltracker.com/story/show/73487078',
  owner_ids: [],
  labels: 
   [ { id: 8206336,
       project_id: 786811,
       kind: 'label',
       name: 'dn_local',
       created_at: 1397499914000,
       updated_at: 1397499914000 },
     { id: 8406742,
       project_id: 786811,
       kind: 'label',
       name: 'opinion',
       created_at: 1399654365000,
       updated_at: 1399654365000 },
     { id: 8094606,
       project_id: 786811,
       kind: 'label',
       name: 'softserve',
       created_at: 1396364382000,
       updated_at: 1396364382000 } ] }
storyData { kind: 'story',
  id: 70341470,
  created_at: 1398755596000,
  updated_at: 1404159002000,
  estimate: 2,
  story_type: 'feature',
  name: 'Upload (including drag and drop) to DDM media library',
  description: 'As a CMS user, I need to upload digital assets to the media library so they can be used in the CMS (and across DDM).\n\n* When I press the upload button, I am able to select a file to upload.\n* When I upload a selected file, or when I drag and drop a file onto the widget, a details panel opens showing the upload progress and updating when the file is uploaded.',
  current_state: 'unscheduled',
  requested_by_id: 753125,
  project_id: 786811,
  url: 'https://www.pivotaltracker.com/story/show/70341470',
  owner_ids: [ 613439 ],
  labels: 
   [ { id: 8487726,
       project_id: 786811,
       kind: 'label',
       name: 'cp_define',
       created_at: 1400599126000,
       updated_at: 1400599126000 },
     { id: 8312302,
       project_id: 786811,
       kind: 'label',
       name: 'dam',
       created_at: 1398755379000,
       updated_at: 1398755379000 },
     { id: 8312300,
       project_id: 786811,
       kind: 'label',
       name: 'media management',
       created_at: 1398755379000,
       updated_at: 1398755379000 } ],
  owned_by_id: 613439 }
storyData { kind: 'story',
  id: 70364404,
  created_at: 1398782305000,
  updated_at: 1404227012000,
  story_type: 'feature',
  name: 'Add versioning to Fenix',
  current_state: 'unscheduled',
  requested_by_id: 955157,
  project_id: 786811,
  url: 'https://www.pivotaltracker.com/story/show/70364404',
  owner_ids: [],
  labels: 
   [ { id: 8320850,
       project_id: 786811,
       kind: 'label',
       name: 'tech details:mm',
       created_at: 1398814568000,
       updated_at: 1398814568000 } ] }
storyData { kind: 'story',
  id: 71600306,
  created_at: 1400522487000,
  updated_at: 1404159002000,
  story_type: 'chore',
  name: 'Update dnews-salt for elasticsearch',
  description: 'elasticsearch.yml config file needs to be controlled by salt.\n\n```yml\ncluster.name: dnelastic01\n```',
  current_state: 'unscheduled',
  requested_by_id: 955157,
  project_id: 786811,
  url: 'https://www.pivotaltracker.com/story/show/71600306',
  owner_ids: [ 613439 ],
  labels: [],
  owned_by_id: 613439 }
storyData { kind: 'story',
  id: 70607452,
  created_at: 1399061639000,
  updated_at: 1404159002000,
  story_type: 'feature',
  name: 'Add View button to content management widget',
  description: 'As a CMS user, I need a button in the content management (editing) toolbar that takes me to the published version of a story — similar to the way ',
  current_state: 'unscheduled',
  requested_by_id: 753125,
  project_id: 786811,
  url: 'https://www.pivotaltracker.com/story/show/70607452',
  owner_ids: [],
  labels: [] }
storyData { kind: 'story',
  id: 70588840,
  created_at: 1399046079000,
  updated_at: 1404159002000,
  estimate: 1,
  story_type: 'chore',
  name: 'Reschedule Code Review & Include Andrew & Justin W.',
  current_state: 'unscheduled',
  requested_by_id: 660523,
  project_id: 786811,
  url: 'https://www.pivotaltracker.com/story/show/70588840',
  owner_ids: [],
  labels: [] }
storyData { kind: 'story',
  id: 69930604,
  created_at: 1398180120000,
  updated_at: 1404159002000,
  estimate: 2,
  story_type: 'chore',
  name: 'What can we learn from FamilyShare CMS? (discussion)',
  current_state: 'unscheduled',
  requested_by_id: 753125,
  project_id: 786811,
  url: 'https://www.pivotaltracker.com/story/show/69930604',
  owner_ids: [],
  labels: [] }
storyData { kind: 'story',
  id: 70341426,
  created_at: 1398755431000,
  updated_at: 1404159002000,
  estimate: 2,
  story_type: 'feature',
  name: 'Faceted filtering on DDM media library results',
  description: 'Requires #72532024.',
  current_state: 'unscheduled',
  requested_by_id: 753125,
  project_id: 786811,
  url: 'https://www.pivotaltracker.com/story/show/70341426',
  owner_ids: [],
  labels: 
   [ { id: 8312302,
       project_id: 786811,
       kind: 'label',
       name: 'dam',
       created_at: 1398755379000,
       updated_at: 1398755379000 },
     { id: 8312300,
       project_id: 786811,
       kind: 'label',
       name: 'media management',
       created_at: 1398755379000,
       updated_at: 1398755379000 },
     { id: 8094606,
       project_id: 786811,
       kind: 'label',
       name: 'softserve',
       created_at: 1396364382000,
       updated_at: 1396364382000 } ] }
storyData { kind: 'story',
  id: 70762302,
  created_at: 1399385670000,
  updated_at: 1404159002000,
  estimate: 5,
  story_type: 'feature',
  name: 'Drag and drop: Media library to authors',
  description: 'As a CMS user, I want to drag images from the media library to authors (i.e. profile pictures) so that I don\'t have to re-upload an image in the authors widget that already exists.\n\n* When I drag images from the media library, I can drop them on authors (in the details panel).\n* If an author already has an image, I am asked if I want to replace the existing image.\n* When I try to drag non-image files to authors, the authors widget rejects them.',
  current_state: 'unscheduled',
  requested_by_id: 753125,
  project_id: 786811,
  url: 'https://www.pivotaltracker.com/story/show/70762302',
  owner_ids: [],
  labels: 
   [ { id: 8312302,
       project_id: 786811,
       kind: 'label',
       name: 'dam',
       created_at: 1398755379000,
       updated_at: 1398755379000 },
     { id: 8312300,
       project_id: 786811,
       kind: 'label',
       name: 'media management',
       created_at: 1398755379000,
       updated_at: 1398755379000 },
     { id: 8094606,
       project_id: 786811,
       kind: 'label',
       name: 'softserve',
       created_at: 1396364382000,
       updated_at: 1396364382000 } ] }
storyData { kind: 'story',
  id: 72615564,
  created_at: 1401893260000,
  updated_at: 1403019330000,
  estimate: 2,
  story_type: 'feature',
  name: 'QA buttons to Release insight tool',
  current_state: 'unscheduled',
  requested_by_id: 1074109,
  project_id: 786811,
  url: 'https://www.pivotaltracker.com/story/show/72615564',
  owner_ids: [ 660523 ],
  labels: [],
  owned_by_id: 660523 }
storyData { kind: 'story',
  id: 70764104,
  created_at: 1399386688000,
  updated_at: 1403019335000,
  estimate: 5,
  story_type: 'feature',
  name: 'Varnish Layer For API Consumers (i.e. National)',
  current_state: 'unscheduled',
  requested_by_id: 660523,
  project_id: 786811,
  url: 'https://www.pivotaltracker.com/story/show/70764104',
  owner_ids: [],
  labels: [] }
storyData { kind: 'story',
  id: 73591324,
  created_at: 1403218807000,
  updated_at: 1404832948000,
  story_type: 'bug',
  name: 'I get the prompt to install on homescreen after I\'ve already done it. ',
  description: 'When I go to national.deseretnews.com on my mobile phone (iphone) I see the prompt to install on my homescreen, when I have already done this. Can we set a cookie once a user has already installed on their homescreen? ',
  current_state: 'unscheduled',
  requested_by_id: 1074109,
  project_id: 786811,
  url: 'https://www.pivotaltracker.com/story/show/73591324',
  owner_ids: [],
  labels: 
   [ { id: 8150100,
       project_id: 786811,
       kind: 'label',
       name: 'dn_national',
       created_at: 1396932366000,
       updated_at: 1396932366000 },
     { id: 8094606,
       project_id: 786811,
       kind: 'label',
       name: 'softserve',
       created_at: 1396364382000,
       updated_at: 1396364382000 } ] }
storyData { kind: 'story',
  id: 74244728,
  created_at: 1404236877000,
  updated_at: 1404832948000,
  story_type: 'feature',
  name: 'National: Place focus in search field when search is selected. ',
  description: 'As a user I would like the focus automatically placed in the search box when I click on the search icon. \nhttp://screencast.com/t/Q5DMaWlotovR',
  current_state: 'unscheduled',
  requested_by_id: 1074109,
  project_id: 786811,
  url: 'https://www.pivotaltracker.com/story/show/74244728',
  owner_ids: [],
  labels: 
   [ { id: 8150100,
       project_id: 786811,
       kind: 'label',
       name: 'dn_national',
       created_at: 1396932366000,
       updated_at: 1396932366000 },
     { id: 8094606,
       project_id: 786811,
       kind: 'label',
       name: 'softserve',
       created_at: 1396364382000,
       updated_at: 1396364382000 } ] }
storyData { kind: 'story',
  id: 73925762,
  created_at: 1403731526000,
  updated_at: 1403731536000,
  story_type: 'feature',
  name: 'National: Ad Visual Revenue code to National',
  description: 'Waiting on contract and code from Brett\n',
  current_state: 'unscheduled',
  requested_by_id: 1074109,
  project_id: 786811,
  url: 'https://www.pivotaltracker.com/story/show/73925762',
  owner_ids: [],
  labels: [] }
storyData { kind: 'story',
  id: 73347908,
  created_at: 1402955202000,
  updated_at: 1403194969000,
  story_type: 'feature',
  name: 'Investigate how we can improve the app notification badge UX',
  description: 'When a user does not see the homescreen notification a red badge appears on the app icon. The problem is that when the user opens the app they don\'t get directed to the specific story nor is there a number of notifications missed. ',
  current_state: 'unscheduled',
  requested_by_id: 1074109,
  project_id: 786811,
  url: 'https://www.pivotaltracker.com/story/show/73347908',
  owner_ids: [],
  labels: 
   [ { id: 8206336,
       project_id: 786811,
       kind: 'label',
       name: 'dn_local',
       created_at: 1397499914000,
       updated_at: 1397499914000 },
     { id: 8732204,
       project_id: 786811,
       kind: 'label',
       name: 'push_notifications',
       created_at: 1402955086000,
       updated_at: 1402955086000 } ] }
storyData { kind: 'story',
  id: 73347774,
  created_at: 1402955086000,
  updated_at: 1403194969000,
  story_type: 'feature',
  name: 'Add log to push notifications',
  description: 'As a web producer I would like to know what content historically has been pushed via app notification. I would like to see the following information in the log: \n\n1. Headline (link to the story in the CMS)\n2. Date / TimeStamp of the push notification\n3. Author (who pushed the notification)',
  current_state: 'unscheduled',
  requested_by_id: 1074109,
  project_id: 786811,
  url: 'https://www.pivotaltracker.com/story/show/73347774',
  owner_ids: [],
  labels: 
   [ { id: 8206336,
       project_id: 786811,
       kind: 'label',
       name: 'dn_local',
       created_at: 1397499914000,
       updated_at: 1397499914000 },
     { id: 8732204,
       project_id: 786811,
       kind: 'label',
       name: 'push_notifications',
       created_at: 1402955086000,
       updated_at: 1402955086000 } ] }
storyData { kind: 'story',
  id: 74868680,
  created_at: 1405099135000,
  updated_at: 1405099303000,
  story_type: 'feature',
  name: 'Cfan - Terms and Privacy',
  description: 'As a user I would like the ability to read the terms of use and privacy policy for CougarFan.com\n\nWhen I go to the footer I see a link labeled: Terms & Privacy\n\nWhen I click the link I am directed to cougarfan.com/terms&privacy\n\nSee the mockup for the layout of the page which includes both the terms of use and privacy policy. Also attached is the actual text that can be used to copy and paste. ',
  current_state: 'unscheduled',
  requested_by_id: 1074109,
  project_id: 786811,
  url: 'https://www.pivotaltracker.com/story/show/74868680',
  owner_ids: [],
  labels: 
   [ { id: 8838778,
       project_id: 786811,
       kind: 'label',
       name: 'cougar-mvp',
       created_at: 1404162094000,
       updated_at: 1404162094000 },
     { id: 8926702,
       project_id: 786811,
       kind: 'label',
       name: 'privacy',
       created_at: 1405099300000,
       updated_at: 1405099300000 },
     { id: 8926698,
       project_id: 786811,
       kind: 'label',
       name: 'terms',
       created_at: 1405099294000,
       updated_at: 1405099294000 } ] }
storyData { kind: 'story',
  id: 74868668,
  created_at: 1405099127000,
  updated_at: 1405101190000,
  story_type: 'feature',
  name: 'Cfan - Metadata',
  description: 'As PO, I would like the following metadata added to help with SEO and the ability for users to find Cougarfan in search results: \n\nMeta-Title:  "The Fan\'s Choice for BYU Sports"\n\nMeta-Description: "The fan\'s source for BYU Cougars news. Coverage of BYU football, BYU basketball and all other BYU Cougars sports from local and national sports and media websites."\n',
  current_state: 'unscheduled',
  requested_by_id: 1074109,
  project_id: 786811,
  url: 'https://www.pivotaltracker.com/story/show/74868668',
  owner_ids: [],
  labels: 
   [ { id: 8838778,
       project_id: 786811,
       kind: 'label',
       name: 'cougar-mvp',
       created_at: 1404162094000,
       updated_at: 1404162094000 },
     { id: 8250320,
       project_id: 786811,
       kind: 'label',
       name: 'metadata',
       created_at: 1398095619000,
       updated_at: 1398095619000 } ] }
storyData { kind: 'story',
  id: 74868646,
  created_at: 1405099114000,
  updated_at: 1405099145000,
  story_type: 'feature',
  name: 'Cfan- Fav Icon',
  current_state: 'unscheduled',
  requested_by_id: 1074109,
  project_id: 786811,
  url: 'https://www.pivotaltracker.com/story/show/74868646',
  owner_ids: [],
  labels: [] }
storyData { kind: 'story',
  id: 74783100,
  created_at: 1405006595000,
  updated_at: 1405099145000,
  story_type: 'feature',
  name: 'National: Add DFP tag to photo slideshow',
  description: 'As GM I would like to add an ad slot to the image gallery. \n\nWhen I go to the image gallery (slideshow) I see a 300x250 ad to the right of the photo and under the photo caption. There is also a link to "Report this ad" that, when clicked, directs the user to: http://national.deseretnews.com/adreport',
  current_state: 'unscheduled',
  requested_by_id: 1074109,
  project_id: 786811,
  url: 'https://www.pivotaltracker.com/story/show/74783100',
  owner_ids: [],
  labels: 
   [ { id: 8317320,
       project_id: 786811,
       kind: 'label',
       name: 'ads',
       created_at: 1398792741000,
       updated_at: 1398792741000 },
     { id: 8150100,
       project_id: 786811,
       kind: 'label',
       name: 'dn_national',
       created_at: 1396932366000,
       updated_at: 1396932366000 } ] }
storyData { kind: 'story',
  id: 74735428,
  created_at: 1404942020000,
  updated_at: 1405098765000,
  story_type: 'feature',
  name: 'Cfan - Advertise with Us form',
  description: 'As a user I would like to know how I can partner with CougarFan to advertise. \n\nWhen I go to CougarFan.com I see a link in the footer, "Advertise with us". \n\nWhen I click on the link I go to Cougarfan.com/advertise \n\nSee the attached mockup. When I click the email address "advertise@cougarfan.com" my email client opens withe the "advertise@cougarfan.com" placed in the "to" field. ',
  current_state: 'unscheduled',
  requested_by_id: 1074109,
  project_id: 786811,
  url: 'https://www.pivotaltracker.com/story/show/74735428',
  owner_ids: [],
  labels: 
   [ { id: 8838778,
       project_id: 786811,
       kind: 'label',
       name: 'cougar-mvp',
       created_at: 1404162094000,
       updated_at: 1404162094000 } ] }
storyData { kind: 'story',
  id: 74732400,
  created_at: 1404939867000,
  updated_at: 1405098934000,
  story_type: 'feature',
  name: 'Cfan - Advertise feedback form',
  description: 'As a user I would like to notify cougarfan when I am served an inappropriate advertisement. \n\nWhen I go to CougarFan.com and see an advertisement I see "Report this ad" under the ad.  \n\nWhen I click on the link "Report this ad" I am taken to cougarfan.com/ad-feedback\n\nSee the attached mockup. When I click the email address "feedback@cougarfan.com" my email client opens withe the "feedback@cougarfan.com" placed in the "to" field. ',
  current_state: 'unscheduled',
  requested_by_id: 1074109,
  project_id: 786811,
  url: 'https://www.pivotaltracker.com/story/show/74732400',
  owner_ids: [],
  labels: 
   [ { id: 8838778,
       project_id: 786811,
       kind: 'label',
       name: 'cougar-mvp',
       created_at: 1404162094000,
       updated_at: 1404162094000 } ] }
storyData { kind: 'story',
  id: 74727746,
  created_at: 1404936415000,
  updated_at: 1404936448000,
  story_type: 'feature',
  name: 'Cfan - Add Footer links',
  description: 'As a user I would like links in the footer for terms / privacy as well as advertising info. \n\nWhen I click on privacy I see a static page with the privacy policy information (see attached)\n\nWhen I click on "Advertise with us" I see a static page for information about advertising on CougarFan.com  (see attached)',
  current_state: 'unscheduled',
  requested_by_id: 1074109,
  project_id: 786811,
  url: 'https://www.pivotaltracker.com/story/show/74727746',
  owner_ids: [],
  labels: 
   [ { id: 8838778,
       project_id: 786811,
       kind: 'label',
       name: 'cougar-mvp',
       created_at: 1404162094000,
       updated_at: 1404162094000 } ] }
storyData { kind: 'story',
  id: 74727628,
  created_at: 1404936276000,
  updated_at: 1405098987000,
  story_type: 'bug',
  name: 'Cfan: site moves to mobile view too fast',
  description: 'The break point for  the "mobile" version seems to be occurring too soon. ',
  current_state: 'unscheduled',
  requested_by_id: 1074109,
  project_id: 786811,
  url: 'https://www.pivotaltracker.com/story/show/74727628',
  owner_ids: [],
  labels: 
   [ { id: 8838778,
       project_id: 786811,
       kind: 'label',
       name: 'cougar-mvp',
       created_at: 1404162094000,
       updated_at: 1404162094000 } ] }
storyData { kind: 'story',
  id: 73071802,
  created_at: 1402508448000,
  updated_at: 1405099051000,
  estimate: 2,
  story_type: 'feature',
  name: 'CougarFan: DFP Ads Desktop',
  description: 'As PO I would like ads placed in the various locations in the mockups along with the "Report this ad" text under the ad which should direct the user to cougarfan.com/ad-feedback',
  current_state: 'unscheduled',
  requested_by_id: 1074109,
  project_id: 786811,
  url: 'https://www.pivotaltracker.com/story/show/73071802',
  owner_ids: [],
  labels: 
   [ { id: 8838778,
       project_id: 786811,
       kind: 'label',
       name: 'cougar-mvp',
       created_at: 1404162094000,
       updated_at: 1404162094000 } ] }
storyData { kind: 'story',
  id: 73172282,
  created_at: 1402613224000,
  updated_at: 1405099064000,
  estimate: 2,
  story_type: 'feature',
  name: 'CougarFan: DFP Ads - Mobile',
  description: 'As PO I would like ads placed in the various locations in the mockups along with the "Report this ad" text under the ad which should direct the user to cougarfan.com/ad-feedback',
  current_state: 'unscheduled',
  requested_by_id: 1074109,
  project_id: 786811,
  url: 'https://www.pivotaltracker.com/story/show/73172282',
  owner_ids: [],
  labels: 
   [ { id: 8838778,
       project_id: 786811,
       kind: 'label',
       name: 'cougar-mvp',
       created_at: 1404162094000,
       updated_at: 1404162094000 } ] }
storyData { kind: 'story',
  id: 73071378,
  created_at: 1402508397000,
  updated_at: 1404936441000,
  story_type: 'feature',
  name: 'CougarFan: YouTube integration',
  description: 'As a user I would like to see the latest YouTube video content on the CougarFan homepage. ',
  current_state: 'unscheduled',
  requested_by_id: 1074109,
  project_id: 786811,
  url: 'https://www.pivotaltracker.com/story/show/73071378',
  owner_ids: [],
  labels: 
   [ { id: 8672136,
       project_id: 786811,
       kind: 'label',
       name: 'cougarfan',
       created_at: 1402593224000,
       updated_at: 1402593224000 } ] }
storyData { kind: 'story',
  id: 73071372,
  created_at: 1402508384000,
  updated_at: 1404832692000,
  story_type: 'feature',
  name: 'CougarFan: Fan Poll',
  current_state: 'unscheduled',
  requested_by_id: 1074109,
  project_id: 786811,
  url: 'https://www.pivotaltracker.com/story/show/73071372',
  owner_ids: [],
  labels: 
   [ { id: 8672136,
       project_id: 786811,
       kind: 'label',
       name: 'cougarfan',
       created_at: 1402593224000,
       updated_at: 1402593224000 } ] }
storyData { kind: 'story',
  id: 73078824,
  created_at: 1402513133000,
  updated_at: 1404832701000,
  story_type: 'feature',
  name: 'CougarFan: Disussion Board Authentication',
  current_state: 'unscheduled',
  requested_by_id: 1074109,
  project_id: 786811,
  url: 'https://www.pivotaltracker.com/story/show/73078824',
  owner_ids: [],
  labels: 
   [ { id: 8672136,
       project_id: 786811,
       kind: 'label',
       name: 'cougarfan',
       created_at: 1402593224000,
       updated_at: 1402593224000 } ] }
storyData { kind: 'story',
  id: 73085572,
  created_at: 1402518222000,
  updated_at: 1404832714000,
  story_type: 'feature',
  name: 'CougarFan: Email Newsletter - Mobile',
  current_state: 'unscheduled',
  requested_by_id: 1074109,
  project_id: 786811,
  url: 'https://www.pivotaltracker.com/story/show/73085572',
  owner_ids: [],
  labels: 
   [ { id: 8672136,
       project_id: 786811,
       kind: 'label',
       name: 'cougarfan',
       created_at: 1402593224000,
       updated_at: 1402593224000 } ] }
storyData { kind: 'story',
  id: 73149628,
  created_at: 1402594885000,
  updated_at: 1403011636000,
  story_type: 'feature',
  name: 'CougarFan: Story banner',
  description: 'As a user I would like to open clicked links from CougarFan.com in a CougarFan banner. This will allow me to navigation to the next and previous article. \n\nWe will have to figure out a URL convention for this. This is what the current CougarFan site is doing. \n\nOriginal Article URL: http://www.deseretnews.com/article/865604904/BYU-football-BYU-lands-JUCO-safety-prospect-Khari-Vanderbilt.html\n\nURL in CougarFan banner: http://cougarfan.com/article.asp?ArtID=88541&URL=http://goo.gl/UyRcHg\n\nSee the attachment for more details. ',
  current_state: 'unscheduled',
  requested_by_id: 1074109,
  project_id: 786811,
  url: 'https://www.pivotaltracker.com/story/show/73149628',
  owner_ids: [],
  labels: 
   [ { id: 8672136,
       project_id: 786811,
       kind: 'label',
       name: 'cougarfan',
       created_at: 1402593224000,
       updated_at: 1402593224000 } ] }
storyData { kind: 'story',
  id: 73078768,
  created_at: 1402513120000,
  updated_at: 1404826848000,
  story_type: 'feature',
  name: 'CougarFan: Create HTML / CSS for  iFrame Discussion Boards',
  description: 'As a user I would like to access the Discussion boards on CouagarFan using the same login as the current site. \n\nThis is just an iframe of the current site sitting in the new site',
  current_state: 'unscheduled',
  requested_by_id: 1074109,
  project_id: 786811,
  url: 'https://www.pivotaltracker.com/story/show/73078768',
  owner_ids: [],
  labels: 
   [ { id: 8672136,
       project_id: 786811,
       kind: 'label',
       name: 'cougarfan',
       created_at: 1402593224000,
       updated_at: 1402593224000 } ] }
storyData { kind: 'story',
  id: 73071576,
  created_at: 1402508420000,
  updated_at: 1404228524000,
  estimate: 1,
  story_type: 'feature',
  name: 'CougarFan: Hero Image rotation',
  description: 'As a user I would like to quickly recognize that the CougarFan site is all about BYU Cougar sports content. \n\nRotate on homepage load or homepage refresh a new image in the \'Hero Image\' location. \n\nThere are ~20 images available to use. More will be provided later. \n\nYou can access the images here: https://drive.google.com/a/deseretdigital.com/folderview?id=0B0gxcQovki6iczFpSXhUZ3Z0SDA&usp=sharing',
  current_state: 'unscheduled',
  requested_by_id: 1074109,
  project_id: 786811,
  url: 'https://www.pivotaltracker.com/story/show/73071576',
  owner_ids: [],
  labels: 
   [ { id: 8672136,
       project_id: 786811,
       kind: 'label',
       name: 'cougarfan',
       created_at: 1402593224000,
       updated_at: 1402593224000 } ] }
storyData { kind: 'story',
  id: 72916568,
  created_at: 1402346827000,
  updated_at: 1403623103000,
  story_type: 'chore',
  name: 'Refactor Tile JS to use latest libraries',
  current_state: 'unscheduled',
  requested_by_id: 955157,
  project_id: 786811,
  url: 'https://www.pivotaltracker.com/story/show/72916568',
  owner_ids: [],
  labels: [] }
storyData { kind: 'story',
  id: 74227836,
  created_at: 1404224450000,
  updated_at: 1404224462000,
  story_type: 'chore',
  name: 'Add enter-to-exit/save to textarea',
  current_state: 'unscheduled',
  requested_by_id: 955157,
  project_id: 786811,
  url: 'https://www.pivotaltracker.com/story/show/74227836',
  owner_ids: [],
  labels: [] }
storyData { kind: 'story',
  id: 74609772,
  created_at: 1404831158000,
  updated_at: 1404831202000,
  story_type: 'release',
  name: '⇧ Carmony\'s Magical Icebox of Amazingness ⇧',
  current_state: 'unscheduled',
  requested_by_id: 660523,
  project_id: 786811,
  url: 'https://www.pivotaltracker.com/story/show/74609772',
  owner_ids: [],
  labels: [] }
resolved!
Final pivotal stories resolve
repo resolved common-cms-ui
repo resolved common-cms
Parse for pivotal stories common-cms
Parse for pivotal stories common-cms-ui
repoStories common-cms ***************** { '70341270': '70341270',
  '73432884': '73432884',
  '73801144': '73801144',
  '74313548': '74313548',
  '74790510': '74790510' }
repoStories common-cms-ui ***************** {}
Resolved get stories!
Story before getLabels 74908770
Story before getLabels 74908774
Story before getLabels 74908778
Story before getLabels 74908782
Story before getLabels 74908786
Story before getLabels 73359448
Story before getLabels 73476958
Story before getLabels 73359448
Story before getLabels 73432814
Story before getLabels 73432884
Story before getLabels 73432928
Story before getLabels 73352210
Story before getLabels 70341270
[90mGET /project/common-cms [31m500 [90m6764.575 ms - -[0m
